66.249.79.122 - - [18/Feb/2018:04:46:34 +0000] "GET / HTTP/1.1" 200 1797 "-" "Mozilla/5.0 (Linux; Android 6.0.1; Nexus 5X Build/MMB29P) AppleWebKit/537.36 (KHTML, like Gecko) Chrome/41.0.2272.96 Mobile Safari/537.36 (compatible; Googlebot/2.1; +http://www.google.com/bot.html)"
113.147.67.193 - - [18/Feb/2018:04:48:59 +0000] "GET / HTTP/1.1" 200 1800 "-" "Mozilla/5.0 (Macintosh; Intel Mac OS X 10_13_3) AppleWebKit/537.36 (KHTML, like Gecko) Chrome/64.0.3282.167 Safari/537.36"
113.147.67.193 - - [18/Feb/2018:04:49:22 +0000] "GET / HTTP/1.1" 200 1820 "-" "Mozilla/5.0 (Macintosh; Intel Mac OS X 10_13_3) AppleWebKit/537.36 (KHTML, like Gecko) Chrome/64.0.3282.167 Safari/537.36"
113.147.67.193 - - [18/Feb/2018:04:50:09 +0000] "GET / HTTP/1.1" 200 1808 "-" "Mozilla/5.0 (Macintosh; Intel Mac OS X 10_13_3) AppleWebKit/537.36 (KHTML, like Gecko) Chrome/64.0.3282.167 Safari/537.36"
113.147.67.193 - - [18/Feb/2018:04:54:35 +0000] "GET / HTTP/1.1" 200 1812 "-" "Mozilla/5.0 (Macintosh; Intel Mac OS X 10_13_3) AppleWebKit/537.36 (KHTML, like Gecko) Chrome/64.0.3282.167 Safari/537.36"
113.147.67.193 - - [18/Feb/2018:04:59:14 +0000] "GET / HTTP/1.1" 200 1824 "-" "Mozilla/5.0 (Macintosh; Intel Mac OS X 10_13_3) AppleWebKit/537.36 (KHTML, like Gecko) Chrome/64.0.3282.167 Safari/537.36"
113.147.67.193 - - [18/Feb/2018:05:01:51 +0000] "GET / HTTP/1.1" 200 1805 "-" "Mozilla/5.0 (Macintosh; Intel Mac OS X 10_13_3) AppleWebKit/537.36 (KHTML, like Gecko) Chrome/64.0.3282.167 Safari/537.36"
113.147.67.193 - - [18/Feb/2018:05:02:57 +0000] "GET / HTTP/1.1" 200 1827 "-" "Mozilla/5.0 (Macintosh; Intel Mac OS X 10_13_3) AppleWebKit/537.36 (KHTML, like Gecko) Chrome/64.0.3282.167 Safari/537.36"
113.147.67.193 - - [18/Feb/2018:05:05:37 +0000] "GET / HTTP/1.1" 200 1803 "-" "Mozilla/5.0 (Macintosh; Intel Mac OS X 10_13_3) AppleWebKit/537.36 (KHTML, like Gecko) Chrome/64.0.3282.167 Safari/537.36"
113.147.67.193 - - [18/Feb/2018:05:05:53 +0000] "GET / HTTP/1.1" 200 1802 "-" "Mozilla/5.0 (Macintosh; Intel Mac OS X 10_13_3) AppleWebKit/537.36 (KHTML, like Gecko) Chrome/64.0.3282.167 Safari/537.36"
113.147.67.193 - - [18/Feb/2018:05:15:13 +0000] "GET / HTTP/1.1" 200 1811 "-" "Mozilla/5.0 (Macintosh; Intel Mac OS X 10_13_3) AppleWebKit/537.36 (KHTML, like Gecko) Chrome/64.0.3282.167 Safari/537.36"
113.147.67.193 - - [18/Feb/2018:05:17:01 +0000] "GET / HTTP/1.1" 200 1806 "-" "Mozilla/5.0 (Macintosh; Intel Mac OS X 10_13_3) AppleWebKit/537.36 (KHTML, like Gecko) Chrome/64.0.3282.167 Safari/537.36"
113.147.67.193 - - [18/Feb/2018:05:18:50 +0000] "GET / HTTP/1.1" 200 1806 "-" "Mozilla/5.0 (Macintosh; Intel Mac OS X 10_13_3) AppleWebKit/537.36 (KHTML, like Gecko) Chrome/64.0.3282.167 Safari/537.36"
113.147.67.193 - - [18/Feb/2018:05:22:11 +0000] "GET / HTTP/1.1" 200 1816 "-" "Mozilla/5.0 (Macintosh; Intel Mac OS X 10_13_3) AppleWebKit/537.36 (KHTML, like Gecko) Chrome/64.0.3282.167 Safari/537.36"
113.147.67.193 - - [18/Feb/2018:05:25:14 +0000] "GET / HTTP/1.1" 200 1806 "-" "Mozilla/5.0 (Macintosh; Intel Mac OS X 10_13_3) AppleWebKit/537.36 (KHTML, like Gecko) Chrome/64.0.3282.167 Safari/537.36"
113.147.67.193 - - [18/Feb/2018:05:34:14 +0000] "GET / HTTP/1.1" 200 1812 "-" "Mozilla/5.0 (Macintosh; Intel Mac OS X 10_13_3) AppleWebKit/537.36 (KHTML, like Gecko) Chrome/64.0.3282.167 Safari/537.36"
113.147.67.193 - - [18/Feb/2018:05:38:04 +0000] "GET / HTTP/1.1" 200 1803 "-" "Mozilla/5.0 (Macintosh; Intel Mac OS X 10_13_3) AppleWebKit/537.36 (KHTML, like Gecko) Chrome/64.0.3282.167 Safari/537.36"
113.147.67.193 - - [18/Feb/2018:05:45:21 +0000] "GET / HTTP/1.1" 200 1815 "-" "Mozilla/5.0 (Macintosh; Intel Mac OS X 10_13_3) AppleWebKit/537.36 (KHTML, like Gecko) Chrome/64.0.3282.167 Safari/537.36"
66.249.79.118 - - [18/Feb/2018:05:47:14 +0000] "GET / HTTP/1.1" 200 1816 "-" "Mozilla/5.0 (compatible; Googlebot/2.1; +http://www.google.com/bot.html)"
113.147.67.193 - - [18/Feb/2018:05:50:55 +0000] "GET / HTTP/1.1" 200 1811 "-" "Mozilla/5.0 (Macintosh; Intel Mac OS X 10_13_3) AppleWebKit/537.36 (KHTML, like Gecko) Chrome/64.0.3282.167 Safari/537.36"
113.147.67.193 - - [18/Feb/2018:05:53:44 +0000] "GET / HTTP/1.1" 200 1816 "-" "Mozilla/5.0 (Macintosh; Intel Mac OS X 10_13_3) AppleWebKit/537.36 (KHTML, like Gecko) Chrome/64.0.3282.167 Safari/537.36"
1.75.0.36 - - [18/Feb/2018:06:10:18 +0000] "GET / HTTP/1.1" 499 0 "http://arbcoin.live/" "Mozilla/5.0 (iPhone; CPU iPhone OS 11_2 like Mac OS X) AppleWebKit/604.4.7 (KHTML, like Gecko) Version/11.0 Mobile/15C114 Safari/604.1"
1.75.0.36 - - [18/Feb/2018:06:10:20 +0000] "GET / HTTP/1.1" 200 1826 "http://arbcoin.live/" "Mozilla/5.0 (iPhone; CPU iPhone OS 11_2 like Mac OS X) AppleWebKit/604.4.7 (KHTML, like Gecko) Version/11.0 Mobile/15C114 Safari/604.1"
1.75.0.36 - - [18/Feb/2018:06:10:21 +0000] "GET / HTTP/1.1" 200 1820 "-" "Mozilla/5.0 (iPhone; CPU iPhone OS 11_2 like Mac OS X) AppleWebKit/604.4.7 (KHTML, like Gecko) Version/11.0 Mobile/15C114 Safari/604.1"
1.75.0.36 - - [18/Feb/2018:06:18:59 +0000] "GET / HTTP/1.1" 200 1796 "http://arbcoin.live/" "Mozilla/5.0 (iPhone; CPU iPhone OS 11_2 like Mac OS X) AppleWebKit/604.4.7 (KHTML, like Gecko) Version/11.0 Mobile/15C114 Safari/604.1"
1.75.0.36 - - [18/Feb/2018:06:18:59 +0000] "GET / HTTP/1.1" 200 1801 "-" "Mozilla/5.0 (iPhone; CPU iPhone OS 11_2 like Mac OS X) AppleWebKit/604.4.7 (KHTML, like Gecko) Version/11.0 Mobile/15C114 Safari/604.1"
95.221.179.244 - - [18/Feb/2018:06:46:16 +0000] "GET / HTTP/1.1" 200 1812 "http://yandex.ru/clck/jsredir?from=yandex.ru%3Bsearch%3Bweb%3B%3B&text=&etext=1701.11BfGMIa-b-xxk97iNCDLNud2meDm1dOAgxRLRDOC_OosvPkf8zkljfP8cSi5lyd.b490013d6353b794b92e0cf4e25e5e11b030efed&uuid=&state=_BLhILn4SxNIvvL0W45KSic66uCIg23qh8iRG98qeIXmeppkgUc0YGHEttDsYq_w3pSJtejupWg&data=UlNrNmk5WktYejR0eWJFYk1LdmtxcnJDNi1SSUFFNGlPZUVjVWlmMU1Rc2JrOFhGR25nLU5TdDhibkxDakhMd2MtNXdiZDdxZHdmQnRZZC1VQTA1OHVEc2d4Yl9NTjVY&b64e=2&sign=6f31740d7e1b5205e656ef5f0033e5b0&keyno=0&cst=AiuY0DBWFJ7IXge4WdYJQYpgPUyh7uQlOalVpGCEkCnQyRPaO9Z43o4savioA8yvgX5g6cqcpYsL22JTIEP0W7MEPFKj-OxLOnD_LtDUjhyRwU2vTbL8o7c1cvB2CjJuZj7iRlYEdNGJ-eDvKLalH7d-67eNh432&ref=orjY4mGPRjk5boDnW0uvlrrd71vZw9kp5uQozpMtKCXdCnh-_wii4caeDtfSFgJLFLUbFmamAjMt_yHZZ_8KbP8j5AIvnW0aAwLVLfQ9GwXgLcFmAyYhqg&l10n=ru&cts=1518931117071&mc=6.03761693273" "Mozilla/4.0 (compatible; MSIE 8.0; Windows NT 6.1; Trident/4.0; SLCC2; .NET CLR 2.0.50727; .NET CLR 3.5.30729; .NET CLR 3.0.30729; Media Center PC 6.0)"
66.249.79.122 - - [18/Feb/2018:06:48:35 +0000] "GET / HTTP/1.1" 200 1799 "-" "Mozilla/5.0 (Linux; Android 6.0.1; Nexus 5X Build/MMB29P) AppleWebKit/537.36 (KHTML, like Gecko) Chrome/41.0.2272.96 Mobile Safari/537.36 (compatible; Googlebot/2.1; +http://www.google.com/bot.html)"
1.75.0.36 - - [18/Feb/2018:06:49:58 +0000] "GET / HTTP/1.1" 200 1813 "-" "Mozilla/5.0 (iPhone; CPU iPhone OS 11_2 like Mac OS X) AppleWebKit/604.4.7 (KHTML, like Gecko) Version/11.0 Mobile/15C114 Safari/604.1"
1.75.0.36 - - [18/Feb/2018:06:49:58 +0000] "GET / HTTP/1.1" 200 1815 "http://arbcoin.live/" "Mozilla/5.0 (iPhone; CPU iPhone OS 11_2 like Mac OS X) AppleWebKit/604.4.7 (KHTML, like Gecko) Version/11.0 Mobile/15C114 Safari/604.1"
1.75.0.36 - - [18/Feb/2018:06:50:08 +0000] "GET / HTTP/1.1" 200 1817 "-" "Mozilla/5.0 (iPhone; CPU iPhone OS 11_2 like Mac OS X) AppleWebKit/604.4.7 (KHTML, like Gecko) Version/11.0 Mobile/15C114 Safari/604.1"
1.75.0.36 - - [18/Feb/2018:06:50:08 +0000] "GET / HTTP/1.1" 200 1811 "http://arbcoin.live/" "Mozilla/5.0 (iPhone; CPU iPhone OS 11_2 like Mac OS X) AppleWebKit/604.4.7 (KHTML, like Gecko) Version/11.0 Mobile/15C114 Safari/604.1"
1.75.0.36 - - [18/Feb/2018:06:56:14 +0000] "GET / HTTP/1.1" 200 1819 "http://arbcoin.live/" "Mozilla/5.0 (iPhone; CPU iPhone OS 11_2 like Mac OS X) AppleWebKit/604.4.7 (KHTML, like Gecko) Version/11.0 Mobile/15C114 Safari/604.1"
1.75.0.36 - - [18/Feb/2018:06:56:14 +0000] "GET / HTTP/1.1" 200 1819 "-" "Mozilla/5.0 (iPhone; CPU iPhone OS 11_2 like Mac OS X) AppleWebKit/604.4.7 (KHTML, like Gecko) Version/11.0 Mobile/15C114 Safari/604.1"
1.75.0.36 - - [18/Feb/2018:06:56:24 +0000] "GET / HTTP/1.1" 200 1814 "-" "Mozilla/5.0 (iPhone; CPU iPhone OS 11_2 like Mac OS X) AppleWebKit/604.4.7 (KHTML, like Gecko) Version/11.0 Mobile/15C114 Safari/604.1"
1.75.0.36 - - [18/Feb/2018:06:56:24 +0000] "GET / HTTP/1.1" 200 1821 "http://arbcoin.live/" "Mozilla/5.0 (iPhone; CPU iPhone OS 11_2 like Mac OS X) AppleWebKit/604.4.7 (KHTML, like Gecko) Version/11.0 Mobile/15C114 Safari/604.1"
49.98.154.220 - - [18/Feb/2018:07:32:21 +0000] "GET / HTTP/1.1" 200 1814 "-" "Mozilla/5.0 (Macintosh; Intel Mac OS X 10_13_3) AppleWebKit/537.36 (KHTML, like Gecko) Chrome/64.0.3282.167 Safari/537.36"
1.66.97.213 - - [18/Feb/2018:07:36:28 +0000] "GET / HTTP/1.1" 200 1801 "-" "Mozilla/5.0 (Macintosh; Intel Mac OS X 10_13_3) AppleWebKit/537.36 (KHTML, like Gecko) Chrome/64.0.3282.167 Safari/537.36"
1.66.97.213 - - [18/Feb/2018:07:36:33 +0000] "GET / HTTP/1.1" 200 1802 "-" "Mozilla/5.0 (Macintosh; Intel Mac OS X 10_13_3) AppleWebKit/537.36 (KHTML, like Gecko) Chrome/64.0.3282.167 Safari/537.36"
1.66.97.213 - - [18/Feb/2018:07:41:35 +0000] "GET / HTTP/1.1" 200 1811 "-" "Mozilla/5.0 (Macintosh; Intel Mac OS X 10_13_3) AppleWebKit/537.36 (KHTML, like Gecko) Chrome/64.0.3282.167 Safari/537.36"
1.66.97.213 - - [18/Feb/2018:07:42:08 +0000] "GET / HTTP/1.1" 200 1809 "-" "Mozilla/5.0 (Macintosh; Intel Mac OS X 10_13_3) AppleWebKit/537.36 (KHTML, like Gecko) Chrome/64.0.3282.167 Safari/537.36"
1.66.97.213 - - [18/Feb/2018:07:46:00 +0000] "GET / HTTP/1.1" 200 1794 "-" "Mozilla/5.0 (Macintosh; Intel Mac OS X 10_13_3) AppleWebKit/537.36 (KHTML, like Gecko) Chrome/64.0.3282.167 Safari/537.36"
66.249.79.120 - - [18/Feb/2018:07:49:43 +0000] "GET / HTTP/1.1" 200 1808 "-" "Mozilla/5.0 (compatible; Googlebot/2.1; +http://www.google.com/bot.html)"
1.66.97.213 - - [18/Feb/2018:07:50:14 +0000] "GET / HTTP/1.1" 200 1830 "-" "Mozilla/5.0 (Macintosh; Intel Mac OS X 10_13_3) AppleWebKit/537.36 (KHTML, like Gecko) Chrome/64.0.3282.167 Safari/537.36"
1.66.97.213 - - [18/Feb/2018:07:50:44 +0000] "GET / HTTP/1.1" 200 1815 "-" "Mozilla/5.0 (Macintosh; Intel Mac OS X 10_13_3) AppleWebKit/537.36 (KHTML, like Gecko) Chrome/64.0.3282.167 Safari/537.36"
1.66.97.213 - - [18/Feb/2018:07:51:04 +0000] "GET / HTTP/1.1" 200 1815 "-" "Mozilla/5.0 (Macintosh; Intel Mac OS X 10_13_3) AppleWebKit/537.36 (KHTML, like Gecko) Chrome/64.0.3282.167 Safari/537.36"
1.66.97.213 - - [18/Feb/2018:07:51:10 +0000] "GET / HTTP/1.1" 200 1816 "-" "Mozilla/5.0 (Macintosh; Intel Mac OS X 10_13_3) AppleWebKit/537.36 (KHTML, like Gecko) Chrome/64.0.3282.167 Safari/537.36"
1.66.97.213 - - [18/Feb/2018:07:51:15 +0000] "GET / HTTP/1.1" 200 1815 "-" "Mozilla/5.0 (Macintosh; Intel Mac OS X 10_13_3) AppleWebKit/537.36 (KHTML, like Gecko) Chrome/64.0.3282.167 Safari/537.36"
1.66.97.213 - - [18/Feb/2018:07:53:45 +0000] "GET / HTTP/1.1" 200 1813 "-" "Mozilla/5.0 (Macintosh; Intel Mac OS X 10_13_3) AppleWebKit/537.36 (KHTML, like Gecko) Chrome/64.0.3282.167 Safari/537.36"
1.66.97.213 - - [18/Feb/2018:07:57:03 +0000] "GET / HTTP/1.1" 200 1789 "-" "Mozilla/5.0 (Macintosh; Intel Mac OS X 10_13_3) AppleWebKit/537.36 (KHTML, like Gecko) Chrome/64.0.3282.167 Safari/537.36"
1.66.97.213 - - [18/Feb/2018:07:57:39 +0000] "GET / HTTP/1.1" 200 1812 "-" "Mozilla/5.0 (Macintosh; Intel Mac OS X 10_13_3) AppleWebKit/537.36 (KHTML, like Gecko) Chrome/64.0.3282.167 Safari/537.36"
193.106.30.99 - - [18/Feb/2018:08:00:02 +0000] "GET /consystem.php HTTP/1.1" 404 746 "-" "Mozilla/5.0 (Windows NT 6.1; rv:34.0) Gecko/20100101 Firefox/34.0"
1.66.97.213 - - [18/Feb/2018:08:01:26 +0000] "GET / HTTP/1.1" 200 1816 "-" "Mozilla/5.0 (Macintosh; Intel Mac OS X 10_13_3) AppleWebKit/537.36 (KHTML, like Gecko) Chrome/64.0.3282.167 Safari/537.36"
1.66.97.213 - - [18/Feb/2018:08:01:51 +0000] "GET / HTTP/1.1" 200 1812 "-" "Mozilla/5.0 (Macintosh; Intel Mac OS X 10_13_3) AppleWebKit/537.36 (KHTML, like Gecko) Chrome/64.0.3282.167 Safari/537.36"
1.66.97.213 - - [18/Feb/2018:08:09:06 +0000] "GET / HTTP/1.1" 200 1807 "-" "Mozilla/5.0 (Macintosh; Intel Mac OS X 10_13_3) AppleWebKit/537.36 (KHTML, like Gecko) Chrome/64.0.3282.167 Safari/537.36"
1.66.97.213 - - [18/Feb/2018:08:48:24 +0000] "GET / HTTP/1.1" 200 1820 "-" "Mozilla/5.0 (iPhone; CPU iPhone OS 11_2 like Mac OS X) AppleWebKit/604.4.7 (KHTML, like Gecko) Version/11.0 Mobile/15C114 Safari/604.1"
1.66.97.213 - - [18/Feb/2018:08:48:24 +0000] "GET / HTTP/1.1" 200 1818 "http://arbcoin.live/" "Mozilla/5.0 (iPhone; CPU iPhone OS 11_2 like Mac OS X) AppleWebKit/604.4.7 (KHTML, like Gecko) Version/11.0 Mobile/15C114 Safari/604.1"
1.66.97.213 - - [18/Feb/2018:08:48:33 +0000] "GET / HTTP/1.1" 200 1797 "-" "Mozilla/5.0 (iPhone; CPU iPhone OS 11_2 like Mac OS X) AppleWebKit/604.4.7 (KHTML, like Gecko) Version/11.0 Mobile/15C114 Safari/604.1"
1.66.97.213 - - [18/Feb/2018:08:48:33 +0000] "GET / HTTP/1.1" 200 1797 "http://arbcoin.live/" "Mozilla/5.0 (iPhone; CPU iPhone OS 11_2 like Mac OS X) AppleWebKit/604.4.7 (KHTML, like Gecko) Version/11.0 Mobile/15C114 Safari/604.1"
1.66.97.213 - - [18/Feb/2018:08:56:55 +0000] "GET / HTTP/1.1" 200 1796 "http://arbcoin.live/" "Mozilla/5.0 (iPhone; CPU iPhone OS 11_2 like Mac OS X) AppleWebKit/604.4.7 (KHTML, like Gecko) Version/11.0 Mobile/15C114 Safari/604.1"
1.66.97.213 - - [18/Feb/2018:08:56:56 +0000] "GET / HTTP/1.1" 200 1803 "-" "Mozilla/5.0 (iPhone; CPU iPhone OS 11_2 like Mac OS X) AppleWebKit/604.4.7 (KHTML, like Gecko) Version/11.0 Mobile/15C114 Safari/604.1"
1.66.97.213 - - [18/Feb/2018:09:02:21 +0000] "GET / HTTP/1.1" 200 1806 "-" "Mozilla/5.0 (iPhone; CPU iPhone OS 11_2 like Mac OS X) AppleWebKit/604.4.7 (KHTML, like Gecko) Version/11.0 Mobile/15C114 Safari/604.1"
1.66.97.213 - - [18/Feb/2018:09:02:21 +0000] "GET / HTTP/1.1" 200 1798 "http://arbcoin.live/" "Mozilla/5.0 (iPhone; CPU iPhone OS 11_2 like Mac OS X) AppleWebKit/604.4.7 (KHTML, like Gecko) Version/11.0 Mobile/15C114 Safari/604.1"
103.5.140.174 - - [18/Feb/2018:09:07:41 +0000] "GET / HTTP/1.1" 200 1794 "-" "Mozilla/5.0 (Macintosh; Intel Mac OS X 10_13_3) AppleWebKit/537.36 (KHTML, like Gecko) Chrome/64.0.3282.167 Safari/537.36"
103.5.140.174 - - [18/Feb/2018:09:08:10 +0000] "GET / HTTP/1.1" 200 1794 "-" "Mozilla/5.0 (Macintosh; Intel Mac OS X 10_13_3) AppleWebKit/537.36 (KHTML, like Gecko) Chrome/64.0.3282.167 Safari/537.36"
103.5.140.174 - - [18/Feb/2018:09:12:04 +0000] "GET / HTTP/1.1" 200 1802 "-" "Mozilla/5.0 (Macintosh; Intel Mac OS X 10_13_3) AppleWebKit/537.36 (KHTML, like Gecko) Chrome/64.0.3282.167 Safari/537.36"
103.5.140.174 - - [18/Feb/2018:09:12:36 +0000] "GET / HTTP/1.1" 200 1813 "-" "Mozilla/5.0 (Macintosh; Intel Mac OS X 10_13_3) AppleWebKit/537.36 (KHTML, like Gecko) Chrome/64.0.3282.167 Safari/537.36"
103.5.140.174 - - [18/Feb/2018:09:12:41 +0000] "GET / HTTP/1.1" 200 1810 "-" "Mozilla/5.0 (Macintosh; Intel Mac OS X 10_13_3) AppleWebKit/537.36 (KHTML, like Gecko) Chrome/64.0.3282.167 Safari/537.36"
103.5.140.174 - - [18/Feb/2018:09:14:31 +0000] "GET / HTTP/1.1" 200 1822 "-" "Mozilla/5.0 (Macintosh; Intel Mac OS X 10_13_3) AppleWebKit/537.36 (KHTML, like Gecko) Chrome/64.0.3282.167 Safari/537.36"
103.5.140.174 - - [18/Feb/2018:09:14:56 +0000] "GET / HTTP/1.1" 200 1804 "-" "Mozilla/5.0 (Macintosh; Intel Mac OS X 10_13_3) AppleWebKit/537.36 (KHTML, like Gecko) Chrome/64.0.3282.167 Safari/537.36"
103.5.140.174 - - [18/Feb/2018:09:20:27 +0000] "GET / HTTP/1.1" 200 1810 "-" "Mozilla/5.0 (Macintosh; Intel Mac OS X 10_13_3) AppleWebKit/537.36 (KHTML, like Gecko) Chrome/64.0.3282.167 Safari/537.36"
103.5.140.174 - - [18/Feb/2018:09:28:53 +0000] "GET / HTTP/1.1" 200 1812 "-" "Mozilla/5.0 (Macintosh; Intel Mac OS X 10_13_3) AppleWebKit/537.36 (KHTML, like Gecko) Chrome/64.0.3282.167 Safari/537.36"
103.5.140.174 - - [18/Feb/2018:09:36:30 +0000] "GET / HTTP/1.1" 200 1809 "-" "Mozilla/5.0 (Macintosh; Intel Mac OS X 10_13_3) AppleWebKit/537.36 (KHTML, like Gecko) Chrome/64.0.3282.167 Safari/537.36"
103.5.140.174 - - [18/Feb/2018:09:42:11 +0000] "GET / HTTP/1.1" 200 1811 "-" "Mozilla/5.0 (Macintosh; Intel Mac OS X 10_13_3) AppleWebKit/537.36 (KHTML, like Gecko) Chrome/64.0.3282.167 Safari/537.36"
103.5.140.174 - - [18/Feb/2018:09:42:26 +0000] "GET / HTTP/1.1" 200 1821 "-" "Mozilla/5.0 (Macintosh; Intel Mac OS X 10_13_3) AppleWebKit/537.36 (KHTML, like Gecko) Chrome/64.0.3282.167 Safari/537.36"
103.5.140.174 - - [18/Feb/2018:09:52:40 +0000] "GET / HTTP/1.1" 200 1819 "-" "Mozilla/5.0 (Macintosh; Intel Mac OS X 10_13_3) AppleWebKit/537.36 (KHTML, like Gecko) Chrome/64.0.3282.167 Safari/537.36"
103.5.140.174 - - [18/Feb/2018:09:54:17 +0000] "GET / HTTP/1.1" 200 1797 "-" "Mozilla/5.0 (Macintosh; Intel Mac OS X 10_13_3) AppleWebKit/537.36 (KHTML, like Gecko) Chrome/64.0.3282.167 Safari/537.36"
103.5.140.174 - - [18/Feb/2018:09:59:00 +0000] "GET / HTTP/1.1" 200 1809 "-" "Mozilla/5.0 (Macintosh; Intel Mac OS X 10_13_3) AppleWebKit/537.36 (KHTML, like Gecko) Chrome/64.0.3282.167 Safari/537.36"
103.5.140.174 - - [18/Feb/2018:10:00:01 +0000] "GET / HTTP/1.1" 200 1814 "-" "Mozilla/5.0 (Macintosh; Intel Mac OS X 10_13_3) AppleWebKit/537.36 (KHTML, like Gecko) Chrome/64.0.3282.167 Safari/537.36"
103.5.140.174 - - [18/Feb/2018:10:00:09 +0000] "GET / HTTP/1.1" 200 1810 "-" "Mozilla/5.0 (Macintosh; Intel Mac OS X 10_13_3) AppleWebKit/537.36 (KHTML, like Gecko) Chrome/64.0.3282.167 Safari/537.36"
103.5.140.174 - - [18/Feb/2018:10:01:27 +0000] "GET / HTTP/1.1" 200 1810 "-" "Mozilla/5.0 (Macintosh; Intel Mac OS X 10_13_3) AppleWebKit/537.36 (KHTML, like Gecko) Chrome/64.0.3282.167 Safari/537.36"
103.5.140.174 - - [18/Feb/2018:10:05:33 +0000] "GET / HTTP/1.1" 200 1817 "-" "Mozilla/5.0 (Macintosh; Intel Mac OS X 10_13_3) AppleWebKit/537.36 (KHTML, like Gecko) Chrome/64.0.3282.167 Safari/537.36"
103.5.140.174 - - [18/Feb/2018:10:07:33 +0000] "GET / HTTP/1.1" 200 1829 "-" "Mozilla/5.0 (Macintosh; Intel Mac OS X 10_13_3) AppleWebKit/537.36 (KHTML, like Gecko) Chrome/64.0.3282.167 Safari/537.36"
103.5.140.174 - - [18/Feb/2018:10:11:10 +0000] "GET / HTTP/1.1" 200 1804 "-" "Mozilla/5.0 (Macintosh; Intel Mac OS X 10_13_3) AppleWebKit/537.36 (KHTML, like Gecko) Chrome/64.0.3282.167 Safari/537.36"
66.249.79.118 - - [18/Feb/2018:10:11:39 +0000] "GET / HTTP/1.1" 200 1819 "-" "Mozilla/5.0 (Linux; Android 6.0.1; Nexus 5X Build/MMB29P) AppleWebKit/537.36 (KHTML, like Gecko) Chrome/41.0.2272.96 Mobile Safari/537.36 (compatible; Googlebot/2.1; +http://www.google.com/bot.html)"
103.5.140.174 - - [18/Feb/2018:10:15:10 +0000] "GET / HTTP/1.1" 200 1826 "-" "Mozilla/5.0 (Macintosh; Intel Mac OS X 10_13_3) AppleWebKit/537.36 (KHTML, like Gecko) Chrome/64.0.3282.167 Safari/537.36"
103.5.140.174 - - [18/Feb/2018:10:16:52 +0000] "GET / HTTP/1.1" 200 1804 "-" "Mozilla/5.0 (Macintosh; Intel Mac OS X 10_13_3) AppleWebKit/537.36 (KHTML, like Gecko) Chrome/64.0.3282.167 Safari/537.36"
103.5.140.174 - - [18/Feb/2018:10:20:20 +0000] "GET / HTTP/1.1" 200 1802 "-" "Mozilla/5.0 (Macintosh; Intel Mac OS X 10_13_3) AppleWebKit/537.36 (KHTML, like Gecko) Chrome/64.0.3282.167 Safari/537.36"
103.5.140.174 - - [18/Feb/2018:10:25:24 +0000] "GET / HTTP/1.1" 200 1805 "-" "Mozilla/5.0 (Macintosh; Intel Mac OS X 10_13_3) AppleWebKit/537.36 (KHTML, like Gecko) Chrome/64.0.3282.167 Safari/537.36"
103.5.140.174 - - [18/Feb/2018:10:31:44 +0000] "GET / HTTP/1.1" 200 1813 "-" "Mozilla/5.0 (Macintosh; Intel Mac OS X 10_13_3) AppleWebKit/537.36 (KHTML, like Gecko) Chrome/64.0.3282.167 Safari/537.36"
1.66.97.213 - - [18/Feb/2018:10:42:45 +0000] "GET / HTTP/1.1" 200 1823 "-" "Mozilla/5.0 (iPhone; CPU iPhone OS 11_2 like Mac OS X) AppleWebKit/604.4.7 (KHTML, like Gecko) Version/11.0 Mobile/15C114 Safari/604.1"
1.66.97.213 - - [18/Feb/2018:10:42:45 +0000] "GET / HTTP/1.1" 200 1819 "http://arbcoin.live/" "Mozilla/5.0 (iPhone; CPU iPhone OS 11_2 like Mac OS X) AppleWebKit/604.4.7 (KHTML, like Gecko) Version/11.0 Mobile/15C114 Safari/604.1"
1.66.97.213 - - [18/Feb/2018:10:48:52 +0000] "GET / HTTP/1.1" 200 1817 "-" "Mozilla/5.0 (iPhone; CPU iPhone OS 11_2 like Mac OS X) AppleWebKit/604.4.7 (KHTML, like Gecko) Version/11.0 Mobile/15C114 Safari/604.1"
1.66.97.213 - - [18/Feb/2018:10:48:52 +0000] "GET / HTTP/1.1" 200 1810 "http://arbcoin.live/" "Mozilla/5.0 (iPhone; CPU iPhone OS 11_2 like Mac OS X) AppleWebKit/604.4.7 (KHTML, like Gecko) Version/11.0 Mobile/15C114 Safari/604.1"
66.249.79.118 - - [18/Feb/2018:11:58:47 +0000] "GET / HTTP/1.1" 200 1811 "-" "Mozilla/5.0 (compatible; Googlebot/2.1; +http://www.google.com/bot.html)"
66.249.79.122 - - [18/Feb/2018:12:00:42 +0000] "GET / HTTP/1.1" 200 1827 "-" "Mozilla/5.0 (Linux; Android 6.0.1; Nexus 5X Build/MMB29P) AppleWebKit/537.36 (KHTML, like Gecko) Chrome/41.0.2272.96 Mobile Safari/537.36 (compatible; Googlebot/2.1; +http://www.google.com/bot.html)"
113.147.67.193 - - [18/Feb/2018:12:19:01 +0000] "GET / HTTP/1.1" 200 1811 "-" "Mozilla/5.0 (Macintosh; Intel Mac OS X 10_13_3) AppleWebKit/537.36 (KHTML, like Gecko) Chrome/64.0.3282.167 Safari/537.36"
113.147.67.193 - - [18/Feb/2018:12:20:54 +0000] "GET / HTTP/1.1" 200 1809 "-" "Mozilla/5.0 (Macintosh; Intel Mac OS X 10_13_3) AppleWebKit/537.36 (KHTML, like Gecko) Chrome/64.0.3282.167 Safari/537.36"
113.147.67.193 - - [18/Feb/2018:12:21:50 +0000] "GET / HTTP/1.1" 499 0 "-" "Mozilla/5.0 (Macintosh; Intel Mac OS X 10_13_3) AppleWebKit/537.36 (KHTML, like Gecko) Chrome/64.0.3282.167 Safari/537.36"
113.147.67.193 - - [18/Feb/2018:12:23:29 +0000] "GET / HTTP/1.1" 200 1823 "-" "Mozilla/5.0 (Macintosh; Intel Mac OS X 10_13_3) AppleWebKit/537.36 (KHTML, like Gecko) Chrome/64.0.3282.167 Safari/537.36"
113.147.67.193 - - [18/Feb/2018:12:25:18 +0000] "GET / HTTP/1.1" 200 1808 "-" "Mozilla/5.0 (Macintosh; Intel Mac OS X 10_13_3) AppleWebKit/537.36 (KHTML, like Gecko) Chrome/64.0.3282.167 Safari/537.36"
113.147.67.193 - - [18/Feb/2018:12:28:29 +0000] "GET / HTTP/1.1" 200 1823 "-" "Mozilla/5.0 (Macintosh; Intel Mac OS X 10_13_3) AppleWebKit/537.36 (KHTML, like Gecko) Chrome/64.0.3282.167 Safari/537.36"
113.147.67.193 - - [18/Feb/2018:12:28:50 +0000] "GET / HTTP/1.1" 200 1816 "-" "Mozilla/5.0 (Macintosh; Intel Mac OS X 10_13_3) AppleWebKit/537.36 (KHTML, like Gecko) Chrome/64.0.3282.167 Safari/537.36"
113.147.67.193 - - [18/Feb/2018:12:37:40 +0000] "GET / HTTP/1.1" 200 1810 "-" "Mozilla/5.0 (Macintosh; Intel Mac OS X 10_13_3) AppleWebKit/537.36 (KHTML, like Gecko) Chrome/64.0.3282.167 Safari/537.36"
115.215.216.225 - - [18/Feb/2018:12:39:59 +0000] "GET /admin/elFinder/php/connector.php HTTP/1.1" 404 746 "-" "Mozilla/5.0 (Windows NT 10.0; Win64; x64) AppleWebKit/537.36 (KHTML, like Gecko) Chrome/64.0.3282.140 Safari/537.36"
115.215.216.225 - - [18/Feb/2018:12:39:59 +0000] "GET /elFinder/php/connector.php HTTP/1.1" 404 746 "-" "Mozilla/5.0 (Windows NT 10.0; Win64; x64) AppleWebKit/537.36 (KHTML, like Gecko) Chrome/64.0.3282.140 Safari/537.36"
115.215.216.225 - - [18/Feb/2018:12:39:59 +0000] "GET /admin/elfinder/php/connector.php HTTP/1.1" 404 746 "-" "Mozilla/5.0 (Windows NT 10.0; Win64; x64) AppleWebKit/537.36 (KHTML, like Gecko) Chrome/64.0.3282.140 Safari/537.36"
115.215.216.225 - - [18/Feb/2018:12:40:00 +0000] "GET /elfinder/php/connector.php HTTP/1.1" 404 746 "-" "Mozilla/5.0 (Windows NT 10.0; Win64; x64) AppleWebKit/537.36 (KHTML, like Gecko) Chrome/64.0.3282.140 Safari/537.36"
115.215.216.225 - - [18/Feb/2018:12:40:04 +0000] "GET /elfinder/php/connector.php HTTP/1.1" 404 746 "-" "Mozilla/5.0 (Windows NT 10.0; Win64; x64) AppleWebKit/537.36 (KHTML, like Gecko) Chrome/64.0.3282.140 Safari/537.36"
115.215.216.225 - - [18/Feb/2018:12:40:04 +0000] "GET /admin/elfinder/php/connector.php HTTP/1.1" 404 746 "-" "Mozilla/5.0 (Windows NT 10.0; Win64; x64) AppleWebKit/537.36 (KHTML, like Gecko) Chrome/64.0.3282.140 Safari/537.36"
115.215.216.225 - - [18/Feb/2018:12:40:04 +0000] "GET /admin/elFinder/php/connector.php HTTP/1.1" 404 746 "-" "Mozilla/5.0 (Windows NT 10.0; Win64; x64) AppleWebKit/537.36 (KHTML, like Gecko) Chrome/64.0.3282.140 Safari/537.36"
115.215.216.225 - - [18/Feb/2018:12:40:04 +0000] "GET /elFinder/php/connector.php HTTP/1.1" 404 746 "-" "Mozilla/5.0 (Windows NT 10.0; Win64; x64) AppleWebKit/537.36 (KHTML, like Gecko) Chrome/64.0.3282.140 Safari/537.36"
113.147.67.193 - - [18/Feb/2018:12:44:29 +0000] "GET / HTTP/1.1" 200 1795 "-" "Mozilla/5.0 (Macintosh; Intel Mac OS X 10_13_3) AppleWebKit/537.36 (KHTML, like Gecko) Chrome/64.0.3282.167 Safari/537.36"
113.147.67.193 - - [18/Feb/2018:12:48:28 +0000] "GET / HTTP/1.1" 200 1810 "-" "Mozilla/5.0 (Macintosh; Intel Mac OS X 10_13_3) AppleWebKit/537.36 (KHTML, like Gecko) Chrome/64.0.3282.167 Safari/537.36"
113.147.67.193 - - [18/Feb/2018:12:48:50 +0000] "GET / HTTP/1.1" 200 1805 "-" "Mozilla/5.0 (Macintosh; Intel Mac OS X 10_13_3) AppleWebKit/537.36 (KHTML, like Gecko) Chrome/64.0.3282.167 Safari/537.36"
113.147.67.193 - - [18/Feb/2018:12:51:23 +0000] "GET / HTTP/1.1" 200 1816 "-" "Mozilla/5.0 (Macintosh; Intel Mac OS X 10_13_3) AppleWebKit/537.36 (KHTML, like Gecko) Chrome/64.0.3282.167 Safari/537.36"
113.147.67.193 - - [18/Feb/2018:12:51:34 +0000] "GET / HTTP/1.1" 200 1789 "-" "Mozilla/5.0 (Macintosh; Intel Mac OS X 10_13_3) AppleWebKit/537.36 (KHTML, like Gecko) Chrome/64.0.3282.167 Safari/537.36"
113.147.67.193 - - [18/Feb/2018:12:52:30 +0000] "GET / HTTP/1.1" 200 1797 "-" "Mozilla/5.0 (Macintosh; Intel Mac OS X 10_13_3) AppleWebKit/537.36 (KHTML, like Gecko) Chrome/64.0.3282.167 Safari/537.36"
113.147.67.193 - - [18/Feb/2018:12:52:41 +0000] "GET / HTTP/1.1" 200 1790 "-" "Mozilla/5.0 (Macintosh; Intel Mac OS X 10_13_3) AppleWebKit/537.36 (KHTML, like Gecko) Chrome/64.0.3282.167 Safari/537.36"
113.147.67.193 - - [18/Feb/2018:12:52:47 +0000] "GET / HTTP/1.1" 200 1806 "-" "Mozilla/5.0 (Macintosh; Intel Mac OS X 10_13_3) AppleWebKit/537.36 (KHTML, like Gecko) Chrome/64.0.3282.167 Safari/537.36"
113.147.67.193 - - [18/Feb/2018:13:04:23 +0000] "GET / HTTP/1.1" 200 1830 "-" "Mozilla/5.0 (Macintosh; Intel Mac OS X 10_13_3) AppleWebKit/537.36 (KHTML, like Gecko) Chrome/64.0.3282.167 Safari/537.36"
113.147.67.193 - - [18/Feb/2018:13:18:33 +0000] "GET / HTTP/1.1" 200 1818 "-" "Mozilla/5.0 (Macintosh; Intel Mac OS X 10_13_3) AppleWebKit/537.36 (KHTML, like Gecko) Chrome/64.0.3282.167 Safari/537.36"
113.147.67.193 - - [18/Feb/2018:13:22:46 +0000] "GET / HTTP/1.1" 200 1814 "-" "Mozilla/5.0 (Macintosh; Intel Mac OS X 10_13_3) AppleWebKit/537.36 (KHTML, like Gecko) Chrome/64.0.3282.167 Safari/537.36"
113.147.67.193 - - [18/Feb/2018:13:27:11 +0000] "GET / HTTP/1.1" 200 1810 "-" "Mozilla/5.0 (Macintosh; Intel Mac OS X 10_13_3) AppleWebKit/537.36 (KHTML, like Gecko) Chrome/64.0.3282.167 Safari/537.36"
113.147.67.193 - - [18/Feb/2018:13:33:42 +0000] "GET / HTTP/1.1" 200 1796 "-" "Mozilla/5.0 (Macintosh; Intel Mac OS X 10_13_3) AppleWebKit/537.36 (KHTML, like Gecko) Chrome/64.0.3282.167 Safari/537.36"
113.147.67.193 - - [18/Feb/2018:13:33:52 +0000] "GET / HTTP/1.1" 200 1795 "-" "Mozilla/5.0 (Macintosh; Intel Mac OS X 10_13_3) AppleWebKit/537.36 (KHTML, like Gecko) Chrome/64.0.3282.167 Safari/537.36"
113.147.67.193 - - [18/Feb/2018:13:37:59 +0000] "GET / HTTP/1.1" 200 1822 "-" "Mozilla/5.0 (Macintosh; Intel Mac OS X 10_13_3) AppleWebKit/537.36 (KHTML, like Gecko) Chrome/64.0.3282.167 Safari/537.36"
113.147.67.193 - - [18/Feb/2018:13:47:13 +0000] "GET / HTTP/1.1" 200 1822 "-" "Mozilla/5.0 (Macintosh; Intel Mac OS X 10_13_3) AppleWebKit/537.36 (KHTML, like Gecko) Chrome/64.0.3282.167 Safari/537.36"
113.147.67.193 - - [18/Feb/2018:13:52:46 +0000] "GET / HTTP/1.1" 200 1812 "-" "Mozilla/5.0 (Macintosh; Intel Mac OS X 10_13_3) AppleWebKit/537.36 (KHTML, like Gecko) Chrome/64.0.3282.167 Safari/537.36"
66.249.79.118 - - [18/Feb/2018:14:00:13 +0000] "GET / HTTP/1.1" 200 1827 "-" "Mozilla/5.0 (Linux; Android 6.0.1; Nexus 5X Build/MMB29P) AppleWebKit/537.36 (KHTML, like Gecko) Chrome/41.0.2272.96 Mobile Safari/537.36 (compatible; Googlebot/2.1; +http://www.google.com/bot.html)"
113.147.67.193 - - [18/Feb/2018:14:02:52 +0000] "GET / HTTP/1.1" 200 1812 "-" "Mozilla/5.0 (Macintosh; Intel Mac OS X 10_13_3) AppleWebKit/537.36 (KHTML, like Gecko) Chrome/64.0.3282.167 Safari/537.36"
113.147.67.193 - - [18/Feb/2018:14:16:59 +0000] "GET / HTTP/1.1" 200 1809 "-" "Mozilla/5.0 (Macintosh; Intel Mac OS X 10_13_3) AppleWebKit/537.36 (KHTML, like Gecko) Chrome/64.0.3282.167 Safari/537.36"
113.147.67.193 - - [18/Feb/2018:14:22:44 +0000] "GET / HTTP/1.1" 200 1800 "-" "Mozilla/5.0 (Macintosh; Intel Mac OS X 10_13_3) AppleWebKit/537.36 (KHTML, like Gecko) Chrome/64.0.3282.167 Safari/537.36"
113.147.67.193 - - [18/Feb/2018:14:51:31 +0000] "GET / HTTP/1.1" 200 1799 "-" "Mozilla/5.0 (Macintosh; Intel Mac OS X 10_13_3) AppleWebKit/537.36 (KHTML, like Gecko) Chrome/64.0.3282.167 Safari/537.36"
113.147.67.193 - - [18/Feb/2018:15:05:26 +0000] "GET / HTTP/1.1" 200 1806 "-" "Mozilla/5.0 (Macintosh; Intel Mac OS X 10_13_3) AppleWebKit/537.36 (KHTML, like Gecko) Chrome/64.0.3282.167 Safari/537.36"
113.147.67.193 - - [18/Feb/2018:15:21:53 +0000] "GET / HTTP/1.1" 200 1811 "-" "Mozilla/5.0 (Macintosh; Intel Mac OS X 10_13_3) AppleWebKit/537.36 (KHTML, like Gecko) Chrome/64.0.3282.167 Safari/537.36"
113.147.67.193 - - [18/Feb/2018:15:25:13 +0000] "GET / HTTP/1.1" 200 1819 "-" "Mozilla/5.0 (Macintosh; Intel Mac OS X 10_13_3) AppleWebKit/537.36 (KHTML, like Gecko) Chrome/64.0.3282.167 Safari/537.36"
113.147.67.193 - - [18/Feb/2018:15:30:42 +0000] "GET / HTTP/1.1" 200 1821 "-" "Mozilla/5.0 (Macintosh; Intel Mac OS X 10_13_3) AppleWebKit/537.36 (KHTML, like Gecko) Chrome/64.0.3282.167 Safari/537.36"
113.147.67.193 - - [18/Feb/2018:15:33:28 +0000] "GET / HTTP/1.1" 200 1819 "-" "Mozilla/5.0 (Macintosh; Intel Mac OS X 10_13_3) AppleWebKit/537.36 (KHTML, like Gecko) Chrome/64.0.3282.167 Safari/537.36"
113.147.67.193 - - [18/Feb/2018:15:40:45 +0000] "GET / HTTP/1.1" 200 1809 "-" "Mozilla/5.0 (Macintosh; Intel Mac OS X 10_13_3) AppleWebKit/537.36 (KHTML, like Gecko) Chrome/64.0.3282.167 Safari/537.36"
66.249.79.120 - - [18/Feb/2018:16:05:52 +0000] "GET / HTTP/1.1" 200 1829 "-" "Mozilla/5.0 (compatible; Googlebot/2.1; +http://www.google.com/bot.html)"
113.147.67.193 - - [18/Feb/2018:16:08:47 +0000] "GET / HTTP/1.1" 200 1806 "-" "Mozilla/5.0 (Macintosh; Intel Mac OS X 10_13_3) AppleWebKit/537.36 (KHTML, like Gecko) Chrome/64.0.3282.167 Safari/537.36"
66.249.79.118 - - [18/Feb/2018:16:21:06 +0000] "GET / HTTP/1.1" 200 1802 "-" "Mozilla/5.0 (Linux; Android 6.0.1; Nexus 5X Build/MMB29P) AppleWebKit/537.36 (KHTML, like Gecko) Chrome/41.0.2272.96 Mobile Safari/537.36 (compatible; Googlebot/2.1; +http://www.google.com/bot.html)"
77.75.76.169 - - [18/Feb/2018:16:44:22 +0000] "GET / HTTP/1.1" 200 1801 "-" "Mozilla/5.0 (compatible; SeznamBot/3.2; +http://napoveda.seznam.cz/en/seznambot-intro/)"
66.249.79.120 - - [18/Feb/2018:17:23:27 +0000] "GET / HTTP/1.1" 200 1796 "-" "Mozilla/5.0 (Linux; Android 6.0.1; Nexus 5X Build/MMB29P) AppleWebKit/537.36 (KHTML, like Gecko) Chrome/41.0.2272.96 Mobile Safari/537.36 (compatible; Googlebot/2.1; +http://www.google.com/bot.html)"
159.203.94.91 - - [18/Feb/2018:17:35:01 +0000] "GET / HTTP/1.1" 200 1808 "http://arbcoin.live" "Mozilla/5.0 (compatible; DnyzBot/1.0)"
66.249.79.120 - - [18/Feb/2018:18:58:57 +0000] "GET / HTTP/1.1" 200 1818 "-" "Mozilla/5.0 (compatible; Googlebot/2.1; +http://www.google.com/bot.html)"
66.249.79.120 - - [18/Feb/2018:19:12:48 +0000] "GET / HTTP/1.1" 200 1807 "-" "Mozilla/5.0 (Linux; Android 6.0.1; Nexus 5X Build/MMB29P) AppleWebKit/537.36 (KHTML, like Gecko) Chrome/41.0.2272.96 Mobile Safari/537.36 (compatible; Googlebot/2.1; +http://www.google.com/bot.html)"
66.249.79.118 - - [18/Feb/2018:19:55:43 +0000] "GET / HTTP/1.1" 200 1799 "-" "Mozilla/5.0 (Linux; Android 6.0.1; Nexus 5X Build/MMB29P) AppleWebKit/537.36 (KHTML, like Gecko) Chrome/41.0.2272.96 Mobile Safari/537.36 (compatible; Googlebot/2.1; +http://www.google.com/bot.html)"
66.249.79.122 - - [18/Feb/2018:21:29:52 +0000] "GET / HTTP/1.1" 200 1809 "-" "Mozilla/5.0 (Linux; Android 6.0.1; Nexus 5X Build/MMB29P) AppleWebKit/537.36 (KHTML, like Gecko) Chrome/41.0.2272.96 Mobile Safari/537.36 (compatible; Googlebot/2.1; +http://www.google.com/bot.html)"
66.249.79.122 - - [18/Feb/2018:21:57:34 +0000] "GET / HTTP/1.1" 200 1835 "-" "Mozilla/5.0 (compatible; Googlebot/2.1; +http://www.google.com/bot.html)"
113.147.67.193 - - [18/Feb/2018:23:54:37 +0000] "GET / HTTP/1.1" 200 1819 "-" "Mozilla/5.0 (Macintosh; Intel Mac OS X 10_13_3) AppleWebKit/537.36 (KHTML, like Gecko) Chrome/64.0.3282.167 Safari/537.36"
113.147.67.193 - - [18/Feb/2018:23:54:43 +0000] "GET / HTTP/1.1" 200 1803 "-" "Mozilla/5.0 (Macintosh; Intel Mac OS X 10_13_3) AppleWebKit/537.36 (KHTML, like Gecko) Chrome/64.0.3282.167 Safari/537.36"
113.147.67.193 - - [19/Feb/2018:00:29:21 +0000] "GET / HTTP/1.1" 200 1809 "-" "Mozilla/5.0 (Macintosh; Intel Mac OS X 10_13_3) AppleWebKit/537.36 (KHTML, like Gecko) Chrome/64.0.3282.167 Safari/537.36"
113.147.67.193 - - [19/Feb/2018:00:29:29 +0000] "GET / HTTP/1.1" 200 1809 "-" "Mozilla/5.0 (Macintosh; Intel Mac OS X 10_13_3) AppleWebKit/537.36 (KHTML, like Gecko) Chrome/64.0.3282.167 Safari/537.36"
113.147.67.193 - - [19/Feb/2018:00:40:47 +0000] "GET / HTTP/1.1" 200 1820 "-" "Mozilla/5.0 (Macintosh; Intel Mac OS X 10_13_3) AppleWebKit/537.36 (KHTML, like Gecko) Chrome/64.0.3282.167 Safari/537.36"
113.147.67.193 - - [19/Feb/2018:00:40:54 +0000] "GET / HTTP/1.1" 200 1817 "-" "Mozilla/5.0 (Macintosh; Intel Mac OS X 10_13_3) AppleWebKit/537.36 (KHTML, like Gecko) Chrome/64.0.3282.167 Safari/537.36"
49.106.188.202 - - [19/Feb/2018:00:53:44 +0000] "GET / HTTP/1.1" 200 1812 "-" "Mozilla/5.0 (iPhone; CPU iPhone OS 11_2 like Mac OS X) AppleWebKit/604.4.7 (KHTML, like Gecko) Version/11.0 Mobile/15C114 Safari/604.1"
49.106.188.202 - - [19/Feb/2018:00:53:44 +0000] "GET / HTTP/1.1" 200 1815 "http://arbcoin.live/" "Mozilla/5.0 (iPhone; CPU iPhone OS 11_2 like Mac OS X) AppleWebKit/604.4.7 (KHTML, like Gecko) Version/11.0 Mobile/15C114 Safari/604.1"
103.5.140.185 - - [19/Feb/2018:01:08:48 +0000] "GET / HTTP/1.1" 200 1825 "-" "Mozilla/5.0 (Macintosh; Intel Mac OS X 10_13_3) AppleWebKit/537.36 (KHTML, like Gecko) Chrome/64.0.3282.167 Safari/537.36"
103.5.140.185 - - [19/Feb/2018:01:09:13 +0000] "GET / HTTP/1.1" 200 1814 "-" "Mozilla/5.0 (Macintosh; Intel Mac OS X 10_13_3) AppleWebKit/537.36 (KHTML, like Gecko) Chrome/64.0.3282.167 Safari/537.36"
66.249.79.118 - - [19/Feb/2018:01:41:13 +0000] "GET / HTTP/1.1" 200 1804 "-" "Mozilla/5.0 (Linux; Android 6.0.1; Nexus 5X Build/MMB29P) AppleWebKit/537.36 (KHTML, like Gecko) Chrome/41.0.2272.96 Mobile Safari/537.36 (compatible; Googlebot/2.1; +http://www.google.com/bot.html)"
103.5.140.185 - - [19/Feb/2018:01:52:33 +0000] "GET / HTTP/1.1" 200 1807 "-" "Mozilla/5.0 (Macintosh; Intel Mac OS X 10_13_3) AppleWebKit/537.36 (KHTML, like Gecko) Chrome/64.0.3282.167 Safari/537.36"
103.5.140.185 - - [19/Feb/2018:01:53:22 +0000] "GET / HTTP/1.1" 200 1816 "-" "Mozilla/5.0 (Macintosh; Intel Mac OS X 10_13_3) AppleWebKit/537.36 (KHTML, like Gecko) Chrome/64.0.3282.167 Safari/537.36"
103.5.140.185 - - [19/Feb/2018:02:15:20 +0000] "GET / HTTP/1.1" 200 1811 "-" "Mozilla/5.0 (Macintosh; Intel Mac OS X 10_13_3) AppleWebKit/537.36 (KHTML, like Gecko) Chrome/64.0.3282.167 Safari/537.36"
66.249.79.122 - - [19/Feb/2018:03:12:59 +0000] "GET / HTTP/1.1" 200 1813 "-" "Mozilla/5.0 (compatible; Googlebot/2.1; +http://www.google.com/bot.html)"
54.163.144.18 - - [19/Feb/2018:03:16:34 +0000] "GET /ads.txt HTTP/1.1" 404 746 "-" "Mozilla/5.0 (X11; Ubuntu; Linux x86_64) AppleWebKit/537.36 (KHTML, like Gecko) Chrome/60.0.3112.101 Safari/537.36"
54.163.144.18 - - [19/Feb/2018:03:16:36 +0000] "GET / HTTP/1.1" 200 1810 "-" "Mozilla/5.0 (X11; Linux x86_64) AppleWebKit/537.36 (KHTML, like Gecko) Chrome/60.0.3112.50 Safari/537.36"
109.172.30.247 - - [19/Feb/2018:03:23:26 +0000] "GET /administrator/ HTTP/1.1" 404 746 "-" "Mozilla/5.0 (Windows NT 6.0; rv:34.0) Gecko/20100101 Firefox/34.0"
109.172.30.247 - - [19/Feb/2018:03:23:27 +0000] "GET /administrator/index.php HTTP/1.1" 404 746 "http://arbcoin.live/administrator/" "Mozilla/5.0 (Windows NT 6.0; rv:34.0) Gecko/20100101 Firefox/34.0"
109.172.30.247 - - [19/Feb/2018:03:26:33 +0000] "GET /wp-login.php HTTP/1.1" 404 746 "-" "Mozilla/5.0 (Windows NT 6.0; rv:34.0) Gecko/20100101 Firefox/34.0"
109.172.30.247 - - [19/Feb/2018:03:26:34 +0000] "GET /wp-admin/ HTTP/1.1" 404 746 "http://arbcoin.live/wp-login.php" "Mozilla/5.0 (Windows NT 6.0; rv:34.0) Gecko/20100101 Firefox/34.0"
103.5.140.154 - - [19/Feb/2018:03:27:23 +0000] "GET / HTTP/1.1" 200 1796 "-" "Mozilla/5.0 (Macintosh; Intel Mac OS X 10_13_3) AppleWebKit/537.36 (KHTML, like Gecko) Chrome/64.0.3282.167 Safari/537.36"
109.172.30.247 - - [19/Feb/2018:03:27:28 +0000] "GET /admin.php HTTP/1.1" 404 746 "-" "Mozilla/5.0 (Windows NT 6.0; rv:34.0) Gecko/20100101 Firefox/34.0"
103.5.140.154 - - [19/Feb/2018:03:27:36 +0000] "GET / HTTP/1.1" 200 1793 "-" "Mozilla/5.0 (Macintosh; Intel Mac OS X 10_13_3) AppleWebKit/537.36 (KHTML, like Gecko) Chrome/64.0.3282.167 Safari/537.36"
109.172.30.247 - - [19/Feb/2018:03:27:54 +0000] "GET /admin HTTP/1.1" 404 746 "-" "Mozilla/5.0 (Windows NT 6.0; rv:34.0) Gecko/20100101 Firefox/34.0"
66.249.79.120 - - [19/Feb/2018:03:31:10 +0000] "GET / HTTP/1.1" 200 1816 "-" "Mozilla/5.0 (compatible; Googlebot/2.1; +http://www.google.com/bot.html)"
212.20.41.54 - - [19/Feb/2018:03:35:35 +0000] "GET /administrator/ HTTP/1.1" 404 746 "-" "Mozilla/5.0 (Windows NT 6.0; rv:34.0) Gecko/20100101 Firefox/34.0"
212.20.41.54 - - [19/Feb/2018:03:35:35 +0000] "GET /administrator/index.php HTTP/1.1" 404 746 "http://arbcoin.live/administrator/" "Mozilla/5.0 (Windows NT 6.0; rv:34.0) Gecko/20100101 Firefox/34.0"
212.20.41.54 - - [19/Feb/2018:03:38:55 +0000] "GET /wp-login.php HTTP/1.1" 404 746 "-" "Mozilla/5.0 (Windows NT 6.0; rv:34.0) Gecko/20100101 Firefox/34.0"
212.20.41.54 - - [19/Feb/2018:03:38:55 +0000] "GET /wp-admin/ HTTP/1.1" 404 746 "http://arbcoin.live/wp-login.php" "Mozilla/5.0 (Windows NT 6.0; rv:34.0) Gecko/20100101 Firefox/34.0"
212.20.41.54 - - [19/Feb/2018:03:39:43 +0000] "GET /admin.php HTTP/1.1" 404 746 "-" "Mozilla/5.0 (Windows NT 6.0; rv:34.0) Gecko/20100101 Firefox/34.0"
212.20.41.54 - - [19/Feb/2018:03:40:16 +0000] "GET /admin HTTP/1.1" 404 746 "-" "Mozilla/5.0 (Windows NT 6.0; rv:34.0) Gecko/20100101 Firefox/34.0"
178.46.102.118 - - [19/Feb/2018:03:48:04 +0000] "GET /administrator/ HTTP/1.1" 404 746 "-" "Mozilla/5.0 (Windows NT 6.0; rv:34.0) Gecko/20100101 Firefox/34.0"
178.46.102.118 - - [19/Feb/2018:03:48:04 +0000] "GET /administrator/index.php HTTP/1.1" 404 746 "http://arbcoin.live/administrator/" "Mozilla/5.0 (Windows NT 6.0; rv:34.0) Gecko/20100101 Firefox/34.0"
178.46.102.118 - - [19/Feb/2018:03:51:19 +0000] "GET /wp-login.php HTTP/1.1" 404 746 "-" "Mozilla/5.0 (Windows NT 6.0; rv:34.0) Gecko/20100101 Firefox/34.0"
178.46.102.118 - - [19/Feb/2018:03:51:20 +0000] "GET /wp-admin/ HTTP/1.1" 404 746 "http://arbcoin.live/wp-login.php" "Mozilla/5.0 (Windows NT 6.0; rv:34.0) Gecko/20100101 Firefox/34.0"
178.46.102.118 - - [19/Feb/2018:03:52:13 +0000] "GET /admin.php HTTP/1.1" 404 746 "-" "Mozilla/5.0 (Windows NT 6.0; rv:34.0) Gecko/20100101 Firefox/34.0"
178.46.102.118 - - [19/Feb/2018:03:52:40 +0000] "GET /admin HTTP/1.1" 404 746 "-" "Mozilla/5.0 (Windows NT 6.0; rv:34.0) Gecko/20100101 Firefox/34.0"
80.240.104.226 - - [19/Feb/2018:03:54:57 +0000] "GET /administrator/ HTTP/1.1" 404 746 "-" "Mozilla/5.0 (Windows NT 6.0; rv:34.0) Gecko/20100101 Firefox/34.0"
80.240.104.226 - - [19/Feb/2018:03:54:57 +0000] "GET /administrator/index.php HTTP/1.1" 404 746 "http://arbcoin.live/administrator/" "Mozilla/5.0 (Windows NT 6.0; rv:34.0) Gecko/20100101 Firefox/34.0"
80.240.104.226 - - [19/Feb/2018:04:01:00 +0000] "GET /wp-login.php HTTP/1.1" 404 746 "-" "Mozilla/5.0 (Windows NT 6.0; rv:34.0) Gecko/20100101 Firefox/34.0"
80.240.104.226 - - [19/Feb/2018:04:01:00 +0000] "GET /wp-admin/ HTTP/1.1" 404 746 "http://arbcoin.live/wp-login.php" "Mozilla/5.0 (Windows NT 6.0; rv:34.0) Gecko/20100101 Firefox/34.0"
80.240.104.226 - - [19/Feb/2018:04:02:16 +0000] "GET /admin.php HTTP/1.1" 404 746 "-" "Mozilla/5.0 (Windows NT 6.0; rv:34.0) Gecko/20100101 Firefox/34.0"
80.240.104.226 - - [19/Feb/2018:04:02:56 +0000] "GET /admin HTTP/1.1" 404 746 "-" "Mozilla/5.0 (Windows NT 6.0; rv:34.0) Gecko/20100101 Firefox/34.0"
188.162.84.64 - - [19/Feb/2018:04:05:58 +0000] "GET /administrator/ HTTP/1.1" 404 746 "-" "Mozilla/5.0 (Windows NT 6.0; rv:34.0) Gecko/20100101 Firefox/34.0"
188.162.84.64 - - [19/Feb/2018:04:05:58 +0000] "GET /administrator/index.php HTTP/1.1" 404 746 "http://arbcoin.live/administrator/" "Mozilla/5.0 (Windows NT 6.0; rv:34.0) Gecko/20100101 Firefox/34.0"
188.162.84.64 - - [19/Feb/2018:04:16:54 +0000] "GET /wp-login.php HTTP/1.1" 404 746 "-" "Mozilla/5.0 (Windows NT 6.0; rv:34.0) Gecko/20100101 Firefox/34.0"
188.162.84.64 - - [19/Feb/2018:04:16:54 +0000] "GET /wp-admin/ HTTP/1.1" 404 746 "http://arbcoin.live/wp-login.php" "Mozilla/5.0 (Windows NT 6.0; rv:34.0) Gecko/20100101 Firefox/34.0"
188.162.84.64 - - [19/Feb/2018:04:18:31 +0000] "GET /admin.php HTTP/1.1" 404 746 "-" "Mozilla/5.0 (Windows NT 6.0; rv:34.0) Gecko/20100101 Firefox/34.0"
188.162.84.64 - - [19/Feb/2018:04:19:39 +0000] "GET /admin HTTP/1.1" 404 746 "-" "Mozilla/5.0 (Windows NT 6.0; rv:34.0) Gecko/20100101 Firefox/34.0"
103.5.140.154 - - [19/Feb/2018:04:26:38 +0000] "GET / HTTP/1.1" 200 1804 "-" "Mozilla/5.0 (Macintosh; Intel Mac OS X 10_13_3) AppleWebKit/537.36 (KHTML, like Gecko) Chrome/64.0.3282.167 Safari/537.36"
103.5.140.154 - - [19/Feb/2018:04:59:54 +0000] "GET / HTTP/1.1" 200 1821 "-" "Mozilla/5.0 (Macintosh; Intel Mac OS X 10_13_3) AppleWebKit/537.36 (KHTML, like Gecko) Chrome/64.0.3282.167 Safari/537.36"
103.5.140.154 - - [19/Feb/2018:05:00:16 +0000] "GET / HTTP/1.1" 200 1820 "-" "Mozilla/5.0 (Macintosh; Intel Mac OS X 10_13_3) AppleWebKit/537.36 (KHTML, like Gecko) Chrome/64.0.3282.167 Safari/537.36"
103.5.140.154 - - [19/Feb/2018:05:01:23 +0000] "GET / HTTP/1.1" 200 1805 "-" "Mozilla/5.0 (Macintosh; Intel Mac OS X 10_13_3) AppleWebKit/537.36 (KHTML, like Gecko) Chrome/64.0.3282.167 Safari/537.36"
66.249.79.122 - - [19/Feb/2018:05:12:59 +0000] "GET / HTTP/1.1" 200 1797 "-" "Mozilla/5.0 (Linux; Android 6.0.1; Nexus 5X Build/MMB29P) AppleWebKit/537.36 (KHTML, like Gecko) Chrome/41.0.2272.96 Mobile Safari/537.36 (compatible; Googlebot/2.1; +http://www.google.com/bot.html)"
103.5.140.154 - - [19/Feb/2018:05:25:42 +0000] "GET / HTTP/1.1" 200 1805 "-" "Mozilla/5.0 (Macintosh; Intel Mac OS X 10_13_3) AppleWebKit/537.36 (KHTML, like Gecko) Chrome/64.0.3282.167 Safari/537.36"
103.5.140.154 - - [19/Feb/2018:05:38:25 +0000] "GET / HTTP/1.1" 200 1819 "-" "Mozilla/5.0 (Macintosh; Intel Mac OS X 10_13_3) AppleWebKit/537.36 (KHTML, like Gecko) Chrome/64.0.3282.167 Safari/537.36"
103.5.140.154 - - [19/Feb/2018:05:45:11 +0000] "GET / HTTP/1.1" 200 1804 "-" "Mozilla/5.0 (Macintosh; Intel Mac OS X 10_13_3) AppleWebKit/537.36 (KHTML, like Gecko) Chrome/64.0.3282.167 Safari/537.36"
103.5.140.163 - - [19/Feb/2018:06:09:48 +0000] "GET / HTTP/1.1" 200 1813 "-" "Mozilla/5.0 (Macintosh; Intel Mac OS X 10_13_3) AppleWebKit/537.36 (KHTML, like Gecko) Chrome/64.0.3282.167 Safari/537.36"
103.5.140.163 - - [19/Feb/2018:06:33:02 +0000] "GET / HTTP/1.1" 200 1805 "-" "Mozilla/5.0 (Macintosh; Intel Mac OS X 10_13_3) AppleWebKit/537.36 (KHTML, like Gecko) Chrome/64.0.3282.167 Safari/537.36"
103.5.140.163 - - [19/Feb/2018:06:38:01 +0000] "GET / HTTP/1.1" 200 1809 "-" "Mozilla/5.0 (Macintosh; Intel Mac OS X 10_13_3) AppleWebKit/537.36 (KHTML, like Gecko) Chrome/64.0.3282.167 Safari/537.36"
1.66.97.213 - - [19/Feb/2018:07:05:48 +0000] "GET /&arubalp=6b8d0679-bc91-4b63-b4f5-98d4c9c9b1 HTTP/1.1" 404 746 "http://arbcoin.live/" "Mozilla/5.0 (iPhone; CPU iPhone OS 11_2 like Mac OS X) AppleWebKit/604.4.7 (KHTML, like Gecko) Version/11.0 Mobile/15C114 Safari/604.1"
1.66.97.213 - - [19/Feb/2018:07:06:08 +0000] "GET / HTTP/1.1" 200 1798 "http://arbcoin.live/" "Mozilla/5.0 (iPhone; CPU iPhone OS 11_2 like Mac OS X) AppleWebKit/604.4.7 (KHTML, like Gecko) Version/11.0 Mobile/15C114 Safari/604.1"
1.66.97.213 - - [19/Feb/2018:07:06:08 +0000] "GET / HTTP/1.1" 200 1805 "-" "Mozilla/5.0 (iPhone; CPU iPhone OS 11_2 like Mac OS X) AppleWebKit/604.4.7 (KHTML, like Gecko) Version/11.0 Mobile/15C114 Safari/604.1"
1.66.97.213 - - [19/Feb/2018:07:06:09 +0000] "GET / HTTP/1.1" 200 1804 "-" "Mozilla/5.0 (iPhone; CPU iPhone OS 11_2 like Mac OS X) AppleWebKit/604.4.7 (KHTML, like Gecko) Version/11.0 Mobile/15C114 Safari/604.1"
1.66.97.213 - - [19/Feb/2018:07:06:10 +0000] "GET /apple-touch-icon-120x120-precomposed.png HTTP/1.1" 404 746 "-" "MobileSafari/604.1 CFNetwork/893.14.2 Darwin/17.3.0"
1.66.97.213 - - [19/Feb/2018:07:06:10 +0000] "GET /apple-touch-icon-120x120.png HTTP/1.1" 404 746 "-" "MobileSafari/604.1 CFNetwork/893.14.2 Darwin/17.3.0"
1.66.97.213 - - [19/Feb/2018:07:06:10 +0000] "GET /apple-touch-icon-120x120-precomposed.png HTTP/1.1" 404 746 "-" "MobileSafari/604.1 CFNetwork/893.14.2 Darwin/17.3.0"
1.66.97.213 - - [19/Feb/2018:07:06:10 +0000] "GET /apple-touch-icon-120x120.png HTTP/1.1" 404 746 "-" "MobileSafari/604.1 CFNetwork/893.14.2 Darwin/17.3.0"
1.66.97.213 - - [19/Feb/2018:07:06:19 +0000] "GET / HTTP/1.1" 200 1824 "-" "Mozilla/5.0 (iPhone; CPU iPhone OS 11_2 like Mac OS X) AppleWebKit/604.4.7 (KHTML, like Gecko) Version/11.0 Mobile/15C114 Safari/604.1"
1.66.97.213 - - [19/Feb/2018:07:11:05 +0000] "GET / HTTP/1.1" 200 1821 "-" "Mozilla/5.0 (iPhone; CPU iPhone OS 11_2 like Mac OS X) AppleWebKit/604.4.7 (KHTML, like Gecko) Version/11.0 Mobile/15C114 Safari/604.1"
103.5.140.147 - - [19/Feb/2018:07:35:17 +0000] "GET / HTTP/1.1" 200 1799 "-" "Mozilla/5.0 (Macintosh; Intel Mac OS X 10_13_3) AppleWebKit/537.36 (KHTML, like Gecko) Chrome/64.0.3282.167 Safari/537.36"
103.5.140.147 - - [19/Feb/2018:07:39:33 +0000] "GET / HTTP/1.1" 200 1822 "-" "Mozilla/5.0 (Macintosh; Intel Mac OS X 10_13_3) AppleWebKit/537.36 (KHTML, like Gecko) Chrome/64.0.3282.167 Safari/537.36"
103.5.140.147 - - [19/Feb/2018:07:39:48 +0000] "GET / HTTP/1.1" 200 1821 "-" "Mozilla/5.0 (Macintosh; Intel Mac OS X 10_13_3) AppleWebKit/537.36 (KHTML, like Gecko) Chrome/64.0.3282.167 Safari/537.36"
103.5.140.147 - - [19/Feb/2018:07:41:42 +0000] "GET / HTTP/1.1" 200 1805 "-" "Mozilla/5.0 (Macintosh; Intel Mac OS X 10_13_3) AppleWebKit/537.36 (KHTML, like Gecko) Chrome/64.0.3282.167 Safari/537.36"
103.5.140.147 - - [19/Feb/2018:07:49:54 +0000] "GET / HTTP/1.1" 200 1809 "-" "Mozilla/5.0 (Macintosh; Intel Mac OS X 10_13_3) AppleWebKit/537.36 (KHTML, like Gecko) Chrome/64.0.3282.167 Safari/537.36"
103.5.140.147 - - [19/Feb/2018:07:52:24 +0000] "GET / HTTP/1.1" 200 1815 "-" "Mozilla/5.0 (Macintosh; Intel Mac OS X 10_13_3) AppleWebKit/537.36 (KHTML, like Gecko) Chrome/64.0.3282.167 Safari/537.36"
103.5.140.147 - - [19/Feb/2018:08:08:32 +0000] "GET / HTTP/1.1" 200 1820 "-" "Mozilla/5.0 (Macintosh; Intel Mac OS X 10_13_3) AppleWebKit/537.36 (KHTML, like Gecko) Chrome/64.0.3282.167 Safari/537.36"
103.5.140.147 - - [19/Feb/2018:08:17:19 +0000] "GET / HTTP/1.1" 200 1805 "-" "Mozilla/5.0 (Macintosh; Intel Mac OS X 10_13_3) AppleWebKit/537.36 (KHTML, like Gecko) Chrome/64.0.3282.167 Safari/537.36"
103.5.140.145 - - [19/Feb/2018:09:35:33 +0000] "GET / HTTP/1.1" 200 1829 "-" "Mozilla/5.0 (Macintosh; Intel Mac OS X 10_13_3) AppleWebKit/537.36 (KHTML, like Gecko) Chrome/64.0.3282.167 Safari/537.36"
103.5.140.145 - - [19/Feb/2018:09:37:31 +0000] "GET / HTTP/1.1" 200 1813 "-" "Mozilla/5.0 (Macintosh; Intel Mac OS X 10_13_3) AppleWebKit/537.36 (KHTML, like Gecko) Chrome/64.0.3282.167 Safari/537.36"
103.5.140.145 - - [19/Feb/2018:12:02:38 +0000] "GET / HTTP/1.1" 200 1807 "-" "Mozilla/5.0 (Macintosh; Intel Mac OS X 10_13_3) AppleWebKit/537.36 (KHTML, like Gecko) Chrome/64.0.3282.167 Safari/537.36"
37.204.157.100 - - [19/Feb/2018:12:10:57 +0000] "GET / HTTP/1.1" 200 1809 "http://yandex.ru/clck/jsredir?from=yandex.ru%3Bsearch%3Bweb%3B%3B&text=&etext=1702.VPs3TSvBWov8ebv_2FTdfXhhbHLy3aEbFDeRfzj-vGdyC7vTggO1KbX7UC62eZFN.8668b2c410fb294c490abb04bce516307f385d59&uuid=&state=_BLhILn4SxNIvvL0W45KSic66uCIg23qh8iRG98qeIXmeppkgUc0YGftRg9cP1erjBfVTUcXDXk&data=UlNrNmk5WktYejR0eWJFYk1LdmtxcnJDNi1SSUFFNGlPZUVjVWlmMU1RdVNkMzcwbXBfbG4xZEZHc1k1My04Mmd5ci1xdzFjOE9FX0JGTGxHMmJUVnA1SHZLSklkWXVN&b64e=2&sign=b2264ce61de6ebde43cacd4a28aa12d4&keyno=0&cst=AiuY0DBWFJ7IXge4WdYJQYuwSQLovbTTpz1q9PATMPnnSyrxUySA_8oQzqggG7wpM8D_4aSoPVXF28MCF7KNrLRTacNOvommUTcVbQCLtYXJxLbYbY7M3OQL9FM5VvHc_FElfKImFlV61kOrspl2LyFGK3FzsFdb&ref=orjY4mGPRjk5boDnW0uvlrrd71vZw9kp5uQozpMtKCUeNiDU-Ul0A3A1xcoY95c-PNIVcWLsIt3U3QBURhQiyvLCTJUR-YScxK5J7sSClj5cf0jLtLRhRw&l10n=ru&cts=1519042121050&mc=4.91156909763" "Mozilla/4.0 (compatible; MSIE 8.0; Windows NT 6.1; Trident/4.0; SLCC2; .NET CLR 2.0.50727; .NET CLR 3.5.30729; .NET CLR 3.0.30729; Media Center PC 6.0)"
103.5.140.145 - - [19/Feb/2018:12:27:31 +0000] "GET / HTTP/1.1" 200 1804 "-" "Mozilla/5.0 (Macintosh; Intel Mac OS X 10_13_3) AppleWebKit/537.36 (KHTML, like Gecko) Chrome/64.0.3282.167 Safari/537.36"
103.5.140.145 - - [19/Feb/2018:12:32:38 +0000] "GET / HTTP/1.1" 200 1805 "-" "Mozilla/5.0 (Macintosh; Intel Mac OS X 10_13_3) AppleWebKit/537.36 (KHTML, like Gecko) Chrome/64.0.3282.167 Safari/537.36"
103.5.140.145 - - [19/Feb/2018:12:32:45 +0000] "GET / HTTP/1.1" 200 1786 "-" "Mozilla/5.0 (Macintosh; Intel Mac OS X 10_13_3) AppleWebKit/537.36 (KHTML, like Gecko) Chrome/64.0.3282.167 Safari/537.36"
113.147.67.193 - - [19/Feb/2018:14:18:26 +0000] "GET / HTTP/1.1" 200 1810 "-" "Mozilla/5.0 (Macintosh; Intel Mac OS X 10_13_3) AppleWebKit/537.36 (KHTML, like Gecko) Chrome/64.0.3282.167 Safari/537.36"
113.147.67.193 - - [19/Feb/2018:14:23:48 +0000] "GET / HTTP/1.1" 200 1825 "-" "Mozilla/5.0 (Macintosh; Intel Mac OS X 10_13_3) AppleWebKit/537.36 (KHTML, like Gecko) Chrome/64.0.3282.167 Safari/537.36"
113.147.67.193 - - [19/Feb/2018:14:39:14 +0000] "GET / HTTP/1.1" 200 1811 "-" "Mozilla/5.0 (Macintosh; Intel Mac OS X 10_13_3) AppleWebKit/537.36 (KHTML, like Gecko) Chrome/64.0.3282.167 Safari/537.36"
