118.6.205.26 - - [12/Jan/2018:10:09:17 +0000] "GET / HTTP/1.1" 500 77 "-" "Mozilla/5.0 (Macintosh; Intel Mac OS X 10_13_2) AppleWebKit/537.36 (KHTML, like Gecko) Chrome/63.0.3239.132 Safari/537.36"
118.6.205.26 - - [12/Jan/2018:10:09:41 +0000] "GET / HTTP/1.1" 500 77 "-" "Mozilla/5.0 (Macintosh; Intel Mac OS X 10_13_2) AppleWebKit/537.36 (KHTML, like Gecko) Chrome/63.0.3239.132 Safari/537.36"
118.6.205.26 - - [12/Jan/2018:10:09:42 +0000] "GET / HTTP/1.1" 500 77 "-" "Mozilla/5.0 (Macintosh; Intel Mac OS X 10_13_2) AppleWebKit/537.36 (KHTML, like Gecko) Chrome/63.0.3239.132 Safari/537.36"
118.6.205.26 - - [12/Jan/2018:10:09:44 +0000] "GET / HTTP/1.1" 500 77 "-" "Mozilla/5.0 (Macintosh; Intel Mac OS X 10_13_2) AppleWebKit/537.36 (KHTML, like Gecko) Chrome/63.0.3239.132 Safari/537.36"
118.6.205.26 - - [12/Jan/2018:10:09:52 +0000] "GET / HTTP/1.1" 500 77 "-" "Mozilla/5.0 (Macintosh; Intel Mac OS X 10_13_2) AppleWebKit/537.36 (KHTML, like Gecko) Chrome/63.0.3239.132 Safari/537.36"
118.6.205.26 - - [12/Jan/2018:10:09:57 +0000] "GET / HTTP/1.1" 500 77 "-" "Mozilla/5.0 (Macintosh; Intel Mac OS X 10_13_2) AppleWebKit/537.36 (KHTML, like Gecko) Chrome/63.0.3239.132 Safari/537.36"
118.6.205.26 - - [12/Jan/2018:10:09:58 +0000] "GET / HTTP/1.1" 500 77 "-" "Mozilla/5.0 (Macintosh; Intel Mac OS X 10_13_2) AppleWebKit/537.36 (KHTML, like Gecko) Chrome/63.0.3239.132 Safari/537.36"
118.6.205.26 - - [12/Jan/2018:10:09:58 +0000] "GET / HTTP/1.1" 500 77 "-" "Mozilla/5.0 (Macintosh; Intel Mac OS X 10_13_2) AppleWebKit/537.36 (KHTML, like Gecko) Chrome/63.0.3239.132 Safari/537.36"
118.6.205.26 - - [12/Jan/2018:10:09:58 +0000] "GET / HTTP/1.1" 500 77 "-" "Mozilla/5.0 (Macintosh; Intel Mac OS X 10_13_2) AppleWebKit/537.36 (KHTML, like Gecko) Chrome/63.0.3239.132 Safari/537.36"
118.6.205.26 - - [12/Jan/2018:10:10:07 +0000] "GET / HTTP/1.1" 500 77 "-" "Mozilla/5.0 (Macintosh; Intel Mac OS X 10_13_2) AppleWebKit/537.36 (KHTML, like Gecko) Chrome/63.0.3239.132 Safari/537.36"
118.6.205.26 - - [12/Jan/2018:10:10:08 +0000] "GET / HTTP/1.1" 500 77 "-" "Mozilla/5.0 (Macintosh; Intel Mac OS X 10_13_2) AppleWebKit/537.36 (KHTML, like Gecko) Chrome/63.0.3239.132 Safari/537.36"
118.6.205.26 - - [12/Jan/2018:10:10:08 +0000] "GET / HTTP/1.1" 500 77 "-" "Mozilla/5.0 (Macintosh; Intel Mac OS X 10_13_2) AppleWebKit/537.36 (KHTML, like Gecko) Chrome/63.0.3239.132 Safari/537.36"
118.6.205.26 - - [12/Jan/2018:10:10:08 +0000] "GET / HTTP/1.1" 500 77 "-" "Mozilla/5.0 (Macintosh; Intel Mac OS X 10_13_2) AppleWebKit/537.36 (KHTML, like Gecko) Chrome/63.0.3239.132 Safari/537.36"
118.6.205.26 - - [12/Jan/2018:10:10:27 +0000] "GET / HTTP/1.1" 500 77 "-" "Mozilla/5.0 (Macintosh; Intel Mac OS X 10_13_2) AppleWebKit/537.36 (KHTML, like Gecko) Chrome/63.0.3239.132 Safari/537.36"
118.6.205.26 - - [12/Jan/2018:10:10:28 +0000] "GET / HTTP/1.1" 500 77 "-" "Mozilla/5.0 (Macintosh; Intel Mac OS X 10_13_2) AppleWebKit/537.36 (KHTML, like Gecko) Chrome/63.0.3239.132 Safari/537.36"
118.6.205.26 - - [12/Jan/2018:10:12:01 +0000] "GET / HTTP/1.1" 500 77 "-" "Mozilla/5.0 (Macintosh; Intel Mac OS X 10_13_2) AppleWebKit/537.36 (KHTML, like Gecko) Chrome/63.0.3239.132 Safari/537.36"
118.6.205.26 - - [12/Jan/2018:10:12:27 +0000] "GET / HTTP/1.1" 500 77 "-" "Mozilla/5.0 (Macintosh; Intel Mac OS X 10_13_2) AppleWebKit/537.36 (KHTML, like Gecko) Chrome/63.0.3239.132 Safari/537.36"
118.6.205.26 - - [12/Jan/2018:10:12:28 +0000] "GET / HTTP/1.1" 500 77 "-" "Mozilla/5.0 (Macintosh; Intel Mac OS X 10_13_2) AppleWebKit/537.36 (KHTML, like Gecko) Chrome/63.0.3239.132 Safari/537.36"
118.6.205.26 - - [12/Jan/2018:10:12:28 +0000] "GET / HTTP/1.1" 500 77 "-" "Mozilla/5.0 (Macintosh; Intel Mac OS X 10_13_2) AppleWebKit/537.36 (KHTML, like Gecko) Chrome/63.0.3239.132 Safari/537.36"
118.6.205.26 - - [12/Jan/2018:10:12:28 +0000] "GET / HTTP/1.1" 500 77 "-" "Mozilla/5.0 (Macintosh; Intel Mac OS X 10_13_2) AppleWebKit/537.36 (KHTML, like Gecko) Chrome/63.0.3239.132 Safari/537.36"
118.6.205.26 - - [12/Jan/2018:10:13:57 +0000] "GET / HTTP/1.1" 500 77 "-" "Mozilla/5.0 (Macintosh; Intel Mac OS X 10_13_2) AppleWebKit/537.36 (KHTML, like Gecko) Chrome/63.0.3239.132 Safari/537.36"
118.6.205.26 - - [12/Jan/2018:10:13:59 +0000] "GET / HTTP/1.1" 500 77 "-" "Mozilla/5.0 (Macintosh; Intel Mac OS X 10_13_2) AppleWebKit/537.36 (KHTML, like Gecko) Chrome/63.0.3239.132 Safari/537.36"
118.6.205.26 - - [12/Jan/2018:10:47:56 +0000] "GET / HTTP/1.1" 500 1635 "-" "Mozilla/5.0 (Macintosh; Intel Mac OS X 10_13_2) AppleWebKit/537.36 (KHTML, like Gecko) Chrome/63.0.3239.132 Safari/537.36"
118.6.205.26 - - [12/Jan/2018:10:48:49 +0000] "GET / HTTP/1.1" 500 1635 "-" "Mozilla/5.0 (Macintosh; Intel Mac OS X 10_13_2) AppleWebKit/537.36 (KHTML, like Gecko) Chrome/63.0.3239.132 Safari/537.36"
118.6.205.26 - - [12/Jan/2018:10:49:19 +0000] "GET / HTTP/1.1" 500 1635 "-" "Mozilla/5.0 (Macintosh; Intel Mac OS X 10_13_2) AppleWebKit/537.36 (KHTML, like Gecko) Chrome/63.0.3239.132 Safari/537.36"
118.6.205.26 - - [12/Jan/2018:10:55:48 +0000] "GET / HTTP/1.1" 500 1635 "-" "Mozilla/5.0 (Macintosh; Intel Mac OS X 10_13_2) AppleWebKit/537.36 (KHTML, like Gecko) Chrome/63.0.3239.132 Safari/537.36"
118.6.205.26 - - [12/Jan/2018:10:58:50 +0000] "GET / HTTP/1.1" 200 1563 "-" "Mozilla/5.0 (Macintosh; Intel Mac OS X 10_13_2) AppleWebKit/537.36 (KHTML, like Gecko) Chrome/63.0.3239.132 Safari/537.36"
118.6.205.26 - - [12/Jan/2018:10:59:42 +0000] "GET / HTTP/1.1" 200 1591 "-" "Mozilla/5.0 (Macintosh; Intel Mac OS X 10_13_2) AppleWebKit/537.36 (KHTML, like Gecko) Chrome/63.0.3239.132 Safari/537.36"
118.6.205.26 - - [12/Jan/2018:11:04:17 +0000] "GET / HTTP/1.1" 500 1635 "-" "Mozilla/5.0 (Macintosh; Intel Mac OS X 10_13_2) AppleWebKit/537.36 (KHTML, like Gecko) Chrome/63.0.3239.132 Safari/537.36"
118.6.205.26 - - [12/Jan/2018:11:09:28 +0000] "GET / HTTP/1.1" 500 1635 "-" "Mozilla/5.0 (Macintosh; Intel Mac OS X 10_13_2) AppleWebKit/537.36 (KHTML, like Gecko) Chrome/63.0.3239.132 Safari/537.36"
118.6.205.26 - - [12/Jan/2018:11:15:43 +0000] "GET / HTTP/1.1" 500 1635 "-" "Mozilla/5.0 (Macintosh; Intel Mac OS X 10_13_2) AppleWebKit/537.36 (KHTML, like Gecko) Chrome/63.0.3239.132 Safari/537.36"
118.6.205.26 - - [12/Jan/2018:11:36:25 +0000] "GET / HTTP/1.1" 200 1585 "-" "Mozilla/5.0 (Macintosh; Intel Mac OS X 10_13_2) AppleWebKit/537.36 (KHTML, like Gecko) Chrome/63.0.3239.132 Safari/537.36"
1.72.6.88 - - [12/Jan/2018:11:57:35 +0000] "GET / HTTP/1.1" 499 0 "-" "Mozilla/5.0 (iPhone; CPU iPhone OS 11_2 like Mac OS X) AppleWebKit/604.4.7 (KHTML, like Gecko) Version/11.0 Mobile/15C114 Safari/604.1"
1.72.6.88 - - [12/Jan/2018:11:57:49 +0000] "GET / HTTP/1.1" 200 1572 "-" "Mozilla/5.0 (iPhone; CPU iPhone OS 11_2 like Mac OS X) AppleWebKit/604.4.7 (KHTML, like Gecko) Version/11.0 Mobile/15C114 Safari/604.1"
1.72.6.88 - - [12/Jan/2018:11:59:24 +0000] "GET / HTTP/1.1" 200 1582 "-" "Mozilla/5.0 (iPhone; CPU iPhone OS 11_2 like Mac OS X) AppleWebKit/604.4.7 (KHTML, like Gecko) Version/11.0 Mobile/15C114 Safari/604.1"
1.72.6.88 - - [12/Jan/2018:11:59:42 +0000] "GET / HTTP/1.1" 200 1589 "-" "Mozilla/5.0 (iPhone; CPU iPhone OS 11_2 like Mac OS X) AppleWebKit/604.4.7 (KHTML, like Gecko) Version/11.0 Mobile/15C114 Safari/604.1"
1.72.6.88 - - [12/Jan/2018:12:09:46 +0000] "GET / HTTP/1.1" 499 0 "-" "Mozilla/5.0 (iPhone; CPU iPhone OS 11_2 like Mac OS X) AppleWebKit/604.4.7 (KHTML, like Gecko) Mobile/15C114 MicroMessenger/6.6.1 NetType/WIFI Language/zh_CN"
101.227.139.161 - - [12/Jan/2018:12:09:56 +0000] "GET / HTTP/1.0" 499 0 "-" "Mozilla/5.0 (iPhone; CPU iPhone OS 8_3 like Mac OS X) AppleWebKit/600.1.4 (KHTML; like Gecko) Mobile/12F70 MicroMessenger/6.1.5 NetType/WIFI"
1.72.6.88 - - [12/Jan/2018:12:10:20 +0000] "GET / HTTP/1.1" 200 1594 "-" "Mozilla/5.0 (iPhone; CPU iPhone OS 11_2 like Mac OS X) AppleWebKit/604.4.7 (KHTML, like Gecko) Mobile/15C114 MicroMessenger/6.6.1 NetType/4G Language/zh_CN"
101.227.139.161 - - [12/Jan/2018:12:15:04 +0000] "GET / HTTP/1.0" 499 0 "-" "Mozilla/5.0 (iPhone; CPU iPhone OS 8_3 like Mac OS X) AppleWebKit/600.1.4 (KHTML; like Gecko) Mobile/12F70 MicroMessenger/6.1.5 NetType/WIFI"
113.147.67.193 - - [12/Jan/2018:12:15:09 +0000] "GET / HTTP/1.1" 200 1580 "-" "Mozilla/5.0 (iPhone; CPU iPhone OS 10_3_2 like Mac OS X) AppleWebKit/603.2.4 (KHTML, like Gecko) Mobile/14F89 MicroMessenger/6.5.5 NetType/WIFI Language/zh_CN"
139.209.91.197 - - [12/Jan/2018:12:24:22 +0000] "GET / HTTP/1.1" 499 0 "http://www.baidu.com/s?wd=FGO" "Mozilla/5.0 (Windows NT 6.1; WOW64; rv:43.0) Gecko/20100101 Firefox/43.0"
49.97.110.56 - - [30/Jan/2018:06:31:26 +0000] "GET /apple-touch-icon-120x120.png HTTP/1.1" 404 746 "-" "MobileSafari/604.1 CFNetwork/893.14.2 Darwin/17.3.0"
49.97.110.56 - - [30/Jan/2018:06:32:26 +0000] "GET / HTTP/1.1" 200 1789 "-" "Mozilla/5.0 (iPhone; CPU iPhone OS 11_2 like Mac OS X) AppleWebKit/604.4.7 (KHTML, like Gecko) Version/11.0 Mobile/15C114 Safari/604.1"
49.97.110.56 - - [30/Jan/2018:06:48:59 +0000] "GET / HTTP/1.1" 200 1803 "-" "Mozilla/5.0 (iPhone; CPU iPhone OS 11_2 like Mac OS X) AppleWebKit/604.4.7 (KHTML, like Gecko) Version/11.0 Mobile/15C114 Safari/604.1"
66.249.79.88 - - [30/Jan/2018:06:55:41 +0000] "GET / HTTP/1.1" 200 1805 "-" "Mozilla/5.0 (Linux; Android 6.0.1; Nexus 5X Build/MMB29P) AppleWebKit/537.36 (KHTML, like Gecko) Chrome/41.0.2272.96 Mobile Safari/537.36 (compatible; Googlebot/2.1; +http://www.google.com/bot.html)"
49.97.110.56 - - [30/Jan/2018:07:39:55 +0000] "GET / HTTP/1.1" 200 1797 "-" "Mozilla/5.0 (iPhone; CPU iPhone OS 11_2 like Mac OS X) AppleWebKit/604.4.7 (KHTML, like Gecko) Version/11.0 Mobile/15C114 Safari/604.1"
49.97.110.56 - - [30/Jan/2018:07:39:56 +0000] "GET /apple-touch-icon-120x120-precomposed.png HTTP/1.1" 404 746 "-" "MobileSafari/604.1 CFNetwork/893.14.2 Darwin/17.3.0"
49.97.110.56 - - [30/Jan/2018:07:39:57 +0000] "GET /apple-touch-icon-120x120.png HTTP/1.1" 404 746 "-" "MobileSafari/604.1 CFNetwork/893.14.2 Darwin/17.3.0"
49.97.110.56 - - [30/Jan/2018:07:39:58 +0000] "GET /apple-touch-icon-120x120-precomposed.png HTTP/1.1" 404 746 "-" "MobileSafari/604.1 CFNetwork/893.14.2 Darwin/17.3.0"
49.97.110.56 - - [30/Jan/2018:07:39:58 +0000] "GET /apple-touch-icon-120x120.png HTTP/1.1" 404 746 "-" "MobileSafari/604.1 CFNetwork/893.14.2 Darwin/17.3.0"
49.97.110.56 - - [30/Jan/2018:07:39:59 +0000] "GET / HTTP/1.1" 200 1797 "-" "Mozilla/5.0 (iPhone; CPU iPhone OS 11_2 like Mac OS X) AppleWebKit/604.4.7 (KHTML, like Gecko) Version/11.0 Mobile/15C114 Safari/604.1"
49.97.110.56 - - [30/Jan/2018:07:40:01 +0000] "GET /apple-touch-icon-120x120-precomposed.png HTTP/1.1" 404 746 "-" "MobileSafari/604.1 CFNetwork/893.14.2 Darwin/17.3.0"
49.97.110.56 - - [30/Jan/2018:07:40:02 +0000] "GET /apple-touch-icon-120x120.png HTTP/1.1" 404 746 "-" "MobileSafari/604.1 CFNetwork/893.14.2 Darwin/17.3.0"
49.97.110.56 - - [30/Jan/2018:07:40:02 +0000] "GET /apple-touch-icon-120x120-precomposed.png HTTP/1.1" 404 746 "-" "MobileSafari/604.1 CFNetwork/893.14.2 Darwin/17.3.0"
49.97.110.56 - - [30/Jan/2018:07:40:02 +0000] "GET /apple-touch-icon-120x120.png HTTP/1.1" 404 746 "-" "MobileSafari/604.1 CFNetwork/893.14.2 Darwin/17.3.0"
49.97.110.56 - - [30/Jan/2018:07:44:11 +0000] "GET / HTTP/1.1" 200 1803 "-" "Mozilla/5.0 (iPhone; CPU iPhone OS 11_2 like Mac OS X) AppleWebKit/604.4.7 (KHTML, like Gecko) Version/11.0 Mobile/15C114 Safari/604.1"
49.97.110.56 - - [30/Jan/2018:07:48:00 +0000] "GET / HTTP/1.1" 200 1793 "-" "Mozilla/5.0 (iPhone; CPU iPhone OS 11_2 like Mac OS X) AppleWebKit/604.4.7 (KHTML, like Gecko) Version/11.0 Mobile/15C114 Safari/604.1"
178.154.200.39 - - [30/Jan/2018:07:52:25 +0000] "GET / HTTP/1.1" 200 1797 "-" "Mozilla/5.0 (compatible; YandexBot/3.0; +http://yandex.com/bots)"
66.249.79.88 - - [30/Jan/2018:09:09:40 +0000] "GET / HTTP/1.1" 200 1788 "-" "Mozilla/5.0 (Linux; Android 6.0.1; Nexus 5X Build/MMB29P) AppleWebKit/537.36 (KHTML, like Gecko) Chrome/41.0.2272.96 Mobile Safari/537.36 (compatible; Googlebot/2.1; +http://www.google.com/bot.html)"
113.147.67.193 - - [30/Jan/2018:09:24:53 +0000] "GET / HTTP/1.1" 200 1777 "-" "Mozilla/5.0 (Macintosh; Intel Mac OS X 10_13_2) AppleWebKit/537.36 (KHTML, like Gecko) Chrome/63.0.3239.132 Safari/537.36"
66.249.79.86 - - [30/Jan/2018:11:27:00 +0000] "GET / HTTP/1.1" 200 1787 "-" "Mozilla/5.0 (Linux; Android 6.0.1; Nexus 5X Build/MMB29P) AppleWebKit/537.36 (KHTML, like Gecko) Chrome/41.0.2272.96 Mobile Safari/537.36 (compatible; Googlebot/2.1; +http://www.google.com/bot.html)"
113.147.67.193 - - [30/Jan/2018:12:21:19 +0000] "GET / HTTP/1.1" 200 1802 "-" "Mozilla/5.0 (Macintosh; Intel Mac OS X 10_13_2) AppleWebKit/537.36 (KHTML, like Gecko) Chrome/63.0.3239.132 Safari/537.36"
66.249.79.90 - - [30/Jan/2018:12:43:52 +0000] "GET / HTTP/1.1" 200 1790 "-" "Mozilla/5.0 (compatible; Googlebot/2.1; +http://www.google.com/bot.html)"
113.147.67.193 - - [30/Jan/2018:12:48:33 +0000] "GET / HTTP/1.1" 200 1800 "-" "Mozilla/5.0 (Macintosh; Intel Mac OS X 10_13_2) AppleWebKit/537.36 (KHTML, like Gecko) Chrome/63.0.3239.132 Safari/537.36"
38.142.98.194 - - [30/Jan/2018:13:12:53 +0000] "GET / HTTP/1.1" 200 9860 "-" "-"
178.154.200.39 - - [30/Jan/2018:13:24:33 +0000] "GET / HTTP/1.1" 200 1801 "-" "Mozilla/5.0 (compatible; YandexBot/3.0; +http://yandex.com/bots)"
66.249.79.90 - - [30/Jan/2018:13:34:41 +0000] "GET / HTTP/1.1" 200 1784 "-" "Mozilla/5.0 (Linux; Android 6.0.1; Nexus 5X Build/MMB29P) AppleWebKit/537.36 (KHTML, like Gecko) Chrome/41.0.2272.96 Mobile Safari/537.36 (compatible; Googlebot/2.1; +http://www.google.com/bot.html)"
113.147.67.193 - - [30/Jan/2018:14:25:15 +0000] "GET / HTTP/1.1" 200 1796 "-" "Mozilla/5.0 (Macintosh; Intel Mac OS X 10_13_2) AppleWebKit/537.36 (KHTML, like Gecko) Chrome/63.0.3239.132 Safari/537.36"
66.249.79.86 - - [30/Jan/2018:15:01:12 +0000] "GET / HTTP/1.1" 200 1790 "-" "Mozilla/5.0 (compatible; Googlebot/2.1; +http://www.google.com/bot.html)"
113.147.67.193 - - [30/Jan/2018:15:27:43 +0000] "GET / HTTP/1.1" 200 1797 "-" "Mozilla/5.0 (iPhone; CPU iPhone OS 11_2 like Mac OS X) AppleWebKit/604.4.7 (KHTML, like Gecko) Version/11.0 Mobile/15C114 Safari/604.1"
113.147.67.193 - - [30/Jan/2018:15:27:54 +0000] "GET / HTTP/1.1" 200 1798 "-" "Mozilla/5.0 (iPhone; CPU iPhone OS 11_2 like Mac OS X) AppleWebKit/604.4.7 (KHTML, like Gecko) Version/11.0 Mobile/15C114 Safari/604.1"
180.97.35.219 - - [30/Jan/2018:15:28:45 +0000] "GET / HTTP/1.1" 200 1776 "http://www.baidu.com/s?wd=OM7" "Mozilla/5.0 (Windows NT 6.1; WOW64; rv:43.0) Gecko/20100101 Firefox/43.0"
113.147.67.193 - - [30/Jan/2018:15:41:01 +0000] "GET / HTTP/1.1" 200 1797 "-" "Mozilla/5.0 (iPhone; CPU iPhone OS 11_2 like Mac OS X) AppleWebKit/604.4.7 (KHTML, like Gecko) Version/11.0 Mobile/15C114 Safari/604.1"
113.147.67.193 - - [30/Jan/2018:15:41:06 +0000] "GET / HTTP/1.1" 200 1797 "-" "Mozilla/5.0 (iPhone; CPU iPhone OS 11_2 like Mac OS X) AppleWebKit/604.4.7 (KHTML, like Gecko) Version/11.0 Mobile/15C114 Safari/604.1"
113.147.67.193 - - [30/Jan/2018:15:46:18 +0000] "GET / HTTP/1.1" 200 1793 "-" "Mozilla/5.0 (iPhone; CPU iPhone OS 11_2 like Mac OS X) AppleWebKit/604.4.7 (KHTML, like Gecko) Version/11.0 Mobile/15C114 Safari/604.1"
113.147.67.193 - - [30/Jan/2018:15:46:31 +0000] "GET / HTTP/1.1" 200 1798 "-" "Mozilla/5.0 (iPhone; CPU iPhone OS 11_2 like Mac OS X) AppleWebKit/604.4.7 (KHTML, like Gecko) Version/11.0 Mobile/15C114 Safari/604.1"
113.147.67.193 - - [30/Jan/2018:15:46:31 +0000] "GET / HTTP/1.1" 200 1793 "-" "Mozilla/5.0 (iPhone; CPU iPhone OS 11_2 like Mac OS X) AppleWebKit/604.4.7 (KHTML, like Gecko) Version/11.0 Mobile/15C114 Safari/604.1"
113.147.67.193 - - [30/Jan/2018:15:46:32 +0000] "GET /apple-touch-icon-120x120-precomposed.png HTTP/1.1" 404 746 "-" "MobileSafari/604.1 CFNetwork/893.14.2 Darwin/17.3.0"
113.147.67.193 - - [30/Jan/2018:15:46:32 +0000] "GET /apple-touch-icon-120x120-precomposed.png HTTP/1.1" 404 746 "-" "MobileSafari/604.1 CFNetwork/893.14.2 Darwin/17.3.0"
113.147.67.193 - - [30/Jan/2018:15:46:32 +0000] "GET /apple-touch-icon-120x120.png HTTP/1.1" 404 746 "-" "MobileSafari/604.1 CFNetwork/893.14.2 Darwin/17.3.0"
113.147.67.193 - - [30/Jan/2018:15:46:32 +0000] "GET /apple-touch-icon-120x120.png HTTP/1.1" 404 746 "-" "MobileSafari/604.1 CFNetwork/893.14.2 Darwin/17.3.0"
113.147.67.193 - - [30/Jan/2018:15:46:32 +0000] "GET /apple-touch-icon-120x120-precomposed.png HTTP/1.1" 404 746 "-" "MobileSafari/604.1 CFNetwork/893.14.2 Darwin/17.3.0"
113.147.67.193 - - [30/Jan/2018:15:46:32 +0000] "GET /apple-touch-icon-120x120-precomposed.png HTTP/1.1" 404 746 "-" "MobileSafari/604.1 CFNetwork/893.14.2 Darwin/17.3.0"
113.147.67.193 - - [30/Jan/2018:15:46:32 +0000] "GET /apple-touch-icon-120x120.png HTTP/1.1" 404 746 "-" "MobileSafari/604.1 CFNetwork/893.14.2 Darwin/17.3.0"
113.147.67.193 - - [30/Jan/2018:15:46:32 +0000] "GET /apple-touch-icon-120x120.png HTTP/1.1" 404 746 "-" "MobileSafari/604.1 CFNetwork/893.14.2 Darwin/17.3.0"
115.239.212.7 - - [30/Jan/2018:15:48:44 +0000] "GET / HTTP/1.1" 200 1804 "http://www.baidu.com/s?wd=9U1" "Mozilla/5.0 (Windows NT 6.1; WOW64; rv:43.0) Gecko/20100101 Firefox/43.0"
113.147.67.193 - - [30/Jan/2018:16:08:09 +0000] "GET / HTTP/1.1" 200 1809 "-" "Mozilla/5.0 (Macintosh; Intel Mac OS X 10_13_2) AppleWebKit/537.36 (KHTML, like Gecko) Chrome/63.0.3239.132 Safari/537.36"
113.147.67.193 - - [30/Jan/2018:16:12:22 +0000] "GET / HTTP/1.1" 200 1807 "-" "Mozilla/5.0 (Macintosh; Intel Mac OS X 10_13_2) AppleWebKit/537.36 (KHTML, like Gecko) Chrome/63.0.3239.132 Safari/537.36"
66.249.79.88 - - [30/Jan/2018:16:28:02 +0000] "GET / HTTP/1.1" 200 1802 "-" "Mozilla/5.0 (Linux; Android 6.0.1; Nexus 5X Build/MMB29P) AppleWebKit/537.36 (KHTML, like Gecko) Chrome/41.0.2272.96 Mobile Safari/537.36 (compatible; Googlebot/2.1; +http://www.google.com/bot.html)"
113.147.67.193 - - [30/Jan/2018:16:32:31 +0000] "GET / HTTP/1.1" 200 1810 "-" "Mozilla/5.0 (Macintosh; Intel Mac OS X 10_13_2) AppleWebKit/537.36 (KHTML, like Gecko) Chrome/63.0.3239.132 Safari/537.36"
113.147.67.193 - - [30/Jan/2018:16:32:45 +0000] "GET / HTTP/1.1" 200 1820 "-" "Mozilla/5.0 (Macintosh; Intel Mac OS X 10_13_2) AppleWebKit/537.36 (KHTML, like Gecko) Chrome/63.0.3239.132 Safari/537.36"
113.147.67.193 - - [30/Jan/2018:16:39:14 +0000] "GET / HTTP/1.1" 200 1792 "-" "Mozilla/5.0 (Macintosh; Intel Mac OS X 10_13_2) AppleWebKit/537.36 (KHTML, like Gecko) Chrome/63.0.3239.132 Safari/537.36"
113.147.67.193 - - [30/Jan/2018:16:39:30 +0000] "GET / HTTP/1.1" 200 1807 "-" "Mozilla/5.0 (Macintosh; Intel Mac OS X 10_13_2) AppleWebKit/537.36 (KHTML, like Gecko) Chrome/63.0.3239.132 Safari/537.36"
66.249.79.88 - - [30/Jan/2018:17:28:58 +0000] "GET / HTTP/1.1" 200 1783 "-" "Mozilla/5.0 (compatible; Googlebot/2.1; +http://www.google.com/bot.html)"
66.249.79.90 - - [30/Jan/2018:17:28:59 +0000] "GET / HTTP/1.1" 200 1777 "-" "Mozilla/5.0 (compatible; Googlebot/2.1; +http://www.google.com/bot.html)"
66.249.79.86 - - [30/Jan/2018:18:14:40 +0000] "GET / HTTP/1.1" 200 1783 "-" "Mozilla/5.0 (Linux; Android 6.0.1; Nexus 5X Build/MMB29P) AppleWebKit/537.36 (KHTML, like Gecko) Chrome/41.0.2272.96 Mobile Safari/537.36 (compatible; Googlebot/2.1; +http://www.google.com/bot.html)"
123.125.143.138 - - [30/Jan/2018:19:34:47 +0000] "GET / HTTP/1.1" 200 1807 "http://www.baidu.com/s?wd=1ZIE" "Mozilla/5.0 (Windows NT 6.1; WOW64; rv:43.0) Gecko/20100101 Firefox/43.0"
66.249.79.90 - - [30/Jan/2018:23:19:43 +0000] "GET / HTTP/1.1" 200 1807 "-" "Mozilla/5.0 (Linux; Android 6.0.1; Nexus 5X Build/MMB29P) AppleWebKit/537.36 (KHTML, like Gecko) Chrome/41.0.2272.96 Mobile Safari/537.36 (compatible; Googlebot/2.1; +http://www.google.com/bot.html)"
113.147.67.193 - - [30/Jan/2018:23:56:01 +0000] "GET / HTTP/1.1" 200 1820 "-" "Mozilla/5.0 (Macintosh; Intel Mac OS X 10_13_2) AppleWebKit/537.36 (KHTML, like Gecko) Chrome/63.0.3239.132 Safari/537.36"
113.147.67.193 - - [31/Jan/2018:00:06:31 +0000] "GET / HTTP/1.1" 200 1808 "-" "Mozilla/5.0 (Macintosh; Intel Mac OS X 10_13_2) AppleWebKit/537.36 (KHTML, like Gecko) Chrome/63.0.3239.132 Safari/537.36"
113.147.67.193 - - [31/Jan/2018:00:40:39 +0000] "GET / HTTP/1.1" 200 1804 "-" "Mozilla/5.0 (Macintosh; Intel Mac OS X 10_13_2) AppleWebKit/537.36 (KHTML, like Gecko) Chrome/63.0.3239.132 Safari/537.36"
113.147.67.193 - - [31/Jan/2018:00:41:41 +0000] "GET / HTTP/1.1" 200 1793 "-" "Mozilla/5.0 (Macintosh; Intel Mac OS X 10_13_2) AppleWebKit/537.36 (KHTML, like Gecko) Chrome/63.0.3239.132 Safari/537.36"
113.147.67.193 - - [31/Jan/2018:00:43:07 +0000] "GET / HTTP/1.1" 200 1803 "-" "Mozilla/5.0 (Macintosh; Intel Mac OS X 10_13_2) AppleWebKit/537.36 (KHTML, like Gecko) Chrome/63.0.3239.132 Safari/537.36"
113.147.67.193 - - [31/Jan/2018:00:44:33 +0000] "GET / HTTP/1.1" 200 1812 "-" "Mozilla/5.0 (Macintosh; Intel Mac OS X 10_13_2) AppleWebKit/537.36 (KHTML, like Gecko) Chrome/63.0.3239.132 Safari/537.36"
113.147.67.193 - - [31/Jan/2018:01:06:16 +0000] "GET / HTTP/1.1" 200 1791 "-" "Mozilla/5.0 (Macintosh; Intel Mac OS X 10_13_2) AppleWebKit/537.36 (KHTML, like Gecko) Chrome/63.0.3239.132 Safari/537.36"
113.147.67.193 - - [31/Jan/2018:01:07:28 +0000] "GET / HTTP/1.1" 200 1814 "-" "Mozilla/5.0 (Macintosh; Intel Mac OS X 10_13_2) AppleWebKit/537.36 (KHTML, like Gecko) Chrome/63.0.3239.132 Safari/537.36"
113.147.67.193 - - [31/Jan/2018:01:08:27 +0000] "GET / HTTP/1.1" 200 1788 "-" "Mozilla/5.0 (Macintosh; Intel Mac OS X 10_13_2) AppleWebKit/537.36 (KHTML, like Gecko) Chrome/63.0.3239.132 Safari/537.36"
113.147.67.193 - - [31/Jan/2018:01:08:43 +0000] "GET / HTTP/1.1" 200 1793 "-" "Mozilla/5.0 (Macintosh; Intel Mac OS X 10_13_2) AppleWebKit/537.36 (KHTML, like Gecko) Chrome/63.0.3239.132 Safari/537.36"
113.147.67.193 - - [31/Jan/2018:01:09:44 +0000] "GET / HTTP/1.1" 200 1803 "-" "Mozilla/5.0 (Macintosh; Intel Mac OS X 10_13_2) AppleWebKit/537.36 (KHTML, like Gecko) Chrome/63.0.3239.132 Safari/537.36"
113.147.67.193 - - [31/Jan/2018:01:09:56 +0000] "GET / HTTP/1.1" 200 1804 "-" "Mozilla/5.0 (Macintosh; Intel Mac OS X 10_13_2) AppleWebKit/537.36 (KHTML, like Gecko) Chrome/63.0.3239.132 Safari/537.36"
113.147.67.193 - - [31/Jan/2018:01:10:00 +0000] "GET / HTTP/1.1" 200 1805 "-" "Mozilla/5.0 (Macintosh; Intel Mac OS X 10_13_2) AppleWebKit/537.36 (KHTML, like Gecko) Chrome/63.0.3239.132 Safari/537.36"
113.147.67.193 - - [31/Jan/2018:01:10:08 +0000] "GET / HTTP/1.1" 200 1806 "-" "Mozilla/5.0 (Macintosh; Intel Mac OS X 10_13_2) AppleWebKit/537.36 (KHTML, like Gecko) Chrome/63.0.3239.132 Safari/537.36"
113.147.67.193 - - [31/Jan/2018:01:11:57 +0000] "GET / HTTP/1.1" 200 1797 "-" "Mozilla/5.0 (Macintosh; Intel Mac OS X 10_13_2) AppleWebKit/537.36 (KHTML, like Gecko) Chrome/63.0.3239.132 Safari/537.36"
113.147.67.193 - - [31/Jan/2018:01:12:16 +0000] "GET / HTTP/1.1" 200 1795 "-" "Mozilla/5.0 (Macintosh; Intel Mac OS X 10_13_2) AppleWebKit/537.36 (KHTML, like Gecko) Chrome/63.0.3239.132 Safari/537.36"
113.147.67.193 - - [31/Jan/2018:01:13:06 +0000] "GET / HTTP/1.1" 200 1805 "-" "Mozilla/5.0 (Macintosh; Intel Mac OS X 10_13_2) AppleWebKit/537.36 (KHTML, like Gecko) Chrome/63.0.3239.132 Safari/537.36"
113.147.67.193 - - [31/Jan/2018:01:13:46 +0000] "GET / HTTP/1.1" 200 1806 "-" "Mozilla/5.0 (Macintosh; Intel Mac OS X 10_13_2) AppleWebKit/537.36 (KHTML, like Gecko) Chrome/63.0.3239.132 Safari/537.36"
113.147.67.193 - - [31/Jan/2018:01:19:10 +0000] "GET / HTTP/1.1" 200 1780 "-" "Mozilla/5.0 (Macintosh; Intel Mac OS X 10_13_2) AppleWebKit/537.36 (KHTML, like Gecko) Chrome/63.0.3239.132 Safari/537.36"
113.147.67.193 - - [31/Jan/2018:01:19:16 +0000] "GET / HTTP/1.1" 200 1785 "-" "Mozilla/5.0 (Macintosh; Intel Mac OS X 10_13_2) AppleWebKit/537.36 (KHTML, like Gecko) Chrome/63.0.3239.132 Safari/537.36"
113.147.67.193 - - [31/Jan/2018:01:19:19 +0000] "GET / HTTP/1.1" 200 1787 "-" "Mozilla/5.0 (Macintosh; Intel Mac OS X 10_13_2) AppleWebKit/537.36 (KHTML, like Gecko) Chrome/63.0.3239.132 Safari/537.36"
113.147.67.193 - - [31/Jan/2018:01:21:10 +0000] "GET / HTTP/1.1" 200 1809 "-" "Mozilla/5.0 (Macintosh; Intel Mac OS X 10_13_2) AppleWebKit/537.36 (KHTML, like Gecko) Chrome/63.0.3239.132 Safari/537.36"
113.147.67.193 - - [31/Jan/2018:01:45:08 +0000] "GET / HTTP/1.1" 200 1825 "-" "Mozilla/5.0 (Macintosh; Intel Mac OS X 10_13_2) AppleWebKit/537.36 (KHTML, like Gecko) Chrome/63.0.3239.132 Safari/537.36"
66.249.79.86 - - [31/Jan/2018:01:47:41 +0000] "GET / HTTP/1.1" 200 1800 "-" "Mozilla/5.0 (Linux; Android 6.0.1; Nexus 5X Build/MMB29P) AppleWebKit/537.36 (KHTML, like Gecko) Chrome/41.0.2272.96 Mobile Safari/537.36 (compatible; Googlebot/2.1; +http://www.google.com/bot.html)"
113.147.67.193 - - [31/Jan/2018:01:48:45 +0000] "GET / HTTP/1.1" 200 1806 "-" "Mozilla/5.0 (Macintosh; Intel Mac OS X 10_13_2) AppleWebKit/537.36 (KHTML, like Gecko) Chrome/63.0.3239.132 Safari/537.36"
49.97.104.139 - - [31/Jan/2018:02:12:54 +0000] "GET / HTTP/1.1" 200 1806 "-" "Mozilla/5.0 (iPhone; CPU iPhone OS 11_2 like Mac OS X) AppleWebKit/604.4.7 (KHTML, like Gecko) Version/11.0 Mobile/15C114 Safari/604.1"
49.97.104.139 - - [31/Jan/2018:02:13:00 +0000] "GET / HTTP/1.1" 200 1802 "-" "Mozilla/5.0 (iPhone; CPU iPhone OS 11_2 like Mac OS X) AppleWebKit/604.4.7 (KHTML, like Gecko) Version/11.0 Mobile/15C114 Safari/604.1"
49.97.104.139 - - [31/Jan/2018:02:15:31 +0000] "GET / HTTP/1.1" 200 1821 "-" "Mozilla/5.0 (iPhone; CPU iPhone OS 11_2 like Mac OS X) AppleWebKit/604.4.7 (KHTML, like Gecko) Version/11.0 Mobile/15C114 Safari/604.1"
118.6.205.26 - - [31/Jan/2018:02:53:39 +0000] "GET / HTTP/1.1" 200 1790 "-" "Mozilla/5.0 (Macintosh; Intel Mac OS X 10_13_2) AppleWebKit/537.36 (KHTML, like Gecko) Chrome/63.0.3239.132 Safari/537.36"
118.6.205.26 - - [31/Jan/2018:02:53:43 +0000] "GET / HTTP/1.1" 200 1795 "-" "Mozilla/5.0 (Macintosh; Intel Mac OS X 10_13_2) AppleWebKit/537.36 (KHTML, like Gecko) Chrome/63.0.3239.132 Safari/537.36"
118.6.205.26 - - [31/Jan/2018:03:09:49 +0000] "GET / HTTP/1.1" 200 1809 "-" "Mozilla/5.0 (Macintosh; Intel Mac OS X 10_13_2) AppleWebKit/537.36 (KHTML, like Gecko) Chrome/63.0.3239.132 Safari/537.36"
118.6.205.26 - - [31/Jan/2018:03:09:57 +0000] "GET / HTTP/1.1" 200 1808 "-" "Mozilla/5.0 (Macintosh; Intel Mac OS X 10_13_2) AppleWebKit/537.36 (KHTML, like Gecko) Chrome/63.0.3239.132 Safari/537.36"
118.6.205.26 - - [31/Jan/2018:03:10:26 +0000] "GET / HTTP/1.1" 200 1815 "-" "Mozilla/5.0 (Macintosh; Intel Mac OS X 10_13_2) AppleWebKit/537.36 (KHTML, like Gecko) Chrome/63.0.3239.132 Safari/537.36"
118.6.205.26 - - [31/Jan/2018:03:10:33 +0000] "GET / HTTP/1.1" 200 1789 "-" "Mozilla/5.0 (Macintosh; Intel Mac OS X 10_13_2) AppleWebKit/537.36 (KHTML, like Gecko) Chrome/63.0.3239.132 Safari/537.36"
66.249.79.88 - - [31/Jan/2018:03:49:22 +0000] "GET / HTTP/1.1" 200 1825 "-" "Mozilla/5.0 (Linux; Android 6.0.1; Nexus 5X Build/MMB29P) AppleWebKit/537.36 (KHTML, like Gecko) Chrome/41.0.2272.96 Mobile Safari/537.36 (compatible; Googlebot/2.1; +http://www.google.com/bot.html)"
66.249.79.86 - - [31/Jan/2018:03:49:23 +0000] "GET / HTTP/1.1" 200 1830 "-" "Mozilla/5.0 (Linux; Android 6.0.1; Nexus 5X Build/MMB29P) AppleWebKit/537.36 (KHTML, like Gecko) Chrome/41.0.2272.96 Mobile Safari/537.36 (compatible; Googlebot/2.1; +http://www.google.com/bot.html)"
118.6.205.26 - - [31/Jan/2018:04:12:46 +0000] "GET / HTTP/1.1" 200 1810 "-" "Mozilla/5.0 (Macintosh; Intel Mac OS X 10_13_2) AppleWebKit/537.36 (KHTML, like Gecko) Chrome/63.0.3239.132 Safari/537.36"
118.6.205.26 - - [31/Jan/2018:04:25:21 +0000] "GET / HTTP/1.1" 200 1819 "-" "Mozilla/5.0 (Macintosh; Intel Mac OS X 10_13_2) AppleWebKit/537.36 (KHTML, like Gecko) Chrome/63.0.3239.132 Safari/537.36"
118.6.205.26 - - [31/Jan/2018:04:25:40 +0000] "GET / HTTP/1.1" 200 1793 "-" "Mozilla/5.0 (Macintosh; Intel Mac OS X 10_13_2) AppleWebKit/537.36 (KHTML, like Gecko) Chrome/63.0.3239.132 Safari/537.36"
118.6.205.26 - - [31/Jan/2018:04:25:42 +0000] "GET / HTTP/1.1" 200 1794 "-" "Mozilla/5.0 (Macintosh; Intel Mac OS X 10_13_2) AppleWebKit/537.36 (KHTML, like Gecko) Chrome/63.0.3239.132 Safari/537.36"
118.6.205.26 - - [31/Jan/2018:04:26:14 +0000] "GET / HTTP/1.1" 200 1791 "-" "Mozilla/5.0 (Macintosh; Intel Mac OS X 10_13_2) AppleWebKit/537.36 (KHTML, like Gecko) Chrome/63.0.3239.132 Safari/537.36"
118.6.205.26 - - [31/Jan/2018:04:26:17 +0000] "GET / HTTP/1.1" 200 1795 "-" "Mozilla/5.0 (Macintosh; Intel Mac OS X 10_13_2) AppleWebKit/537.36 (KHTML, like Gecko) Chrome/63.0.3239.132 Safari/537.36"
118.6.205.26 - - [31/Jan/2018:04:54:44 +0000] "GET / HTTP/1.1" 200 1806 "-" "Mozilla/5.0 (Macintosh; Intel Mac OS X 10_13_2) AppleWebKit/537.36 (KHTML, like Gecko) Chrome/63.0.3239.132 Safari/537.36"
118.6.205.26 - - [31/Jan/2018:05:50:30 +0000] "GET / HTTP/1.1" 200 1806 "-" "Mozilla/5.0 (Macintosh; Intel Mac OS X 10_13_2) AppleWebKit/537.36 (KHTML, like Gecko) Chrome/63.0.3239.132 Safari/537.36"
118.6.205.26 - - [31/Jan/2018:05:52:44 +0000] "GET / HTTP/1.1" 200 1796 "-" "Mozilla/5.0 (Macintosh; Intel Mac OS X 10_13_2) AppleWebKit/537.36 (KHTML, like Gecko) Chrome/63.0.3239.132 Safari/537.36"
118.6.205.26 - - [31/Jan/2018:05:53:32 +0000] "GET / HTTP/1.1" 200 1810 "-" "Mozilla/5.0 (Macintosh; Intel Mac OS X 10_13_2) AppleWebKit/537.36 (KHTML, like Gecko) Chrome/63.0.3239.132 Safari/537.36"
78.106.119.52 - - [31/Jan/2018:06:54:35 +0000] "GET / HTTP/1.1" 200 1794 "http://yandex.ru/clck/jsredir?from=yandex.ru%3Bsearch%3Bweb%3B%3B&text=&etext=1683.RZpBraZ_OYOsYbSKQiBtc6pwQSaVxEQlpERLquMHzysvh-D7SSggUpgXf_-8EOzz.8c0995e538bf6da2fd9d2a478d305a9f4ec2d5e4&uuid=&state=_BLhILn4SxNIvvL0W45KSic66uCIg23qh8iRG98qeIXmeppkgUc0YGftRg9cP1erjBfVTUcXDXk&data=UlNrNmk5WktYejR0eWJFYk1LdmtxcnJDNi1SSUFFNGlPZUVjVWlmMU1RdmsyelBxaW1sZGxheFZaZmpKNFhpd2RzUnJlRXlhYlZKamdSNGZQWjFITjJPRnp2eUhZbnR0&b64e=2&sign=a816dd37d6fcfb02bdc76d4835844a95&keyno=0&cst=AiuY0DBWFJ7IXge4WdYJQaYgAYq7Jarr67g0ZME2MxzHsQAnVN6-E0mnOwm1ytxS0dHgXDzS95v_49YsoQYndtlhNZL-EJb7NJE-Bm2qK1aXoU7oI11U-ks7dJjimVzfn65WgjQ8CXzJn6Te6vwcbQ&ref=orjY4mGPRjk5boDnW0uvlrrd71vZw9kp5uQozpMtKCVwjJVQHb9Cs3roofJ75JQKCXX5V_uyRQuad1mxVE7MrtMo5EWN1WoHVt4rj7EWHmobHiQdhGezTg&l10n=ru&cts=1517380763293&mc=3.33480697905" "Mozilla/5.0 (compatible; MSIE 10.0; Windows NT 6.2; WOW64; Trident/6.0; MDDCJS)"
49.97.104.139 - - [31/Jan/2018:08:12:06 +0000] "GET / HTTP/1.1" 200 1796 "-" "Mozilla/5.0 (Macintosh; Intel Mac OS X 10_13_2) AppleWebKit/537.36 (KHTML, like Gecko) Chrome/63.0.3239.132 Safari/537.36"
49.97.104.139 - - [31/Jan/2018:08:13:24 +0000] "GET /chart HTTP/1.1" 200 4125305 "-" "Mozilla/5.0 (Macintosh; Intel Mac OS X 10_13_2) AppleWebKit/537.36 (KHTML, like Gecko) Chrome/63.0.3239.132 Safari/537.36"
153.219.170.174 - - [31/Jan/2018:09:09:32 +0000] "GET / HTTP/1.1" 200 1791 "http://arbcoin.live/" "Mozilla/5.0 (iPhone; CPU iPhone OS 11_2 like Mac OS X) AppleWebKit/604.4.7 (KHTML, like Gecko) Version/11.0 Mobile/15C114 Safari/604.1"
153.219.170.174 - - [31/Jan/2018:09:09:38 +0000] "GET / HTTP/1.1" 200 1790 "-" "Mozilla/5.0 (iPhone; CPU iPhone OS 11_2 like Mac OS X) AppleWebKit/604.4.7 (KHTML, like Gecko) Version/11.0 Mobile/15C114 Safari/604.1"
153.219.170.174 - - [31/Jan/2018:09:09:38 +0000] "GET / HTTP/1.1" 200 1792 "http://arbcoin.live/" "Mozilla/5.0 (iPhone; CPU iPhone OS 11_2 like Mac OS X) AppleWebKit/604.4.7 (KHTML, like Gecko) Version/11.0 Mobile/15C114 Safari/604.1"
118.6.205.26 - - [31/Jan/2018:09:14:08 +0000] "GET / HTTP/1.1" 200 1810 "http://arbcoin.live/" "Mozilla/5.0 (iPhone; CPU iPhone OS 11_2 like Mac OS X) AppleWebKit/604.4.7 (KHTML, like Gecko) Version/11.0 Mobile/15C114 Safari/604.1"
118.6.205.26 - - [31/Jan/2018:09:14:08 +0000] "GET / HTTP/1.1" 200 1804 "-" "Mozilla/5.0 (iPhone; CPU iPhone OS 11_2 like Mac OS X) AppleWebKit/604.4.7 (KHTML, like Gecko) Version/11.0 Mobile/15C114 Safari/604.1"
118.6.205.26 - - [31/Jan/2018:09:14:24 +0000] "GET / HTTP/1.1" 200 1806 "-" "Mozilla/5.0 (iPhone; CPU iPhone OS 11_2 like Mac OS X) AppleWebKit/604.4.7 (KHTML, like Gecko) Version/11.0 Mobile/15C114 Safari/604.1"
118.6.205.26 - - [31/Jan/2018:09:14:24 +0000] "GET / HTTP/1.1" 200 1807 "http://arbcoin.live/" "Mozilla/5.0 (iPhone; CPU iPhone OS 11_2 like Mac OS X) AppleWebKit/604.4.7 (KHTML, like Gecko) Version/11.0 Mobile/15C114 Safari/604.1"
118.6.205.26 - - [31/Jan/2018:09:28:39 +0000] "GET / HTTP/1.1" 200 1799 "-" "Mozilla/5.0 (iPhone; CPU iPhone OS 11_2 like Mac OS X) AppleWebKit/604.4.7 (KHTML, like Gecko) Version/11.0 Mobile/15C114 Safari/604.1"
118.6.205.26 - - [31/Jan/2018:09:28:39 +0000] "GET /apple-touch-icon-120x120-precomposed.png HTTP/1.1" 404 746 "-" "MobileSafari/604.1 CFNetwork/893.14.2 Darwin/17.3.0"
118.6.205.26 - - [31/Jan/2018:09:28:39 +0000] "GET /apple-touch-icon-120x120.png HTTP/1.1" 404 746 "-" "MobileSafari/604.1 CFNetwork/893.14.2 Darwin/17.3.0"
118.6.205.26 - - [31/Jan/2018:09:28:39 +0000] "GET /apple-touch-icon-120x120-precomposed.png HTTP/1.1" 404 746 "-" "MobileSafari/604.1 CFNetwork/893.14.2 Darwin/17.3.0"
118.6.205.26 - - [31/Jan/2018:09:28:39 +0000] "GET /apple-touch-icon-120x120.png HTTP/1.1" 404 746 "-" "MobileSafari/604.1 CFNetwork/893.14.2 Darwin/17.3.0"
118.6.205.26 - - [31/Jan/2018:09:28:42 +0000] "GET / HTTP/1.1" 200 1804 "-" "Mozilla/5.0 (iPhone; CPU iPhone OS 11_2 like Mac OS X) AppleWebKit/604.4.7 (KHTML, like Gecko) Version/11.0 Mobile/15C114 Safari/604.1"
118.6.205.26 - - [31/Jan/2018:09:28:42 +0000] "GET /apple-touch-icon-120x120-precomposed.png HTTP/1.1" 404 746 "-" "MobileSafari/604.1 CFNetwork/893.14.2 Darwin/17.3.0"
118.6.205.26 - - [31/Jan/2018:09:28:42 +0000] "GET /apple-touch-icon-120x120.png HTTP/1.1" 404 746 "-" "MobileSafari/604.1 CFNetwork/893.14.2 Darwin/17.3.0"
118.6.205.26 - - [31/Jan/2018:09:28:42 +0000] "GET /apple-touch-icon-120x120-precomposed.png HTTP/1.1" 404 746 "-" "MobileSafari/604.1 CFNetwork/893.14.2 Darwin/17.3.0"
118.6.205.26 - - [31/Jan/2018:09:28:42 +0000] "GET /apple-touch-icon-120x120.png HTTP/1.1" 404 746 "-" "MobileSafari/604.1 CFNetwork/893.14.2 Darwin/17.3.0"
136.243.145.134 - - [31/Jan/2018:10:50:51 +0000] "GET / HTTP/1.0" 200 9840 "-" "Mozilla/5.0 (Windows NT 6.1) AppleWebKit/537.36 (KHTML, like Gecko) Chrome/41.0.2228.0 Safari/537.36"
49.97.104.139 - - [31/Jan/2018:11:41:17 +0000] "GET / HTTP/1.1" 499 0 "-" "Mozilla/5.0 (iPhone; CPU iPhone OS 11_2 like Mac OS X) AppleWebKit/604.4.7 (KHTML, like Gecko) Version/11.0 Mobile/15C114 Safari/604.1"
49.97.104.139 - - [31/Jan/2018:11:41:18 +0000] "GET / HTTP/1.1" 200 1787 "http://arbcoin.live/" "Mozilla/5.0 (iPhone; CPU iPhone OS 11_2 like Mac OS X) AppleWebKit/604.4.7 (KHTML, like Gecko) Version/11.0 Mobile/15C114 Safari/604.1"
49.97.104.139 - - [31/Jan/2018:11:41:19 +0000] "GET / HTTP/1.1" 200 1797 "-" "Mozilla/5.0 (iPhone; CPU iPhone OS 11_2 like Mac OS X) AppleWebKit/604.4.7 (KHTML, like Gecko) Version/11.0 Mobile/15C114 Safari/604.1"
49.97.104.139 - - [31/Jan/2018:14:44:35 +0000] "GET / HTTP/1.1" 200 1798 "http://arbcoin.live/" "Mozilla/5.0 (iPhone; CPU iPhone OS 11_2 like Mac OS X) AppleWebKit/604.4.7 (KHTML, like Gecko) Version/11.0 Mobile/15C114 Safari/604.1"
49.97.104.139 - - [31/Jan/2018:14:44:39 +0000] "GET / HTTP/1.1" 200 1792 "-" "Mozilla/5.0 (iPhone; CPU iPhone OS 11_2 like Mac OS X) AppleWebKit/604.4.7 (KHTML, like Gecko) Version/11.0 Mobile/15C114 Safari/604.1"
49.97.104.139 - - [31/Jan/2018:14:44:39 +0000] "GET / HTTP/1.1" 200 1794 "http://arbcoin.live/" "Mozilla/5.0 (iPhone; CPU iPhone OS 11_2 like Mac OS X) AppleWebKit/604.4.7 (KHTML, like Gecko) Version/11.0 Mobile/15C114 Safari/604.1"
113.147.67.193 - - [31/Jan/2018:15:41:39 +0000] "GET / HTTP/1.1" 200 1800 "-" "Mozilla/5.0 (Macintosh; Intel Mac OS X 10_13_2) AppleWebKit/537.36 (KHTML, like Gecko) Chrome/63.0.3239.132 Safari/537.36"
159.89.176.56 - - [31/Jan/2018:16:04:49 +0000] "HEAD / HTTP/1.1" 200 0 "http://www.netcraft.com/survey/" "Mozilla/4.0 (compatible; Netcraft Web Server Survey)"
187.38.146.196 - - [31/Jan/2018:16:07:19 +0000] "GET / HTTP/1.1" 200 1799 "-" "Mozilla/5.0 (Windows NT 6.1; rv:45.0) Gecko/20100101 Firefox/45.0"
113.147.67.193 - - [31/Jan/2018:16:32:36 +0000] "GET / HTTP/1.1" 200 1787 "-" "Mozilla/5.0 (Macintosh; Intel Mac OS X 10_13_2) AppleWebKit/537.36 (KHTML, like Gecko) Chrome/63.0.3239.132 Safari/537.36"
13.56.229.65 - - [31/Jan/2018:21:38:59 +0000] "GET / HTTP/1.1" 200 1807 "-" "Mozilla/5.0 (Macintosh; Intel Mac OS X 10_12_6) AppleWebKit/537.36 (KHTML, like Gecko) Chrome/61.0.3163.100 Safari/537.36"
54.245.208.185 - - [01/Feb/2018:00:19:18 +0000] "GET / HTTP/1.1" 200 1812 "-" "Mozilla/5.0 (Macintosh; PPC Mac OS X 10.8; rv:52.0) Gecko/20100101 Firefox/52.0"
188.226.129.55 - - [01/Feb/2018:01:04:50 +0000] "GET / HTTP/1.1" 200 1778 "-" "Mozilla/5.0 (Windows NT 6.0) AppleWebKit/537.36 (KHTML, like Gecko) Chrome/34.0.1847.116 Safari/537.36"
113.147.67.193 - - [01/Feb/2018:01:22:59 +0000] "GET / HTTP/1.1" 200 1797 "http://arbcoin.live/" "Mozilla/5.0 (iPhone; CPU iPhone OS 11_2 like Mac OS X) AppleWebKit/604.4.7 (KHTML, like Gecko) Version/11.0 Mobile/15C114 Safari/604.1"
113.147.67.193 - - [01/Feb/2018:01:23:04 +0000] "GET / HTTP/1.1" 200 1803 "-" "Mozilla/5.0 (iPhone; CPU iPhone OS 11_2 like Mac OS X) AppleWebKit/604.4.7 (KHTML, like Gecko) Version/11.0 Mobile/15C114 Safari/604.1"
113.147.67.193 - - [01/Feb/2018:01:23:04 +0000] "GET / HTTP/1.1" 200 1796 "http://arbcoin.live/" "Mozilla/5.0 (iPhone; CPU iPhone OS 11_2 like Mac OS X) AppleWebKit/604.4.7 (KHTML, like Gecko) Version/11.0 Mobile/15C114 Safari/604.1"
113.147.67.193 - - [01/Feb/2018:01:55:42 +0000] "GET / HTTP/1.1" 200 1782 "http://arbcoin.live/" "Mozilla/5.0 (iPhone; CPU iPhone OS 11_2 like Mac OS X) AppleWebKit/604.4.7 (KHTML, like Gecko) Version/11.0 Mobile/15C114 Safari/604.1"
113.147.67.193 - - [01/Feb/2018:01:55:42 +0000] "GET / HTTP/1.1" 200 1780 "-" "Mozilla/5.0 (iPhone; CPU iPhone OS 11_2 like Mac OS X) AppleWebKit/604.4.7 (KHTML, like Gecko) Version/11.0 Mobile/15C114 Safari/604.1"
49.97.104.139 - - [01/Feb/2018:02:33:37 +0000] "GET / HTTP/1.1" 200 1794 "http://arbcoin.live/" "Mozilla/5.0 (iPhone; CPU iPhone OS 11_2 like Mac OS X) AppleWebKit/604.4.7 (KHTML, like Gecko) Version/11.0 Mobile/15C114 Safari/604.1"
49.97.104.139 - - [01/Feb/2018:02:33:40 +0000] "GET / HTTP/1.1" 200 1798 "-" "Mozilla/5.0 (iPhone; CPU iPhone OS 11_2 like Mac OS X) AppleWebKit/604.4.7 (KHTML, like Gecko) Version/11.0 Mobile/15C114 Safari/604.1"
49.97.104.139 - - [01/Feb/2018:02:33:40 +0000] "GET / HTTP/1.1" 200 1800 "http://arbcoin.live/" "Mozilla/5.0 (iPhone; CPU iPhone OS 11_2 like Mac OS X) AppleWebKit/604.4.7 (KHTML, like Gecko) Version/11.0 Mobile/15C114 Safari/604.1"
49.97.104.139 - - [01/Feb/2018:02:38:52 +0000] "GET / HTTP/1.1" 200 1788 "-" "Mozilla/5.0 (iPhone; CPU iPhone OS 11_2 like Mac OS X) AppleWebKit/604.4.7 (KHTML, like Gecko) Version/11.0 Mobile/15C114 Safari/604.1"
49.97.104.139 - - [01/Feb/2018:02:38:52 +0000] "GET / HTTP/1.1" 200 1794 "http://arbcoin.live/" "Mozilla/5.0 (iPhone; CPU iPhone OS 11_2 like Mac OS X) AppleWebKit/604.4.7 (KHTML, like Gecko) Version/11.0 Mobile/15C114 Safari/604.1"
103.5.140.132 - - [01/Feb/2018:02:55:54 +0000] "GET / HTTP/1.1" 200 1778 "-" "Mozilla/5.0 (Macintosh; Intel Mac OS X 10_13_2) AppleWebKit/537.36 (KHTML, like Gecko) Chrome/63.0.3239.132 Safari/537.36"
178.154.200.39 - - [01/Feb/2018:02:58:42 +0000] "GET / HTTP/1.1" 200 1774 "-" "Mozilla/5.0 (compatible; YandexBot/3.0; +http://yandex.com/bots)"
49.97.104.139 - - [01/Feb/2018:03:58:28 +0000] "GET / HTTP/1.1" 200 1787 "-" "Mozilla/5.0 (iPhone; CPU iPhone OS 11_2 like Mac OS X) AppleWebKit/604.4.7 (KHTML, like Gecko) Version/11.0 Mobile/15C114 Safari/604.1"
49.97.104.139 - - [01/Feb/2018:03:58:28 +0000] "GET / HTTP/1.1" 200 1788 "http://arbcoin.live/" "Mozilla/5.0 (iPhone; CPU iPhone OS 11_2 like Mac OS X) AppleWebKit/604.4.7 (KHTML, like Gecko) Version/11.0 Mobile/15C114 Safari/604.1"
49.97.104.139 - - [01/Feb/2018:06:43:35 +0000] "GET / HTTP/1.1" 200 1793 "http://arbcoin.live/" "Mozilla/5.0 (iPhone; CPU iPhone OS 11_2 like Mac OS X) AppleWebKit/604.4.7 (KHTML, like Gecko) Version/11.0 Mobile/15C114 Safari/604.1"
49.97.104.139 - - [01/Feb/2018:06:43:35 +0000] "GET / HTTP/1.1" 200 1793 "-" "Mozilla/5.0 (iPhone; CPU iPhone OS 11_2 like Mac OS X) AppleWebKit/604.4.7 (KHTML, like Gecko) Version/11.0 Mobile/15C114 Safari/604.1"
103.5.140.140 - - [01/Feb/2018:07:01:34 +0000] "GET / HTTP/1.1" 200 1778 "-" "Mozilla/5.0 (Macintosh; Intel Mac OS X 10_13_2) AppleWebKit/537.36 (KHTML, like Gecko) Chrome/63.0.3239.132 Safari/537.36"
49.97.104.139 - - [01/Feb/2018:07:23:31 +0000] "GET / HTTP/1.1" 200 1781 "-" "Mozilla/5.0 (iPhone; CPU iPhone OS 11_2 like Mac OS X) AppleWebKit/604.4.7 (KHTML, like Gecko) Version/11.0 Mobile/15C114 Safari/604.1"
49.97.104.139 - - [01/Feb/2018:07:23:31 +0000] "GET / HTTP/1.1" 200 1779 "http://arbcoin.live/" "Mozilla/5.0 (iPhone; CPU iPhone OS 11_2 like Mac OS X) AppleWebKit/604.4.7 (KHTML, like Gecko) Version/11.0 Mobile/15C114 Safari/604.1"
49.97.104.139 - - [01/Feb/2018:07:23:45 +0000] "GET / HTTP/1.1" 200 1799 "-" "Mozilla/5.0 (iPhone; CPU iPhone OS 11_2 like Mac OS X) AppleWebKit/604.4.7 (KHTML, like Gecko) Version/11.0 Mobile/15C114 Safari/604.1"
49.97.104.139 - - [01/Feb/2018:07:23:46 +0000] "GET / HTTP/1.1" 200 1789 "-" "Mozilla/5.0 (iPhone; CPU iPhone OS 11_2 like Mac OS X) AppleWebKit/604.4.7 (KHTML, like Gecko) Version/11.0 Mobile/15C114 Safari/604.1"
49.97.104.139 - - [01/Feb/2018:07:23:46 +0000] "GET /apple-touch-icon-120x120-precomposed.png HTTP/1.1" 404 746 "-" "MobileSafari/604.1 CFNetwork/893.14.2 Darwin/17.3.0"
49.97.104.139 - - [01/Feb/2018:07:23:46 +0000] "GET /apple-touch-icon-120x120.png HTTP/1.1" 404 746 "-" "MobileSafari/604.1 CFNetwork/893.14.2 Darwin/17.3.0"
49.97.104.139 - - [01/Feb/2018:07:23:46 +0000] "GET /apple-touch-icon-120x120-precomposed.png HTTP/1.1" 404 746 "-" "MobileSafari/604.1 CFNetwork/893.14.2 Darwin/17.3.0"
49.97.104.139 - - [01/Feb/2018:07:23:46 +0000] "GET /apple-touch-icon-120x120.png HTTP/1.1" 404 746 "-" "MobileSafari/604.1 CFNetwork/893.14.2 Darwin/17.3.0"
49.97.104.139 - - [01/Feb/2018:07:23:46 +0000] "GET /apple-touch-icon-120x120-precomposed.png HTTP/1.1" 404 746 "-" "MobileSafari/604.1 CFNetwork/893.14.2 Darwin/17.3.0"
49.97.104.139 - - [01/Feb/2018:07:23:46 +0000] "GET /apple-touch-icon-120x120.png HTTP/1.1" 404 746 "-" "MobileSafari/604.1 CFNetwork/893.14.2 Darwin/17.3.0"
49.97.104.139 - - [01/Feb/2018:07:23:46 +0000] "GET /apple-touch-icon-120x120-precomposed.png HTTP/1.1" 404 746 "-" "MobileSafari/604.1 CFNetwork/893.14.2 Darwin/17.3.0"
49.97.104.139 - - [01/Feb/2018:07:23:46 +0000] "GET /apple-touch-icon-120x120.png HTTP/1.1" 404 746 "-" "MobileSafari/604.1 CFNetwork/893.14.2 Darwin/17.3.0"
49.97.104.139 - - [01/Feb/2018:10:34:11 +0000] "GET / HTTP/1.1" 200 1808 "-" "Mozilla/5.0 (iPhone; CPU iPhone OS 11_2 like Mac OS X) AppleWebKit/604.4.7 (KHTML, like Gecko) Version/11.0 Mobile/15C114 Safari/604.1"
49.97.104.139 - - [01/Feb/2018:10:34:11 +0000] "GET / HTTP/1.1" 200 1812 "-" "Mozilla/5.0 (iPhone; CPU iPhone OS 11_2 like Mac OS X) AppleWebKit/604.4.7 (KHTML, like Gecko) Version/11.0 Mobile/15C114 Safari/604.1"
49.97.104.139 - - [01/Feb/2018:10:34:11 +0000] "GET /apple-touch-icon-120x120-precomposed.png HTTP/1.1" 404 746 "-" "MobileSafari/604.1 CFNetwork/893.14.2 Darwin/17.3.0"
49.97.104.139 - - [01/Feb/2018:10:34:11 +0000] "GET /apple-touch-icon-120x120-precomposed.png HTTP/1.1" 404 746 "-" "MobileSafari/604.1 CFNetwork/893.14.2 Darwin/17.3.0"
49.97.104.139 - - [01/Feb/2018:10:34:12 +0000] "GET /apple-touch-icon-120x120.png HTTP/1.1" 404 746 "-" "MobileSafari/604.1 CFNetwork/893.14.2 Darwin/17.3.0"
49.97.104.139 - - [01/Feb/2018:10:34:12 +0000] "GET /apple-touch-icon-120x120.png HTTP/1.1" 404 746 "-" "MobileSafari/604.1 CFNetwork/893.14.2 Darwin/17.3.0"
49.97.104.139 - - [01/Feb/2018:10:34:12 +0000] "GET /apple-touch-icon-120x120-precomposed.png HTTP/1.1" 404 746 "-" "MobileSafari/604.1 CFNetwork/893.14.2 Darwin/17.3.0"
49.97.104.139 - - [01/Feb/2018:10:34:12 +0000] "GET /apple-touch-icon-120x120.png HTTP/1.1" 404 746 "-" "MobileSafari/604.1 CFNetwork/893.14.2 Darwin/17.3.0"
49.97.104.139 - - [01/Feb/2018:10:34:12 +0000] "GET /apple-touch-icon-120x120-precomposed.png HTTP/1.1" 404 746 "-" "MobileSafari/604.1 CFNetwork/893.14.2 Darwin/17.3.0"
113.147.67.193 - - [12/Feb/2018:16:12:25 +0000] "GET / HTTP/1.1" 200 1788 "-" "Mozilla/5.0 (Macintosh; Intel Mac OS X 10_13_3) AppleWebKit/537.36 (KHTML, like Gecko) Chrome/64.0.3282.140 Safari/537.36"
113.147.67.193 - - [12/Feb/2018:16:14:09 +0000] "GET / HTTP/1.1" 200 1773 "-" "Mozilla/5.0 (Macintosh; Intel Mac OS X 10_13_3) AppleWebKit/537.36 (KHTML, like Gecko) Chrome/64.0.3282.140 Safari/537.36"
113.147.67.193 - - [12/Feb/2018:16:14:21 +0000] "GET / HTTP/1.1" 200 1780 "-" "Mozilla/5.0 (Macintosh; Intel Mac OS X 10_13_3) AppleWebKit/537.36 (KHTML, like Gecko) Chrome/64.0.3282.140 Safari/537.36"
113.147.67.193 - - [12/Feb/2018:16:14:26 +0000] "GET / HTTP/1.1" 200 1782 "-" "Mozilla/5.0 (Macintosh; Intel Mac OS X 10_13_3) AppleWebKit/537.36 (KHTML, like Gecko) Chrome/64.0.3282.140 Safari/537.36"
113.147.67.193 - - [12/Feb/2018:16:15:39 +0000] "GET / HTTP/1.1" 200 1772 "-" "Mozilla/5.0 (Macintosh; Intel Mac OS X 10_13_3) AppleWebKit/537.36 (KHTML, like Gecko) Chrome/64.0.3282.140 Safari/537.36"
113.147.67.193 - - [12/Feb/2018:16:16:33 +0000] "GET / HTTP/1.1" 200 1779 "-" "Mozilla/5.0 (Macintosh; Intel Mac OS X 10_13_3) AppleWebKit/537.36 (KHTML, like Gecko) Chrome/64.0.3282.140 Safari/537.36"
113.147.67.193 - - [12/Feb/2018:16:17:56 +0000] "GET / HTTP/1.1" 200 1806 "-" "Mozilla/5.0 (Macintosh; Intel Mac OS X 10_13_3) AppleWebKit/537.36 (KHTML, like Gecko) Chrome/64.0.3282.140 Safari/537.36"
113.147.67.193 - - [12/Feb/2018:16:20:22 +0000] "GET / HTTP/1.1" 200 1785 "-" "Mozilla/5.0 (Macintosh; Intel Mac OS X 10_13_3) AppleWebKit/537.36 (KHTML, like Gecko) Chrome/64.0.3282.140 Safari/537.36"
113.147.67.193 - - [12/Feb/2018:16:21:36 +0000] "GET / HTTP/1.1" 200 1778 "-" "Mozilla/5.0 (Macintosh; Intel Mac OS X 10_13_3) AppleWebKit/537.36 (KHTML, like Gecko) Chrome/64.0.3282.140 Safari/537.36"
113.147.67.193 - - [12/Feb/2018:16:23:51 +0000] "GET / HTTP/1.1" 200 1772 "-" "Mozilla/5.0 (Macintosh; Intel Mac OS X 10_13_3) AppleWebKit/537.36 (KHTML, like Gecko) Chrome/64.0.3282.140 Safari/537.36"
35.205.140.226 - - [12/Feb/2018:16:26:55 +0000] "GET / HTTP/1.1" 200 9828 "-" "Mozilla/5.0 (Windows NT 6.1) AppleWebKit/537.36 (KHTML, like Gecko) Chrome/41.0.2228.0 Safari/537.36"
66.249.79.86 - - [12/Feb/2018:16:31:13 +0000] "GET / HTTP/1.1" 200 1784 "-" "Mozilla/5.0 (compatible; Googlebot/2.1; +http://www.google.com/bot.html)"
66.249.79.88 - - [12/Feb/2018:16:31:15 +0000] "GET / HTTP/1.1" 200 1784 "-" "Mozilla/5.0 (compatible; Googlebot/2.1; +http://www.google.com/bot.html)"
113.147.67.193 - - [12/Feb/2018:16:56:14 +0000] "GET / HTTP/1.1" 200 1800 "-" "Mozilla/5.0 (Macintosh; Intel Mac OS X 10_13_3) AppleWebKit/537.36 (KHTML, like Gecko) Chrome/64.0.3282.140 Safari/537.36"
66.249.79.90 - - [12/Feb/2018:17:02:11 +0000] "GET / HTTP/1.1" 200 1786 "-" "Mozilla/5.0 (Linux; Android 6.0.1; Nexus 5X Build/MMB29P) AppleWebKit/537.36 (KHTML, like Gecko) Chrome/41.0.2272.96 Mobile Safari/537.36 (compatible; Googlebot/2.1; +http://www.google.com/bot.html)"
113.147.67.193 - - [12/Feb/2018:17:04:29 +0000] "GET / HTTP/1.1" 200 1794 "-" "Mozilla/5.0 (Macintosh; Intel Mac OS X 10_13_3) AppleWebKit/537.36 (KHTML, like Gecko) Chrome/64.0.3282.140 Safari/537.36"
113.147.67.193 - - [12/Feb/2018:17:06:58 +0000] "GET / HTTP/1.1" 200 1770 "-" "Mozilla/5.0 (Macintosh; Intel Mac OS X 10_13_3) AppleWebKit/537.36 (KHTML, like Gecko) Chrome/64.0.3282.140 Safari/537.36"
113.147.67.193 - - [12/Feb/2018:17:13:16 +0000] "GET / HTTP/1.1" 200 1768 "-" "Mozilla/5.0 (Macintosh; Intel Mac OS X 10_13_3) AppleWebKit/537.36 (KHTML, like Gecko) Chrome/64.0.3282.140 Safari/537.36"
113.147.67.193 - - [12/Feb/2018:17:16:51 +0000] "GET / HTTP/1.1" 200 1783 "-" "Mozilla/5.0 (Macintosh; Intel Mac OS X 10_13_3) AppleWebKit/537.36 (KHTML, like Gecko) Chrome/64.0.3282.140 Safari/537.36"
113.147.67.193 - - [12/Feb/2018:17:16:56 +0000] "GET / HTTP/1.1" 200 1787 "-" "Mozilla/5.0 (Macintosh; Intel Mac OS X 10_13_3) AppleWebKit/537.36 (KHTML, like Gecko) Chrome/64.0.3282.140 Safari/537.36"
216.38.216.197 - - [12/Feb/2018:17:51:13 +0000] "GET / HTTP/1.1" 200 9824 "http://www.arbcoin.live/" "Mozilla/5.0 (Macintosh; Intel Mac OS X 10_7_1) AppleWebKit/535.1 (KHTML, like Gecko) Chrome/13.0.782.215 Safari/535.1"
216.38.216.197 - - [12/Feb/2018:17:51:13 +0000] "GET / HTTP/1.1" 200 9824 "http://arbcoin.live/" "Mozilla/5.0 (Macintosh; Intel Mac OS X 10_7_1) AppleWebKit/535.1 (KHTML, like Gecko) Chrome/13.0.782.215 Safari/535.1"
113.147.67.193 - - [12/Feb/2018:18:00:50 +0000] "GET / HTTP/1.1" 200 1801 "http://arbcoin.live/" "Mozilla/5.0 (iPhone; CPU iPhone OS 11_2 like Mac OS X) AppleWebKit/604.4.7 (KHTML, like Gecko) Version/11.0 Mobile/15C114 Safari/604.1"
113.147.67.193 - - [12/Feb/2018:18:01:00 +0000] "GET / HTTP/1.1" 200 1792 "http://arbcoin.live/" "Mozilla/5.0 (iPhone; CPU iPhone OS 11_2 like Mac OS X) AppleWebKit/604.4.7 (KHTML, like Gecko) Version/11.0 Mobile/15C114 Safari/604.1"
113.147.67.193 - - [12/Feb/2018:18:01:00 +0000] "GET / HTTP/1.1" 200 1800 "-" "Mozilla/5.0 (iPhone; CPU iPhone OS 11_2 like Mac OS X) AppleWebKit/604.4.7 (KHTML, like Gecko) Version/11.0 Mobile/15C114 Safari/604.1"
113.147.67.193 - - [12/Feb/2018:18:21:42 +0000] "GET / HTTP/1.1" 200 1785 "http://arbcoin.live/" "Mozilla/5.0 (iPhone; CPU iPhone OS 11_2 like Mac OS X) AppleWebKit/604.4.7 (KHTML, like Gecko) Version/11.0 Mobile/15C114 Safari/604.1"
113.147.67.193 - - [12/Feb/2018:18:21:42 +0000] "GET / HTTP/1.1" 200 1790 "-" "Mozilla/5.0 (iPhone; CPU iPhone OS 11_2 like Mac OS X) AppleWebKit/604.4.7 (KHTML, like Gecko) Version/11.0 Mobile/15C114 Safari/604.1"
113.147.67.193 - - [12/Feb/2018:18:22:05 +0000] "GET / HTTP/1.1" 200 1775 "-" "Mozilla/5.0 (iPhone; CPU iPhone OS 11_2 like Mac OS X) AppleWebKit/604.4.7 (KHTML, like Gecko) Version/11.0 Mobile/15C114 Safari/604.1"
113.147.67.193 - - [12/Feb/2018:18:22:05 +0000] "GET / HTTP/1.1" 200 1778 "http://arbcoin.live/" "Mozilla/5.0 (iPhone; CPU iPhone OS 11_2 like Mac OS X) AppleWebKit/604.4.7 (KHTML, like Gecko) Version/11.0 Mobile/15C114 Safari/604.1"
