113.147.67.193 - - [14/Feb/2018:01:11:16 +0000] "GET / HTTP/1.1" 200 1793 "-" "Mozilla/5.0 (Macintosh; Intel Mac OS X 10_13_3) AppleWebKit/537.36 (KHTML, like Gecko) Chrome/64.0.3282.140 Safari/537.36"
113.147.67.193 - - [14/Feb/2018:01:12:22 +0000] "GET / HTTP/1.1" 200 1787 "-" "Mozilla/5.0 (Macintosh; Intel Mac OS X 10_13_3) AppleWebKit/537.36 (KHTML, like Gecko) Chrome/64.0.3282.140 Safari/537.36"
113.147.67.193 - - [14/Feb/2018:01:12:29 +0000] "GET / HTTP/1.1" 200 1782 "-" "Mozilla/5.0 (Macintosh; Intel Mac OS X 10_13_3) AppleWebKit/537.36 (KHTML, like Gecko) Chrome/64.0.3282.140 Safari/537.36"
113.147.67.193 - - [14/Feb/2018:01:12:52 +0000] "GET / HTTP/1.1" 200 1768 "-" "Mozilla/5.0 (Macintosh; Intel Mac OS X 10_13_3) AppleWebKit/537.36 (KHTML, like Gecko) Chrome/64.0.3282.140 Safari/537.36"
113.147.67.193 - - [14/Feb/2018:01:14:16 +0000] "GET / HTTP/1.1" 200 1777 "-" "Mozilla/5.0 (Macintosh; Intel Mac OS X 10_13_3) AppleWebKit/537.36 (KHTML, like Gecko) Chrome/64.0.3282.140 Safari/537.36"
113.147.67.193 - - [14/Feb/2018:01:16:13 +0000] "GET / HTTP/1.1" 200 1786 "-" "Mozilla/5.0 (Macintosh; Intel Mac OS X 10_13_3) AppleWebKit/537.36 (KHTML, like Gecko) Chrome/64.0.3282.140 Safari/537.36"
113.147.67.193 - - [14/Feb/2018:01:17:15 +0000] "GET / HTTP/1.1" 200 1801 "-" "Mozilla/5.0 (Macintosh; Intel Mac OS X 10_13_3) AppleWebKit/537.36 (KHTML, like Gecko) Chrome/64.0.3282.140 Safari/537.36"
113.147.67.193 - - [14/Feb/2018:01:18:13 +0000] "GET / HTTP/1.1" 200 1779 "-" "Mozilla/5.0 (Macintosh; Intel Mac OS X 10_13_3) AppleWebKit/537.36 (KHTML, like Gecko) Chrome/64.0.3282.140 Safari/537.36"
113.147.67.193 - - [14/Feb/2018:01:20:02 +0000] "GET / HTTP/1.1" 200 1782 "-" "Mozilla/5.0 (Macintosh; Intel Mac OS X 10_13_3) AppleWebKit/537.36 (KHTML, like Gecko) Chrome/64.0.3282.140 Safari/537.36"
113.147.67.193 - - [14/Feb/2018:01:29:52 +0000] "GET / HTTP/1.1" 200 1789 "-" "Mozilla/5.0 (Macintosh; Intel Mac OS X 10_13_3) AppleWebKit/537.36 (KHTML, like Gecko) Chrome/64.0.3282.140 Safari/537.36"
113.147.67.193 - - [14/Feb/2018:01:31:02 +0000] "GET / HTTP/1.1" 200 1798 "-" "Mozilla/5.0 (Macintosh; Intel Mac OS X 10_13_3) AppleWebKit/537.36 (KHTML, like Gecko) Chrome/64.0.3282.140 Safari/537.36"
49.98.141.173 - - [14/Feb/2018:02:01:20 +0000] "GET / HTTP/1.1" 200 1800 "http://arbcoin.live/" "Mozilla/5.0 (iPhone; CPU iPhone OS 11_2 like Mac OS X) AppleWebKit/604.4.7 (KHTML, like Gecko) Version/11.0 Mobile/15C114 Safari/604.1"
49.98.141.173 - - [14/Feb/2018:02:01:20 +0000] "GET / HTTP/1.1" 200 1800 "-" "Mozilla/5.0 (iPhone; CPU iPhone OS 11_2 like Mac OS X) AppleWebKit/604.4.7 (KHTML, like Gecko) Version/11.0 Mobile/15C114 Safari/604.1"
118.6.205.26 - - [14/Feb/2018:02:53:29 +0000] "GET / HTTP/1.1" 200 1784 "-" "Mozilla/5.0 (Macintosh; Intel Mac OS X 10_13_3) AppleWebKit/537.36 (KHTML, like Gecko) Chrome/64.0.3282.140 Safari/537.36"
208.80.194.31 - - [14/Feb/2018:03:17:52 +0000] "GET / HTTP/1.0" 200 9799 "-" "Mozilla/5.0 (X11; U; Linux i686; en-US; rv:1.9.2.11) Gecko/20101013 Ubuntu/10.04 (lucid) Firefox/3.6.11"
118.6.205.26 - - [14/Feb/2018:04:49:42 +0000] "GET / HTTP/1.1" 200 1779 "-" "Mozilla/5.0 (Macintosh; Intel Mac OS X 10_13_3) AppleWebKit/537.36 (KHTML, like Gecko) Chrome/64.0.3282.140 Safari/537.36"
118.6.205.26 - - [14/Feb/2018:04:50:29 +0000] "GET / HTTP/1.1" 499 0 "-" "Mozilla/5.0 (Macintosh; Intel Mac OS X 10_13_3) AppleWebKit/537.36 (KHTML, like Gecko) Chrome/64.0.3282.140 Safari/537.36"
118.6.205.26 - - [14/Feb/2018:04:52:36 +0000] "GET / HTTP/1.1" 200 1782 "-" "Mozilla/5.0 (Macintosh; Intel Mac OS X 10_13_3) AppleWebKit/537.36 (KHTML, like Gecko) Chrome/64.0.3282.140 Safari/537.36"
118.6.205.26 - - [14/Feb/2018:05:41:11 +0000] "GET / HTTP/1.1" 200 1793 "-" "Mozilla/5.0 (Macintosh; Intel Mac OS X 10_13_3) AppleWebKit/537.36 (KHTML, like Gecko) Chrome/64.0.3282.140 Safari/537.36"
118.6.205.26 - - [14/Feb/2018:05:41:15 +0000] "GET / HTTP/1.1" 200 1794 "-" "Mozilla/5.0 (Macintosh; Intel Mac OS X 10_13_3) AppleWebKit/537.36 (KHTML, like Gecko) Chrome/64.0.3282.140 Safari/537.36"
118.6.205.26 - - [14/Feb/2018:05:54:53 +0000] "GET / HTTP/1.1" 200 1804 "-" "Mozilla/5.0 (Macintosh; Intel Mac OS X 10_13_3) AppleWebKit/537.36 (KHTML, like Gecko) Chrome/64.0.3282.140 Safari/537.36"
118.6.205.26 - - [14/Feb/2018:05:55:00 +0000] "GET / HTTP/1.1" 200 1796 "-" "Mozilla/5.0 (Macintosh; Intel Mac OS X 10_13_3) AppleWebKit/537.36 (KHTML, like Gecko) Chrome/64.0.3282.140 Safari/537.36"
118.6.205.26 - - [14/Feb/2018:05:55:18 +0000] "GET / HTTP/1.1" 200 1813 "-" "Mozilla/5.0 (Macintosh; Intel Mac OS X 10_13_3) AppleWebKit/537.36 (KHTML, like Gecko) Chrome/64.0.3282.140 Safari/537.36"
69.164.111.198 - - [14/Feb/2018:06:12:55 +0000] "GET / HTTP/1.1" 200 9826 "-" "Mozilla/4.0 (compatible; MSIE 8.0; Windows NT 6.1; WOW64; Trident/4.0; SLCC2; .NET CLR 2.0.50727; .NET CLR 3.5.30729; .NET CLR 3.0.30729; Media Center PC 6.0; MDDC)"
118.6.205.26 - - [14/Feb/2018:06:32:17 +0000] "GET / HTTP/1.1" 200 1809 "-" "Mozilla/5.0 (Macintosh; Intel Mac OS X 10_13_3) AppleWebKit/537.36 (KHTML, like Gecko) Chrome/64.0.3282.140 Safari/537.36"
118.6.205.26 - - [14/Feb/2018:06:34:29 +0000] "GET / HTTP/1.1" 200 1809 "-" "Mozilla/5.0 (Macintosh; Intel Mac OS X 10_13_3) AppleWebKit/537.36 (KHTML, like Gecko) Chrome/64.0.3282.140 Safari/537.36"
118.6.205.26 - - [14/Feb/2018:07:14:37 +0000] "GET / HTTP/1.1" 200 1782 "-" "Mozilla/5.0 (Macintosh; Intel Mac OS X 10_13_3) AppleWebKit/537.36 (KHTML, like Gecko) Chrome/64.0.3282.140 Safari/537.36"
49.98.141.173 - - [14/Feb/2018:08:20:02 +0000] "GET / HTTP/1.1" 200 1777 "http://arbcoin.live/" "Mozilla/5.0 (iPhone; CPU iPhone OS 11_2 like Mac OS X) AppleWebKit/604.4.7 (KHTML, like Gecko) Version/11.0 Mobile/15C114 Safari/604.1"
49.98.141.173 - - [14/Feb/2018:08:20:50 +0000] "GET / HTTP/1.1" 200 1788 "-" "Mozilla/5.0 (iPhone; CPU iPhone OS 11_2 like Mac OS X) AppleWebKit/604.4.7 (KHTML, like Gecko) Version/11.0 Mobile/15C114 Safari/604.1"
49.98.141.173 - - [14/Feb/2018:08:20:50 +0000] "GET /apple-touch-icon-120x120-precomposed.png HTTP/1.1" 404 746 "-" "MobileSafari/604.1 CFNetwork/893.14.2 Darwin/17.3.0"
49.98.141.173 - - [14/Feb/2018:08:20:50 +0000] "GET /apple-touch-icon-120x120.png HTTP/1.1" 404 746 "-" "MobileSafari/604.1 CFNetwork/893.14.2 Darwin/17.3.0"
49.98.141.173 - - [14/Feb/2018:08:20:50 +0000] "GET /apple-touch-icon-120x120-precomposed.png HTTP/1.1" 404 746 "-" "MobileSafari/604.1 CFNetwork/893.14.2 Darwin/17.3.0"
49.98.141.173 - - [14/Feb/2018:08:20:51 +0000] "GET /apple-touch-icon-120x120.png HTTP/1.1" 404 746 "-" "MobileSafari/604.1 CFNetwork/893.14.2 Darwin/17.3.0"
49.106.188.66 - - [14/Feb/2018:08:26:26 +0000] "GET / HTTP/1.1" 200 1795 "http://arbcoin.live/" "Mozilla/5.0 (iPhone; CPU iPhone OS 11_2 like Mac OS X) AppleWebKit/604.4.7 (KHTML, like Gecko) Version/11.0 Mobile/15C114 Safari/604.1"
49.106.188.66 - - [14/Feb/2018:08:26:26 +0000] "GET / HTTP/1.1" 200 1796 "-" "Mozilla/5.0 (iPhone; CPU iPhone OS 11_2 like Mac OS X) AppleWebKit/604.4.7 (KHTML, like Gecko) Version/11.0 Mobile/15C114 Safari/604.1"
208.80.194.31 - - [14/Feb/2018:09:16:01 +0000] "GET / HTTP/1.0" 200 9803 "-" "Mozilla/5.0 (X11; U; Linux i686; en-US; rv:1.9.2.11) Gecko/20101013 Ubuntu/10.04 (lucid) Firefox/3.6.11"
138.197.96.243 - - [14/Feb/2018:09:33:05 +0000] "GET / HTTP/1.1" 200 1768 "-" "Mozilla/5.0 (compatible; DnyzBot/1.0) AppleWebKit/537.36 (KHTML, like Gecko) HeadlessChrome/64.0.3264.0 Safari/537.36"
49.98.141.173 - - [14/Feb/2018:10:52:53 +0000] "GET / HTTP/1.1" 200 1767 "http://arbcoin.live/" "Mozilla/5.0 (iPhone; CPU iPhone OS 11_2 like Mac OS X) AppleWebKit/604.4.7 (KHTML, like Gecko) Version/11.0 Mobile/15C114 Safari/604.1"
49.98.141.173 - - [14/Feb/2018:10:52:54 +0000] "GET / HTTP/1.1" 200 1758 "-" "Mozilla/5.0 (iPhone; CPU iPhone OS 11_2 like Mac OS X) AppleWebKit/604.4.7 (KHTML, like Gecko) Version/11.0 Mobile/15C114 Safari/604.1"
70.42.131.170 - - [14/Feb/2018:11:38:05 +0000] "GET / HTTP/1.1" 200 1785 "http://www.bing.com/search?q=amazon" "Mozilla/4.0 (compatible; MSIE 8.0; Windows NT 6.1; WOW64; Trident/4.0; SLCC2; .NET CLR 2.0.50727; .NET CLR 3.5.30729; .NET CLR 3.0.30729; Media Center PC 6.0; .NET4.0C; .NET4.0E; InfoPath.2)"
113.147.67.193 - - [14/Feb/2018:12:53:46 +0000] "GET / HTTP/1.1" 200 1789 "-" "Mozilla/5.0 (Macintosh; Intel Mac OS X 10_13_3) AppleWebKit/537.36 (KHTML, like Gecko) Chrome/64.0.3282.140 Safari/537.36"
113.147.67.193 - - [14/Feb/2018:12:54:06 +0000] "GET / HTTP/1.1" 200 1792 "-" "Mozilla/5.0 (Macintosh; Intel Mac OS X 10_13_3) AppleWebKit/537.36 (KHTML, like Gecko) Chrome/64.0.3282.140 Safari/537.36"
113.147.67.193 - - [14/Feb/2018:12:54:10 +0000] "GET / HTTP/1.1" 200 1790 "-" "Mozilla/5.0 (Macintosh; Intel Mac OS X 10_13_3) AppleWebKit/537.36 (KHTML, like Gecko) Chrome/64.0.3282.140 Safari/537.36"
113.147.67.193 - - [14/Feb/2018:12:59:09 +0000] "GET / HTTP/1.1" 200 1786 "-" "Mozilla/5.0 (Macintosh; Intel Mac OS X 10_13_3) AppleWebKit/537.36 (KHTML, like Gecko) Chrome/64.0.3282.140 Safari/537.36"
113.147.67.193 - - [14/Feb/2018:13:04:34 +0000] "GET / HTTP/1.1" 200 1800 "-" "Mozilla/5.0 (Macintosh; Intel Mac OS X 10_13_3) AppleWebKit/537.36 (KHTML, like Gecko) Chrome/64.0.3282.140 Safari/537.36"
113.147.67.193 - - [14/Feb/2018:13:24:38 +0000] "GET / HTTP/1.1" 200 1774 "-" "Mozilla/5.0 (Macintosh; Intel Mac OS X 10_13_3) AppleWebKit/537.36 (KHTML, like Gecko) Chrome/64.0.3282.140 Safari/537.36"
113.147.67.193 - - [14/Feb/2018:13:43:42 +0000] "GET / HTTP/1.1" 200 1797 "-" "Mozilla/5.0 (Macintosh; Intel Mac OS X 10_13_3) AppleWebKit/537.36 (KHTML, like Gecko) Chrome/64.0.3282.140 Safari/537.36"
113.147.67.193 - - [14/Feb/2018:13:46:05 +0000] "GET / HTTP/1.1" 499 0 "-" "Mozilla/5.0 (Macintosh; Intel Mac OS X 10_13_3) AppleWebKit/537.36 (KHTML, like Gecko) Chrome/64.0.3282.140 Safari/537.36"
113.147.67.193 - - [14/Feb/2018:14:50:03 +0000] "GET / HTTP/1.1" 200 1776 "-" "Mozilla/5.0 (Macintosh; Intel Mac OS X 10_13_3) AppleWebKit/537.36 (KHTML, like Gecko) Chrome/64.0.3282.140 Safari/537.36"
113.147.67.193 - - [14/Feb/2018:14:51:17 +0000] "GET / HTTP/1.1" 200 1786 "-" "Mozilla/5.0 (Macintosh; Intel Mac OS X 10_13_3) AppleWebKit/537.36 (KHTML, like Gecko) Chrome/64.0.3282.140 Safari/537.36"
113.147.67.193 - - [14/Feb/2018:15:25:12 +0000] "GET / HTTP/1.1" 200 1784 "-" "Mozilla/5.0 (Macintosh; Intel Mac OS X 10_13_3) AppleWebKit/537.36 (KHTML, like Gecko) Chrome/64.0.3282.140 Safari/537.36"
113.147.67.193 - - [14/Feb/2018:15:26:24 +0000] "GET / HTTP/1.1" 200 1779 "-" "Mozilla/5.0 (Macintosh; Intel Mac OS X 10_13_3) AppleWebKit/537.36 (KHTML, like Gecko) Chrome/64.0.3282.140 Safari/537.36"
113.147.67.193 - - [14/Feb/2018:15:46:31 +0000] "GET / HTTP/1.1" 200 1795 "-" "Mozilla/5.0 (Macintosh; Intel Mac OS X 10_13_3) AppleWebKit/537.36 (KHTML, like Gecko) Chrome/64.0.3282.140 Safari/537.36"
66.249.69.120 - - [14/Feb/2018:17:55:50 +0000] "GET / HTTP/1.1" 200 1795 "-" "Mozilla/5.0 (Linux; Android 6.0.1; Nexus 5X Build/MMB29P) AppleWebKit/537.36 (KHTML, like Gecko) Chrome/41.0.2272.96 Mobile Safari/537.36 (compatible; Googlebot/2.1; +http://www.google.com/bot.html)"
115.215.217.146 - - [14/Feb/2018:18:18:38 +0000] "GET /sites/all/libraries/elfinder/src/connectors/php/connector.php HTTP/1.1" 404 746 "-" "Mozilla/5.0 (Windows NT 10.0; Win64; x64) AppleWebKit/537.36 (KHTML, like Gecko) Chrome/64.0.3282.140 Safari/537.36"
115.215.217.146 - - [14/Feb/2018:18:18:38 +0000] "GET /sites/all/libraries/elfinder/connectors/php/connector.php HTTP/1.1" 404 746 "-" "Mozilla/5.0 (Windows NT 10.0; Win64; x64) AppleWebKit/537.36 (KHTML, like Gecko) Chrome/64.0.3282.140 Safari/537.36"
115.215.217.146 - - [14/Feb/2018:18:18:41 +0000] "GET /sites/all/libraries/elfinder/src/connectors/php/connector.php HTTP/1.1" 404 746 "-" "Mozilla/5.0 (Windows NT 10.0; Win64; x64) AppleWebKit/537.36 (KHTML, like Gecko) Chrome/64.0.3282.140 Safari/537.36"
115.215.217.146 - - [14/Feb/2018:18:18:41 +0000] "GET /sites/all/libraries/elfinder/connectors/php/connector.php HTTP/1.1" 404 746 "-" "Mozilla/5.0 (Windows NT 10.0; Win64; x64) AppleWebKit/537.36 (KHTML, like Gecko) Chrome/64.0.3282.140 Safari/537.36"
113.147.67.193 - - [14/Feb/2018:23:45:38 +0000] "GET / HTTP/1.1" 499 0 "-" "Mozilla/5.0 (iPhone; CPU iPhone OS 11_2 like Mac OS X) AppleWebKit/604.4.7 (KHTML, like Gecko) Version/11.0 Mobile/15C114 Safari/604.1"
113.147.67.193 - - [14/Feb/2018:23:45:42 +0000] "GET / HTTP/1.1" 200 1796 "http://arbcoin.live/" "Mozilla/5.0 (iPhone; CPU iPhone OS 11_2 like Mac OS X) AppleWebKit/604.4.7 (KHTML, like Gecko) Version/11.0 Mobile/15C114 Safari/604.1"
113.147.67.193 - - [14/Feb/2018:23:45:43 +0000] "GET / HTTP/1.1" 200 1800 "-" "Mozilla/5.0 (iPhone; CPU iPhone OS 11_2 like Mac OS X) AppleWebKit/604.4.7 (KHTML, like Gecko) Version/11.0 Mobile/15C114 Safari/604.1"
113.147.67.193 - - [14/Feb/2018:23:51:01 +0000] "GET / HTTP/1.1" 200 1799 "-" "Mozilla/5.0 (iPhone; CPU iPhone OS 11_2 like Mac OS X) AppleWebKit/604.4.7 (KHTML, like Gecko) Version/11.0 Mobile/15C114 Safari/604.1"
113.147.67.193 - - [14/Feb/2018:23:51:01 +0000] "GET /apple-touch-icon-120x120-precomposed.png HTTP/1.1" 404 746 "-" "MobileSafari/604.1 CFNetwork/893.14.2 Darwin/17.3.0"
113.147.67.193 - - [14/Feb/2018:23:51:01 +0000] "GET /apple-touch-icon-120x120.png HTTP/1.1" 404 746 "-" "MobileSafari/604.1 CFNetwork/893.14.2 Darwin/17.3.0"
113.147.67.193 - - [14/Feb/2018:23:51:01 +0000] "GET /apple-touch-icon-120x120-precomposed.png HTTP/1.1" 404 746 "-" "MobileSafari/604.1 CFNetwork/893.14.2 Darwin/17.3.0"
113.147.67.193 - - [14/Feb/2018:23:51:01 +0000] "GET /apple-touch-icon-120x120.png HTTP/1.1" 404 746 "-" "MobileSafari/604.1 CFNetwork/893.14.2 Darwin/17.3.0"
115.239.212.134 - - [14/Feb/2018:23:52:18 +0000] "GET / HTTP/1.1" 200 1795 "http://www.baidu.com/s?wd=6NM" "Mozilla/5.0 (Windows NT 6.1; WOW64; rv:43.0) Gecko/20100101 Firefox/43.0"
113.147.67.193 - - [15/Feb/2018:00:10:34 +0000] "GET / HTTP/1.1" 200 1791 "-" "Mozilla/5.0 (iPhone; CPU iPhone OS 11_2 like Mac OS X) AppleWebKit/604.4.7 (KHTML, like Gecko) Version/11.0 Mobile/15C114 Safari/604.1"
113.147.67.193 - - [15/Feb/2018:00:10:34 +0000] "GET / HTTP/1.1" 200 1790 "http://arbcoin.live/" "Mozilla/5.0 (iPhone; CPU iPhone OS 11_2 like Mac OS X) AppleWebKit/604.4.7 (KHTML, like Gecko) Version/11.0 Mobile/15C114 Safari/604.1"
113.147.67.193 - - [15/Feb/2018:00:10:47 +0000] "GET / HTTP/1.1" 200 1790 "http://arbcoin.live/" "Mozilla/5.0 (iPhone; CPU iPhone OS 11_2 like Mac OS X) AppleWebKit/604.4.7 (KHTML, like Gecko) Version/11.0 Mobile/15C114 Safari/604.1"
113.147.67.193 - - [15/Feb/2018:00:10:47 +0000] "GET / HTTP/1.1" 200 1789 "-" "Mozilla/5.0 (iPhone; CPU iPhone OS 11_2 like Mac OS X) AppleWebKit/604.4.7 (KHTML, like Gecko) Version/11.0 Mobile/15C114 Safari/604.1"
113.147.67.193 - - [15/Feb/2018:00:21:51 +0000] "GET / HTTP/1.1" 200 1806 "http://arbcoin.live/" "Mozilla/5.0 (iPhone; CPU iPhone OS 11_2 like Mac OS X) AppleWebKit/604.4.7 (KHTML, like Gecko) Version/11.0 Mobile/15C114 Safari/604.1"
113.147.67.193 - - [15/Feb/2018:00:21:51 +0000] "GET / HTTP/1.1" 200 1804 "-" "Mozilla/5.0 (iPhone; CPU iPhone OS 11_2 like Mac OS X) AppleWebKit/604.4.7 (KHTML, like Gecko) Version/11.0 Mobile/15C114 Safari/604.1"
113.147.67.193 - - [15/Feb/2018:00:35:29 +0000] "GET / HTTP/1.1" 200 1808 "http://arbcoin.live/" "Mozilla/5.0 (iPhone; CPU iPhone OS 11_2 like Mac OS X) AppleWebKit/604.4.7 (KHTML, like Gecko) Version/11.0 Mobile/15C114 Safari/604.1"
113.147.67.193 - - [15/Feb/2018:00:35:29 +0000] "GET / HTTP/1.1" 200 1803 "-" "Mozilla/5.0 (iPhone; CPU iPhone OS 11_2 like Mac OS X) AppleWebKit/604.4.7 (KHTML, like Gecko) Version/11.0 Mobile/15C114 Safari/604.1"
113.147.67.193 - - [15/Feb/2018:00:35:36 +0000] "GET / HTTP/1.1" 200 1786 "http://arbcoin.live/" "Mozilla/5.0 (iPhone; CPU iPhone OS 11_2 like Mac OS X) AppleWebKit/604.4.7 (KHTML, like Gecko) Version/11.0 Mobile/15C114 Safari/604.1"
113.147.67.193 - - [15/Feb/2018:00:35:36 +0000] "GET / HTTP/1.1" 200 1785 "-" "Mozilla/5.0 (iPhone; CPU iPhone OS 11_2 like Mac OS X) AppleWebKit/604.4.7 (KHTML, like Gecko) Version/11.0 Mobile/15C114 Safari/604.1"
111.206.36.14 - - [15/Feb/2018:00:36:15 +0000] "GET / HTTP/1.1" 200 1783 "http://www.baidu.com/s?wd=8W6" "Mozilla/5.0 (Windows NT 6.1; WOW64; rv:43.0) Gecko/20100101 Firefox/43.0"
113.147.67.193 - - [15/Feb/2018:01:11:08 +0000] "GET / HTTP/1.1" 200 1771 "-" "Mozilla/5.0 (Macintosh; Intel Mac OS X 10_13_3) AppleWebKit/537.36 (KHTML, like Gecko) Chrome/64.0.3282.140 Safari/537.36"
113.147.67.193 - - [15/Feb/2018:01:11:44 +0000] "GET / HTTP/1.1" 200 1776 "-" "Mozilla/5.0 (Macintosh; Intel Mac OS X 10_13_3) AppleWebKit/537.36 (KHTML, like Gecko) Chrome/64.0.3282.140 Safari/537.36"
113.147.67.193 - - [15/Feb/2018:01:17:12 +0000] "GET / HTTP/1.1" 200 1803 "-" "Mozilla/5.0 (Macintosh; Intel Mac OS X 10_13_3) AppleWebKit/537.36 (KHTML, like Gecko) Chrome/64.0.3282.140 Safari/537.36"
113.147.67.193 - - [15/Feb/2018:01:18:07 +0000] "GET / HTTP/1.1" 200 1781 "-" "Mozilla/5.0 (Macintosh; Intel Mac OS X 10_13_3) AppleWebKit/537.36 (KHTML, like Gecko) Chrome/64.0.3282.140 Safari/537.36"
113.147.67.193 - - [15/Feb/2018:01:35:18 +0000] "GET / HTTP/1.1" 200 1808 "-" "Mozilla/5.0 (Macintosh; Intel Mac OS X 10_13_3) AppleWebKit/537.36 (KHTML, like Gecko) Chrome/64.0.3282.140 Safari/537.36"
113.147.67.193 - - [15/Feb/2018:01:35:33 +0000] "GET / HTTP/1.1" 200 1777 "-" "Mozilla/5.0 (Macintosh; Intel Mac OS X 10_13_3) AppleWebKit/537.36 (KHTML, like Gecko) Chrome/64.0.3282.140 Safari/537.36"
113.147.67.193 - - [15/Feb/2018:01:35:41 +0000] "GET / HTTP/1.1" 200 1782 "-" "Mozilla/5.0 (Macintosh; Intel Mac OS X 10_13_3) AppleWebKit/537.36 (KHTML, like Gecko) Chrome/64.0.3282.140 Safari/537.36"
1.75.0.36 - - [15/Feb/2018:01:55:50 +0000] "GET / HTTP/1.1" 200 1791 "-" "Mozilla/5.0 (Macintosh; Intel Mac OS X 10_13_3) AppleWebKit/537.36 (KHTML, like Gecko) Chrome/64.0.3282.140 Safari/537.36"
1.75.0.36 - - [15/Feb/2018:01:55:56 +0000] "GET / HTTP/1.1" 200 1791 "-" "Mozilla/5.0 (Macintosh; Intel Mac OS X 10_13_3) AppleWebKit/537.36 (KHTML, like Gecko) Chrome/64.0.3282.140 Safari/537.36"
1.75.0.36 - - [15/Feb/2018:01:56:20 +0000] "GET / HTTP/1.1" 200 1791 "-" "Mozilla/5.0 (Macintosh; Intel Mac OS X 10_13_3) AppleWebKit/537.36 (KHTML, like Gecko) Chrome/64.0.3282.140 Safari/537.36"
1.75.0.36 - - [15/Feb/2018:02:02:24 +0000] "GET / HTTP/1.1" 200 1793 "-" "Mozilla/5.0 (Macintosh; Intel Mac OS X 10_13_3) AppleWebKit/537.36 (KHTML, like Gecko) Chrome/64.0.3282.140 Safari/537.36"
66.249.69.122 - - [15/Feb/2018:02:15:34 +0000] "GET / HTTP/1.1" 200 1786 "-" "Mozilla/5.0 (Linux; Android 6.0.1; Nexus 5X Build/MMB29P) AppleWebKit/537.36 (KHTML, like Gecko) Chrome/41.0.2272.96 Mobile Safari/537.36 (compatible; Googlebot/2.1; +http://www.google.com/bot.html)"
54.165.59.7 - - [15/Feb/2018:02:41:08 +0000] "GET / HTTP/1.0" 200 9833 "-" "ia_archiver"
118.6.205.26 - - [15/Feb/2018:02:56:50 +0000] "GET / HTTP/1.1" 200 1793 "-" "Mozilla/5.0 (Macintosh; Intel Mac OS X 10_13_3) AppleWebKit/537.36 (KHTML, like Gecko) Chrome/64.0.3282.140 Safari/537.36"
118.6.205.26 - - [15/Feb/2018:02:56:57 +0000] "GET / HTTP/1.1" 200 1800 "-" "Mozilla/5.0 (Macintosh; Intel Mac OS X 10_13_3) AppleWebKit/537.36 (KHTML, like Gecko) Chrome/64.0.3282.140 Safari/537.36"
118.6.205.26 - - [15/Feb/2018:02:59:17 +0000] "GET / HTTP/1.1" 200 1791 "-" "Mozilla/5.0 (Macintosh; Intel Mac OS X 10_13_3) AppleWebKit/537.36 (KHTML, like Gecko) Chrome/64.0.3282.140 Safari/537.36"
118.6.205.26 - - [15/Feb/2018:03:19:59 +0000] "GET / HTTP/1.1" 200 1785 "-" "Mozilla/5.0 (Macintosh; Intel Mac OS X 10_13_3) AppleWebKit/537.36 (KHTML, like Gecko) Chrome/64.0.3282.140 Safari/537.36"
118.6.205.26 - - [15/Feb/2018:03:21:39 +0000] "GET / HTTP/1.1" 200 1786 "-" "Mozilla/5.0 (Macintosh; Intel Mac OS X 10_13_3) AppleWebKit/537.36 (KHTML, like Gecko) Chrome/64.0.3282.140 Safari/537.36"
118.6.205.26 - - [15/Feb/2018:03:22:37 +0000] "GET / HTTP/1.1" 200 1795 "-" "Mozilla/5.0 (Macintosh; Intel Mac OS X 10_13_3) AppleWebKit/537.36 (KHTML, like Gecko) Chrome/64.0.3282.140 Safari/537.36"
118.6.205.26 - - [15/Feb/2018:03:41:16 +0000] "GET / HTTP/1.1" 200 1800 "-" "Mozilla/5.0 (Macintosh; Intel Mac OS X 10_13_3) AppleWebKit/537.36 (KHTML, like Gecko) Chrome/64.0.3282.140 Safari/537.36"
1.31.59.238 - - [15/Feb/2018:03:48:11 +0000] "GET / HTTP/1.1" 200 1801 "-" "Mozilla/5.0 (iPhone; CPU iPhone OS 9_1 like Mac OS X) AppleWebKit/601.1.46 (KHTML, like Gecko) Version/9.0 Mobile/13B143 Safari/601.1"
118.6.205.26 - - [15/Feb/2018:03:54:15 +0000] "GET / HTTP/1.1" 200 1796 "-" "Mozilla/5.0 (Macintosh; Intel Mac OS X 10_13_3) AppleWebKit/537.36 (KHTML, like Gecko) Chrome/64.0.3282.140 Safari/537.36"
118.6.205.26 - - [15/Feb/2018:03:54:43 +0000] "GET / HTTP/1.1" 200 1803 "-" "Mozilla/5.0 (Macintosh; Intel Mac OS X 10_13_3) AppleWebKit/537.36 (KHTML, like Gecko) Chrome/64.0.3282.140 Safari/537.36"
66.249.69.122 - - [15/Feb/2018:04:14:59 +0000] "GET / HTTP/1.1" 200 1786 "-" "Mozilla/5.0 (compatible; Googlebot/2.1; +http://www.google.com/bot.html)"
118.6.205.26 - - [15/Feb/2018:05:34:24 +0000] "GET / HTTP/1.1" 200 1793 "-" "Mozilla/5.0 (Macintosh; Intel Mac OS X 10_13_3) AppleWebKit/537.36 (KHTML, like Gecko) Chrome/64.0.3282.140 Safari/537.36"
118.6.205.26 - - [15/Feb/2018:06:04:12 +0000] "GET / HTTP/1.1" 200 1792 "-" "Mozilla/5.0 (Macintosh; Intel Mac OS X 10_13_3) AppleWebKit/537.36 (KHTML, like Gecko) Chrome/64.0.3282.140 Safari/537.36"
118.6.205.26 - - [15/Feb/2018:07:35:42 +0000] "GET / HTTP/1.1" 200 1813 "-" "Mozilla/5.0 (Macintosh; Intel Mac OS X 10_13_3) AppleWebKit/537.36 (KHTML, like Gecko) Chrome/64.0.3282.140 Safari/537.36"
118.6.205.26 - - [15/Feb/2018:07:36:03 +0000] "GET / HTTP/1.1" 200 1781 "-" "Mozilla/5.0 (Macintosh; Intel Mac OS X 10_13_3) AppleWebKit/537.36 (KHTML, like Gecko) Chrome/64.0.3282.140 Safari/537.36"
118.6.205.26 - - [15/Feb/2018:07:36:08 +0000] "GET / HTTP/1.1" 200 1787 "-" "Mozilla/5.0 (Macintosh; Intel Mac OS X 10_13_3) AppleWebKit/537.36 (KHTML, like Gecko) Chrome/64.0.3282.140 Safari/537.36"
118.6.205.26 - - [15/Feb/2018:07:40:49 +0000] "GET / HTTP/1.1" 200 1797 "-" "Mozilla/5.0 (Macintosh; Intel Mac OS X 10_13_3) AppleWebKit/537.36 (KHTML, like Gecko) Chrome/64.0.3282.140 Safari/537.36"
118.6.205.26 - - [15/Feb/2018:07:53:55 +0000] "GET / HTTP/1.1" 200 1798 "-" "Mozilla/5.0 (Macintosh; Intel Mac OS X 10_13_3) AppleWebKit/537.36 (KHTML, like Gecko) Chrome/64.0.3282.140 Safari/537.36"
66.249.69.122 - - [15/Feb/2018:08:48:27 +0000] "GET / HTTP/1.1" 200 1796 "-" "Mozilla/5.0 (Linux; Android 6.0.1; Nexus 5X Build/MMB29P) AppleWebKit/537.36 (KHTML, like Gecko) Chrome/41.0.2272.96 Mobile Safari/537.36 (compatible; Googlebot/2.1; +http://www.google.com/bot.html)"
118.6.205.26 - - [15/Feb/2018:09:15:57 +0000] "GET / HTTP/1.1" 200 1803 "-" "Mozilla/5.0 (Macintosh; Intel Mac OS X 10_13_3) AppleWebKit/537.36 (KHTML, like Gecko) Chrome/64.0.3282.140 Safari/537.36"
118.6.205.26 - - [15/Feb/2018:09:16:02 +0000] "GET / HTTP/1.1" 200 1795 "-" "Mozilla/5.0 (Macintosh; Intel Mac OS X 10_13_3) AppleWebKit/537.36 (KHTML, like Gecko) Chrome/64.0.3282.140 Safari/537.36"
49.106.192.228 - - [15/Feb/2018:09:39:02 +0000] "GET / HTTP/1.1" 200 1798 "-" "Mozilla/5.0 (iPhone; CPU iPhone OS 11_2 like Mac OS X) AppleWebKit/604.4.7 (KHTML, like Gecko) Version/11.0 Mobile/15C114 Safari/604.1"
49.106.192.228 - - [15/Feb/2018:09:39:03 +0000] "GET /apple-touch-icon-120x120-precomposed.png HTTP/1.1" 404 746 "-" "MobileSafari/604.1 CFNetwork/893.14.2 Darwin/17.3.0"
49.106.192.228 - - [15/Feb/2018:09:39:03 +0000] "GET /apple-touch-icon-120x120.png HTTP/1.1" 404 746 "-" "MobileSafari/604.1 CFNetwork/893.14.2 Darwin/17.3.0"
49.106.192.228 - - [15/Feb/2018:09:39:03 +0000] "GET /apple-touch-icon-120x120-precomposed.png HTTP/1.1" 404 746 "-" "MobileSafari/604.1 CFNetwork/893.14.2 Darwin/17.3.0"
49.106.192.228 - - [15/Feb/2018:09:39:03 +0000] "GET /apple-touch-icon-120x120.png HTTP/1.1" 404 746 "-" "MobileSafari/604.1 CFNetwork/893.14.2 Darwin/17.3.0"
66.249.69.122 - - [15/Feb/2018:09:59:25 +0000] "GET / HTTP/1.1" 200 1805 "-" "Mozilla/5.0 (compatible; Googlebot/2.1; +http://www.google.com/bot.html)"
1.75.0.36 - - [15/Feb/2018:10:13:11 +0000] "GET / HTTP/1.1" 200 1786 "-" "Mozilla/5.0 (iPhone; CPU iPhone OS 11_2 like Mac OS X) AppleWebKit/604.4.7 (KHTML, like Gecko) Version/11.0 Mobile/15C114 Safari/604.1"
1.75.0.36 - - [15/Feb/2018:10:13:11 +0000] "GET / HTTP/1.1" 200 1791 "http://arbcoin.live/" "Mozilla/5.0 (iPhone; CPU iPhone OS 11_2 like Mac OS X) AppleWebKit/604.4.7 (KHTML, like Gecko) Version/11.0 Mobile/15C114 Safari/604.1"
1.75.0.36 - - [15/Feb/2018:10:13:19 +0000] "GET / HTTP/1.1" 200 1786 "-" "Mozilla/5.0 (iPhone; CPU iPhone OS 11_2 like Mac OS X) AppleWebKit/604.4.7 (KHTML, like Gecko) Version/11.0 Mobile/15C114 Safari/604.1"
1.75.0.36 - - [15/Feb/2018:10:13:35 +0000] "GET / HTTP/1.1" 200 1798 "-" "Mozilla/5.0 (iPhone; CPU iPhone OS 11_2 like Mac OS X) AppleWebKit/604.4.7 (KHTML, like Gecko) Version/11.0 Mobile/15C114 Safari/604.1"
1.75.0.36 - - [15/Feb/2018:10:13:35 +0000] "GET /apple-touch-icon-120x120-precomposed.png HTTP/1.1" 404 746 "-" "MobileSafari/604.1 CFNetwork/893.14.2 Darwin/17.3.0"
1.75.0.36 - - [15/Feb/2018:10:13:35 +0000] "GET /apple-touch-icon-120x120.png HTTP/1.1" 404 746 "-" "MobileSafari/604.1 CFNetwork/893.14.2 Darwin/17.3.0"
1.75.0.36 - - [15/Feb/2018:10:13:35 +0000] "GET /apple-touch-icon-120x120-precomposed.png HTTP/1.1" 404 746 "-" "MobileSafari/604.1 CFNetwork/893.14.2 Darwin/17.3.0"
1.75.0.36 - - [15/Feb/2018:10:13:35 +0000] "GET /apple-touch-icon-120x120.png HTTP/1.1" 404 746 "-" "MobileSafari/604.1 CFNetwork/893.14.2 Darwin/17.3.0"
1.75.0.36 - - [15/Feb/2018:10:13:41 +0000] "GET / HTTP/1.1" 200 1811 "-" "Mozilla/5.0 (iPhone; CPU iPhone OS 11_2 like Mac OS X) AppleWebKit/604.4.7 (KHTML, like Gecko) Version/11.0 Mobile/15C114 Safari/604.1"
1.75.0.36 - - [15/Feb/2018:10:14:08 +0000] "GET / HTTP/1.1" 200 1810 "-" "Mozilla/5.0 (iPhone; CPU iPhone OS 11_2 like Mac OS X) AppleWebKit/604.4.7 (KHTML, like Gecko) Version/11.0 Mobile/15C114 Safari/604.1"
1.75.0.36 - - [15/Feb/2018:10:32:38 +0000] "GET / HTTP/1.1" 200 1799 "-" "Mozilla/5.0 (iPhone; CPU iPhone OS 11_2 like Mac OS X) AppleWebKit/604.4.7 (KHTML, like Gecko) Version/11.0 Mobile/15C114 Safari/604.1"
66.249.64.17 - - [15/Feb/2018:11:22:31 +0000] "GET / HTTP/1.1" 200 1796 "-" "Mozilla/5.0 (Linux; Android 6.0.1; Nexus 5X Build/MMB29P) AppleWebKit/537.36 (KHTML, like Gecko) Chrome/41.0.2272.96 Mobile Safari/537.36 (compatible; Googlebot/2.1; +http://www.google.com/bot.html)"
66.249.64.18 - - [15/Feb/2018:11:37:24 +0000] "GET / HTTP/1.1" 200 1789 "-" "Mozilla/5.0 (compatible; Googlebot/2.1; +http://www.google.com/bot.html)"
38.100.21.68 - - [15/Feb/2018:12:15:27 +0000] "GET / HTTP/1.1" 200 9850 "-" "Mozilla/4.0 (compatible; MSIE 7.0; Windows NT 5.2)"
1.75.0.36 - - [15/Feb/2018:12:55:49 +0000] "GET / HTTP/1.1" 200 1800 "-" "Mozilla/5.0 (iPhone; CPU iPhone OS 11_2 like Mac OS X) AppleWebKit/604.4.7 (KHTML, like Gecko) Version/11.0 Mobile/15C114 Safari/604.1"
1.75.0.36 - - [15/Feb/2018:12:55:49 +0000] "GET /apple-touch-icon-120x120-precomposed.png HTTP/1.1" 404 746 "-" "MobileSafari/604.1 CFNetwork/893.14.2 Darwin/17.3.0"
1.75.0.36 - - [15/Feb/2018:12:55:49 +0000] "GET /apple-touch-icon-120x120.png HTTP/1.1" 404 746 "-" "MobileSafari/604.1 CFNetwork/893.14.2 Darwin/17.3.0"
1.75.0.36 - - [15/Feb/2018:12:55:50 +0000] "GET /apple-touch-icon-120x120-precomposed.png HTTP/1.1" 404 746 "-" "MobileSafari/604.1 CFNetwork/893.14.2 Darwin/17.3.0"
1.75.0.36 - - [15/Feb/2018:12:55:50 +0000] "GET /apple-touch-icon-120x120.png HTTP/1.1" 404 746 "-" "MobileSafari/604.1 CFNetwork/893.14.2 Darwin/17.3.0"
66.249.64.17 - - [15/Feb/2018:13:47:48 +0000] "GET / HTTP/1.1" 200 1785 "-" "Mozilla/5.0 (Linux; Android 6.0.1; Nexus 5X Build/MMB29P) AppleWebKit/537.36 (KHTML, like Gecko) Chrome/41.0.2272.96 Mobile Safari/537.36 (compatible; Googlebot/2.1; +http://www.google.com/bot.html)"
1.75.0.36 - - [15/Feb/2018:14:26:55 +0000] "GET / HTTP/1.1" 200 1781 "-" "Mozilla/5.0 (iPhone; CPU iPhone OS 11_2 like Mac OS X) AppleWebKit/604.4.7 (KHTML, like Gecko) Version/11.0 Mobile/15C114 Safari/604.1"
1.75.0.36 - - [15/Feb/2018:14:26:55 +0000] "GET /apple-touch-icon-120x120-precomposed.png HTTP/1.1" 404 746 "-" "MobileSafari/604.1 CFNetwork/893.14.2 Darwin/17.3.0"
1.75.0.36 - - [15/Feb/2018:14:26:55 +0000] "GET /apple-touch-icon-120x120.png HTTP/1.1" 404 746 "-" "MobileSafari/604.1 CFNetwork/893.14.2 Darwin/17.3.0"
1.75.0.36 - - [15/Feb/2018:14:26:55 +0000] "GET /apple-touch-icon-120x120-precomposed.png HTTP/1.1" 404 746 "-" "MobileSafari/604.1 CFNetwork/893.14.2 Darwin/17.3.0"
1.75.0.36 - - [15/Feb/2018:14:26:55 +0000] "GET /apple-touch-icon-120x120.png HTTP/1.1" 404 746 "-" "MobileSafari/604.1 CFNetwork/893.14.2 Darwin/17.3.0"
113.147.67.193 - - [15/Feb/2018:14:40:24 +0000] "GET / HTTP/1.1" 200 1788 "-" "Mozilla/5.0 (Macintosh; Intel Mac OS X 10_13_3) AppleWebKit/537.36 (KHTML, like Gecko) Chrome/64.0.3282.140 Safari/537.36"
113.147.67.193 - - [15/Feb/2018:14:42:58 +0000] "GET / HTTP/1.1" 200 1791 "-" "Mozilla/5.0 (Macintosh; Intel Mac OS X 10_13_3) AppleWebKit/537.36 (KHTML, like Gecko) Chrome/64.0.3282.140 Safari/537.36"
113.147.67.193 - - [15/Feb/2018:15:12:18 +0000] "GET / HTTP/1.1" 200 1781 "-" "Mozilla/5.0 (Macintosh; Intel Mac OS X 10_13_3) AppleWebKit/537.36 (KHTML, like Gecko) Chrome/64.0.3282.140 Safari/537.36"
66.249.64.18 - - [15/Feb/2018:15:43:23 +0000] "GET / HTTP/1.1" 200 1777 "-" "Mozilla/5.0 (compatible; Googlebot/2.1; +http://www.google.com/bot.html)"
113.147.67.193 - - [15/Feb/2018:16:40:08 +0000] "GET / HTTP/1.1" 200 1787 "-" "Mozilla/5.0 (Macintosh; Intel Mac OS X 10_13_3) AppleWebKit/537.36 (KHTML, like Gecko) Chrome/64.0.3282.140 Safari/537.36"
113.147.67.193 - - [15/Feb/2018:16:40:18 +0000] "GET / HTTP/1.1" 200 1791 "-" "Mozilla/5.0 (Macintosh; Intel Mac OS X 10_13_3) AppleWebKit/537.36 (KHTML, like Gecko) Chrome/64.0.3282.140 Safari/537.36"
113.147.67.193 - - [15/Feb/2018:16:42:19 +0000] "GET / HTTP/1.1" 200 1791 "-" "Mozilla/5.0 (Macintosh; Intel Mac OS X 10_13_3) AppleWebKit/537.36 (KHTML, like Gecko) Chrome/64.0.3282.140 Safari/537.36"
113.147.67.193 - - [15/Feb/2018:16:43:02 +0000] "GET / HTTP/1.1" 200 1783 "-" "Mozilla/5.0 (Macintosh; Intel Mac OS X 10_13_3) AppleWebKit/537.36 (KHTML, like Gecko) Chrome/64.0.3282.140 Safari/537.36"
113.147.67.193 - - [15/Feb/2018:16:45:11 +0000] "GET / HTTP/1.1" 200 1797 "-" "Mozilla/5.0 (Macintosh; Intel Mac OS X 10_13_3) AppleWebKit/537.36 (KHTML, like Gecko) Chrome/64.0.3282.140 Safari/537.36"
113.147.67.193 - - [15/Feb/2018:16:46:54 +0000] "GET / HTTP/1.1" 200 1807 "-" "Mozilla/5.0 (Macintosh; Intel Mac OS X 10_13_3) AppleWebKit/537.36 (KHTML, like Gecko) Chrome/64.0.3282.140 Safari/537.36"
113.147.67.193 - - [15/Feb/2018:16:47:44 +0000] "GET / HTTP/1.1" 200 1807 "-" "Mozilla/5.0 (Macintosh; Intel Mac OS X 10_13_3) AppleWebKit/537.36 (KHTML, like Gecko) Chrome/64.0.3282.140 Safari/537.36"
113.147.67.193 - - [15/Feb/2018:16:48:33 +0000] "GET / HTTP/1.1" 200 1808 "-" "Mozilla/5.0 (Macintosh; Intel Mac OS X 10_13_3) AppleWebKit/537.36 (KHTML, like Gecko) Chrome/64.0.3282.140 Safari/537.36"
113.147.67.193 - - [15/Feb/2018:16:50:47 +0000] "GET / HTTP/1.1" 200 1795 "-" "Mozilla/5.0 (Macintosh; Intel Mac OS X 10_13_3) AppleWebKit/537.36 (KHTML, like Gecko) Chrome/64.0.3282.140 Safari/537.36"
113.147.67.193 - - [15/Feb/2018:16:53:21 +0000] "GET / HTTP/1.1" 200 1797 "-" "Mozilla/5.0 (Macintosh; Intel Mac OS X 10_13_3) AppleWebKit/537.36 (KHTML, like Gecko) Chrome/64.0.3282.140 Safari/537.36"
113.147.67.193 - - [15/Feb/2018:16:55:16 +0000] "GET / HTTP/1.1" 200 1808 "-" "Mozilla/5.0 (Macintosh; Intel Mac OS X 10_13_3) AppleWebKit/537.36 (KHTML, like Gecko) Chrome/64.0.3282.140 Safari/537.36"
113.147.67.193 - - [15/Feb/2018:16:56:55 +0000] "GET / HTTP/1.1" 200 1792 "-" "Mozilla/5.0 (Macintosh; Intel Mac OS X 10_13_3) AppleWebKit/537.36 (KHTML, like Gecko) Chrome/64.0.3282.140 Safari/537.36"
113.147.67.193 - - [15/Feb/2018:17:01:06 +0000] "GET / HTTP/1.1" 200 1796 "-" "Mozilla/5.0 (Macintosh; Intel Mac OS X 10_13_3) AppleWebKit/537.36 (KHTML, like Gecko) Chrome/64.0.3282.140 Safari/537.36"
113.147.67.193 - - [15/Feb/2018:17:09:03 +0000] "GET / HTTP/1.1" 200 1786 "-" "Mozilla/5.0 (Macintosh; Intel Mac OS X 10_13_3) AppleWebKit/537.36 (KHTML, like Gecko) Chrome/64.0.3282.140 Safari/537.36"
113.147.67.193 - - [15/Feb/2018:17:09:21 +0000] "GET / HTTP/1.1" 200 1789 "-" "Mozilla/5.0 (Macintosh; Intel Mac OS X 10_13_3) AppleWebKit/537.36 (KHTML, like Gecko) Chrome/64.0.3282.140 Safari/537.36"
113.147.67.193 - - [15/Feb/2018:17:13:47 +0000] "GET / HTTP/1.1" 200 1802 "-" "Mozilla/5.0 (Macintosh; Intel Mac OS X 10_13_3) AppleWebKit/537.36 (KHTML, like Gecko) Chrome/64.0.3282.140 Safari/537.36"
113.147.67.193 - - [15/Feb/2018:17:14:52 +0000] "GET / HTTP/1.1" 200 1794 "-" "Mozilla/5.0 (Macintosh; Intel Mac OS X 10_13_3) AppleWebKit/537.36 (KHTML, like Gecko) Chrome/64.0.3282.140 Safari/537.36"
113.147.67.193 - - [15/Feb/2018:17:29:03 +0000] "GET / HTTP/1.1" 200 1792 "-" "Mozilla/5.0 (Macintosh; Intel Mac OS X 10_13_3) AppleWebKit/537.36 (KHTML, like Gecko) Chrome/64.0.3282.140 Safari/537.36"
113.147.67.193 - - [15/Feb/2018:17:32:10 +0000] "GET / HTTP/1.1" 200 1789 "-" "Mozilla/5.0 (Macintosh; Intel Mac OS X 10_13_3) AppleWebKit/537.36 (KHTML, like Gecko) Chrome/64.0.3282.140 Safari/537.36"
113.147.67.193 - - [15/Feb/2018:17:48:07 +0000] "GET / HTTP/1.1" 200 1796 "-" "Mozilla/5.0 (Macintosh; Intel Mac OS X 10_13_3) AppleWebKit/537.36 (KHTML, like Gecko) Chrome/64.0.3282.140 Safari/537.36"
66.249.64.17 - - [15/Feb/2018:19:44:22 +0000] "GET / HTTP/1.1" 200 1784 "-" "Mozilla/5.0 (Linux; Android 6.0.1; Nexus 5X Build/MMB29P) AppleWebKit/537.36 (KHTML, like Gecko) Chrome/41.0.2272.96 Mobile Safari/537.36 (compatible; Googlebot/2.1; +http://www.google.com/bot.html)"
115.215.216.225 - - [15/Feb/2018:21:25:12 +0000] "GET /plugins/ckeditor/inc/elfinder/connector.php HTTP/1.1" 404 746 "-" "Mozilla/5.0 (Windows NT 10.0; Win64; x64) AppleWebKit/537.36 (KHTML, like Gecko) Chrome/64.0.3282.140 Safari/537.36"
115.215.216.225 - - [15/Feb/2018:21:25:12 +0000] "GET /sites/all/libraries/elfinder/connectors/php/connector.php HTTP/1.1" 404 746 "-" "Mozilla/5.0 (Windows NT 10.0; Win64; x64) AppleWebKit/537.36 (KHTML, like Gecko) Chrome/64.0.3282.140 Safari/537.36"
115.215.216.225 - - [15/Feb/2018:21:25:12 +0000] "GET /system/elfinder/php/connector.php HTTP/1.1" 404 746 "-" "Mozilla/5.0 (Windows NT 10.0; Win64; x64) AppleWebKit/537.36 (KHTML, like Gecko) Chrome/64.0.3282.140 Safari/537.36"
115.215.216.225 - - [15/Feb/2018:21:25:12 +0000] "GET /resource/plugins/elfinder/connectors/php/connector.php HTTP/1.1" 404 746 "-" "Mozilla/5.0 (Windows NT 10.0; Win64; x64) AppleWebKit/537.36 (KHTML, like Gecko) Chrome/64.0.3282.140 Safari/537.36"
115.215.216.225 - - [15/Feb/2018:21:25:12 +0000] "GET /vendor/admin/vendor/plugins/elfinder/php/connector.php HTTP/1.1" 404 746 "-" "Mozilla/5.0 (Windows NT 10.0; Win64; x64) AppleWebKit/537.36 (KHTML, like Gecko) Chrome/64.0.3282.140 Safari/537.36"
115.215.216.225 - - [15/Feb/2018:21:25:12 +0000] "GET /templates/member/elfinder/php/connector.php HTTP/1.1" 404 746 "-" "Mozilla/5.0 (Windows NT 10.0; Win64; x64) AppleWebKit/537.36 (KHTML, like Gecko) Chrome/64.0.3282.140 Safari/537.36"
115.215.216.225 - - [15/Feb/2018:21:25:12 +0000] "GET /admin/elfinder/connectors/php/connector.php HTTP/1.1" 404 746 "-" "Mozilla/5.0 (Windows NT 10.0; Win64; x64) AppleWebKit/537.36 (KHTML, like Gecko) Chrome/64.0.3282.140 Safari/537.36"
115.215.216.225 - - [15/Feb/2018:21:25:12 +0000] "GET /sites/all/libraries/elfinder/src/connectors/php/connector.php HTTP/1.1" 404 746 "-" "Mozilla/5.0 (Windows NT 10.0; Win64; x64) AppleWebKit/537.36 (KHTML, like Gecko) Chrome/64.0.3282.140 Safari/537.36"
115.215.216.225 - - [15/Feb/2018:21:25:12 +0000] "GET /libraries/elfinder/php/connector.php HTTP/1.1" 404 746 "-" "Mozilla/5.0 (Windows NT 10.0; Win64; x64) AppleWebKit/537.36 (KHTML, like Gecko) Chrome/64.0.3282.140 Safari/537.36"
115.215.216.225 - - [15/Feb/2018:21:25:12 +0000] "GET /scripts/elfinder/connectors/php/connector.php HTTP/1.1" 404 746 "-" "Mozilla/5.0 (Windows NT 10.0; Win64; x64) AppleWebKit/537.36 (KHTML, like Gecko) Chrome/64.0.3282.140 Safari/537.36"
115.215.216.225 - - [15/Feb/2018:21:25:19 +0000] "GET /sites/all/libraries/elfinder/connectors/php/connector.php HTTP/1.1" 404 746 "-" "Mozilla/5.0 (Windows NT 10.0; Win64; x64) AppleWebKit/537.36 (KHTML, like Gecko) Chrome/64.0.3282.140 Safari/537.36"
115.215.216.225 - - [15/Feb/2018:21:25:19 +0000] "GET /plugins/ckeditor/inc/elfinder/connector.php HTTP/1.1" 404 746 "-" "Mozilla/5.0 (Windows NT 10.0; Win64; x64) AppleWebKit/537.36 (KHTML, like Gecko) Chrome/64.0.3282.140 Safari/537.36"
115.215.216.225 - - [15/Feb/2018:21:25:19 +0000] "GET /libraries/elfinder/php/connector.php HTTP/1.1" 404 746 "-" "Mozilla/5.0 (Windows NT 10.0; Win64; x64) AppleWebKit/537.36 (KHTML, like Gecko) Chrome/64.0.3282.140 Safari/537.36"
115.215.216.225 - - [15/Feb/2018:21:25:19 +0000] "GET /resource/plugins/elfinder/connectors/php/connector.php HTTP/1.1" 404 746 "-" "Mozilla/5.0 (Windows NT 10.0; Win64; x64) AppleWebKit/537.36 (KHTML, like Gecko) Chrome/64.0.3282.140 Safari/537.36"
115.215.216.225 - - [15/Feb/2018:21:25:19 +0000] "GET /vendor/admin/vendor/plugins/elfinder/php/connector.php HTTP/1.1" 404 746 "-" "Mozilla/5.0 (Windows NT 10.0; Win64; x64) AppleWebKit/537.36 (KHTML, like Gecko) Chrome/64.0.3282.140 Safari/537.36"
115.215.216.225 - - [15/Feb/2018:21:25:19 +0000] "GET /templates/member/elfinder/php/connector.php HTTP/1.1" 404 746 "-" "Mozilla/5.0 (Windows NT 10.0; Win64; x64) AppleWebKit/537.36 (KHTML, like Gecko) Chrome/64.0.3282.140 Safari/537.36"
115.215.216.225 - - [15/Feb/2018:21:25:19 +0000] "GET /sites/all/libraries/elfinder/src/connectors/php/connector.php HTTP/1.1" 404 746 "-" "Mozilla/5.0 (Windows NT 10.0; Win64; x64) AppleWebKit/537.36 (KHTML, like Gecko) Chrome/64.0.3282.140 Safari/537.36"
115.215.216.225 - - [15/Feb/2018:21:25:19 +0000] "GET /admin/elfinder/connectors/php/connector.php HTTP/1.1" 404 746 "-" "Mozilla/5.0 (Windows NT 10.0; Win64; x64) AppleWebKit/537.36 (KHTML, like Gecko) Chrome/64.0.3282.140 Safari/537.36"
115.215.216.225 - - [15/Feb/2018:21:25:19 +0000] "GET /system/elfinder/php/connector.php HTTP/1.1" 404 746 "-" "Mozilla/5.0 (Windows NT 10.0; Win64; x64) AppleWebKit/537.36 (KHTML, like Gecko) Chrome/64.0.3282.140 Safari/537.36"
115.215.216.225 - - [15/Feb/2018:21:25:19 +0000] "GET /scripts/elfinder/connectors/php/connector.php HTTP/1.1" 404 746 "-" "Mozilla/5.0 (Windows NT 10.0; Win64; x64) AppleWebKit/537.36 (KHTML, like Gecko) Chrome/64.0.3282.140 Safari/537.36"
114.221.127.63 - - [15/Feb/2018:21:40:49 +0000] "GET / HTTP/1.1" 200 1785 "-" "Mozilla/5.0 (iPhone; CPU iPhone OS 9_1 like Mac OS X) AppleWebKit/601.1.46 (KHTML, like Gecko) Version/9.0 Mobile/13B143 Safari/601.1"
66.249.64.19 - - [15/Feb/2018:21:48:07 +0000] "GET / HTTP/1.1" 200 1778 "-" "Mozilla/5.0 (compatible; Googlebot/2.1; +http://www.google.com/bot.html)"
159.203.110.102 - - [15/Feb/2018:22:53:46 +0000] "GET / HTTP/1.1" 200 1801 "http://arbcoin.live" "Mozilla/5.0 (compatible; DnyzBot/1.0)"
167.114.103.181 - - [16/Feb/2018:00:21:42 +0000] "GET / HTTP/1.1" 200 9855 "-" "Mozilla/5.0 (Windows NT 6.3; WOW64) AppleWebKit/537.36 (KHTML, like Gecko) Chrome/41.0.2272.118 Safari/537.36"
167.114.103.181 - - [16/Feb/2018:00:21:44 +0000] "GET / HTTP/1.1" 200 9855 "-" "Mozilla/5.0 (iPhone; CPU iPhone OS 6_0 like Mac OS X) AppleWebKit/536.26 (KHTML, like Gecko) Version/6.0 Mobile/10A5376e Safari/8536.25"
66.249.64.17 - - [16/Feb/2018:00:27:40 +0000] "GET / HTTP/1.1" 200 1810 "-" "Mozilla/5.0 (Linux; Android 6.0.1; Nexus 5X Build/MMB29P) AppleWebKit/537.36 (KHTML, like Gecko) Chrome/41.0.2272.96 Mobile Safari/537.36 (compatible; Googlebot/2.1; +http://www.google.com/bot.html)"
113.147.67.193 - - [16/Feb/2018:01:49:49 +0000] "GET / HTTP/1.1" 200 1822 "-" "Mozilla/5.0 (Macintosh; Intel Mac OS X 10_13_3) AppleWebKit/537.36 (KHTML, like Gecko) Chrome/64.0.3282.140 Safari/537.36"
113.147.67.193 - - [16/Feb/2018:01:54:30 +0000] "GET / HTTP/1.1" 200 1805 "-" "Mozilla/5.0 (Macintosh; Intel Mac OS X 10_13_3) AppleWebKit/537.36 (KHTML, like Gecko) Chrome/64.0.3282.140 Safari/537.36"
113.147.67.193 - - [16/Feb/2018:01:56:50 +0000] "GET / HTTP/1.1" 200 1813 "-" "Mozilla/5.0 (Macintosh; Intel Mac OS X 10_13_3) AppleWebKit/537.36 (KHTML, like Gecko) Chrome/64.0.3282.140 Safari/537.36"
113.147.67.193 - - [16/Feb/2018:01:59:36 +0000] "GET / HTTP/1.1" 200 1803 "-" "Mozilla/5.0 (Macintosh; Intel Mac OS X 10_13_3) AppleWebKit/537.36 (KHTML, like Gecko) Chrome/64.0.3282.140 Safari/537.36"
113.147.67.193 - - [16/Feb/2018:02:04:03 +0000] "GET / HTTP/1.1" 200 1794 "-" "Mozilla/5.0 (Macintosh; Intel Mac OS X 10_13_3) AppleWebKit/537.36 (KHTML, like Gecko) Chrome/64.0.3282.140 Safari/537.36"
113.147.67.193 - - [16/Feb/2018:02:08:36 +0000] "GET / HTTP/1.1" 200 1797 "-" "Mozilla/5.0 (Macintosh; Intel Mac OS X 10_13_3) AppleWebKit/537.36 (KHTML, like Gecko) Chrome/64.0.3282.140 Safari/537.36"
113.147.67.193 - - [16/Feb/2018:02:11:45 +0000] "GET / HTTP/1.1" 200 1800 "-" "Mozilla/5.0 (Macintosh; Intel Mac OS X 10_13_3) AppleWebKit/537.36 (KHTML, like Gecko) Chrome/64.0.3282.140 Safari/537.36"
113.147.67.193 - - [16/Feb/2018:02:21:06 +0000] "GET / HTTP/1.1" 200 1801 "-" "Mozilla/5.0 (iPhone; CPU iPhone OS 11_2 like Mac OS X) AppleWebKit/604.4.7 (KHTML, like Gecko) Version/11.0 Mobile/15C114 Safari/604.1"
115.239.212.10 - - [16/Feb/2018:02:21:26 +0000] "GET / HTTP/1.1" 200 1802 "http://www.baidu.com/s?wd=7ND" "Mozilla/5.0 (Windows NT 6.1; WOW64; rv:43.0) Gecko/20100101 Firefox/43.0"
113.147.67.193 - - [16/Feb/2018:02:24:08 +0000] "GET / HTTP/1.1" 200 1803 "-" "Mozilla/5.0 (iPhone; CPU iPhone OS 11_2 like Mac OS X) AppleWebKit/604.4.7 (KHTML, like Gecko) Version/11.0 Mobile/15C114 Safari/604.1"
177.83.240.48 - - [16/Feb/2018:02:24:51 +0000] "GET / HTTP/1.1" 200 1801 "-" "Mozilla/5.0 (Windows NT 6.1; rv:45.0) Gecko/20100101 Firefox/45.0"
1.75.0.36 - - [16/Feb/2018:02:36:01 +0000] "GET / HTTP/1.1" 499 0 "-" "Mozilla/5.0 (iPhone; CPU iPhone OS 11_2 like Mac OS X) AppleWebKit/604.4.7 (KHTML, like Gecko) Version/11.0 Mobile/15C114 Safari/604.1"
1.75.0.36 - - [16/Feb/2018:02:36:04 +0000] "GET / HTTP/1.1" 200 1790 "-" "Mozilla/5.0 (iPhone; CPU iPhone OS 11_2 like Mac OS X) AppleWebKit/604.4.7 (KHTML, like Gecko) Version/11.0 Mobile/15C114 Safari/604.1"
1.75.0.36 - - [16/Feb/2018:02:40:06 +0000] "GET / HTTP/1.1" 200 1811 "-" "Mozilla/5.0 (iPhone; CPU iPhone OS 11_2 like Mac OS X) AppleWebKit/604.4.7 (KHTML, like Gecko) Version/11.0 Mobile/15C114 Safari/604.1"
1.75.0.36 - - [16/Feb/2018:02:42:18 +0000] "GET / HTTP/1.1" 200 1809 "-" "Mozilla/5.0 (iPhone; CPU iPhone OS 11_2 like Mac OS X) AppleWebKit/604.4.7 (KHTML, like Gecko) Version/11.0 Mobile/15C114 Safari/604.1"
1.75.0.36 - - [16/Feb/2018:02:42:31 +0000] "GET / HTTP/1.1" 200 1804 "-" "Mozilla/5.0 (iPhone; CPU iPhone OS 11_2 like Mac OS X) AppleWebKit/604.4.7 (KHTML, like Gecko) Version/11.0 Mobile/15C114 Safari/604.1"
1.75.0.36 - - [16/Feb/2018:02:42:32 +0000] "GET /apple-touch-icon-120x120-precomposed.png HTTP/1.1" 404 746 "-" "MobileSafari/604.1 CFNetwork/893.14.2 Darwin/17.3.0"
1.75.0.36 - - [16/Feb/2018:02:42:32 +0000] "GET /apple-touch-icon-120x120.png HTTP/1.1" 404 746 "-" "MobileSafari/604.1 CFNetwork/893.14.2 Darwin/17.3.0"
1.75.0.36 - - [16/Feb/2018:02:42:32 +0000] "GET /apple-touch-icon-120x120-precomposed.png HTTP/1.1" 404 746 "-" "MobileSafari/604.1 CFNetwork/893.14.2 Darwin/17.3.0"
1.75.0.36 - - [16/Feb/2018:02:42:32 +0000] "GET /apple-touch-icon-120x120.png HTTP/1.1" 404 746 "-" "MobileSafari/604.1 CFNetwork/893.14.2 Darwin/17.3.0"
1.75.0.36 - - [16/Feb/2018:02:44:25 +0000] "GET / HTTP/1.1" 200 1793 "-" "Mozilla/5.0 (iPhone; CPU iPhone OS 11_2 like Mac OS X) AppleWebKit/604.4.7 (KHTML, like Gecko) Version/11.0 Mobile/15C114 Safari/604.1"
118.6.205.26 - - [16/Feb/2018:03:27:50 +0000] "GET / HTTP/1.1" 200 1797 "-" "Mozilla/5.0 (Macintosh; Intel Mac OS X 10_13_3) AppleWebKit/537.36 (KHTML, like Gecko) Chrome/64.0.3282.140 Safari/537.36"
118.6.205.26 - - [16/Feb/2018:03:33:24 +0000] "GET / HTTP/1.1" 200 1799 "-" "Mozilla/5.0 (Macintosh; Intel Mac OS X 10_13_3) AppleWebKit/537.36 (KHTML, like Gecko) Chrome/64.0.3282.140 Safari/537.36"
118.6.205.26 - - [16/Feb/2018:03:36:17 +0000] "GET / HTTP/1.1" 200 1785 "-" "Mozilla/5.0 (Macintosh; Intel Mac OS X 10_13_3) AppleWebKit/537.36 (KHTML, like Gecko) Chrome/64.0.3282.140 Safari/537.36"
118.6.205.26 - - [16/Feb/2018:03:37:17 +0000] "GET / HTTP/1.1" 200 1804 "-" "Mozilla/5.0 (Macintosh; Intel Mac OS X 10_13_3) AppleWebKit/537.36 (KHTML, like Gecko) Chrome/64.0.3282.140 Safari/537.36"
118.6.205.26 - - [16/Feb/2018:03:38:17 +0000] "GET / HTTP/1.1" 200 1804 "-" "Mozilla/5.0 (Macintosh; Intel Mac OS X 10_13_3) AppleWebKit/537.36 (KHTML, like Gecko) Chrome/64.0.3282.140 Safari/537.36"
1.75.0.36 - - [16/Feb/2018:04:06:43 +0000] "GET / HTTP/1.1" 200 1818 "-" "Mozilla/5.0 (iPhone; CPU iPhone OS 11_2 like Mac OS X) AppleWebKit/604.4.7 (KHTML, like Gecko) Version/11.0 Mobile/15C114 Safari/604.1"
1.75.0.36 - - [16/Feb/2018:04:06:43 +0000] "GET /apple-touch-icon-120x120-precomposed.png HTTP/1.1" 404 746 "-" "MobileSafari/604.1 CFNetwork/893.14.2 Darwin/17.3.0"
1.75.0.36 - - [16/Feb/2018:04:06:43 +0000] "GET /apple-touch-icon-120x120.png HTTP/1.1" 404 746 "-" "MobileSafari/604.1 CFNetwork/893.14.2 Darwin/17.3.0"
1.75.0.36 - - [16/Feb/2018:04:06:44 +0000] "GET /apple-touch-icon-120x120-precomposed.png HTTP/1.1" 404 746 "-" "MobileSafari/604.1 CFNetwork/893.14.2 Darwin/17.3.0"
1.75.0.36 - - [16/Feb/2018:04:06:44 +0000] "GET /apple-touch-icon-120x120.png HTTP/1.1" 404 746 "-" "MobileSafari/604.1 CFNetwork/893.14.2 Darwin/17.3.0"
118.6.205.26 - - [16/Feb/2018:05:05:25 +0000] "GET / HTTP/1.1" 200 1805 "-" "Mozilla/5.0 (Macintosh; Intel Mac OS X 10_13_3) AppleWebKit/537.36 (KHTML, like Gecko) Chrome/64.0.3282.140 Safari/537.36"
118.6.205.26 - - [16/Feb/2018:05:05:38 +0000] "GET / HTTP/1.1" 200 1806 "-" "Mozilla/5.0 (Macintosh; Intel Mac OS X 10_13_3) AppleWebKit/537.36 (KHTML, like Gecko) Chrome/64.0.3282.140 Safari/537.36"
118.6.205.26 - - [16/Feb/2018:05:06:38 +0000] "GET / HTTP/1.1" 200 1802 "-" "Mozilla/5.0 (Macintosh; Intel Mac OS X 10_13_3) AppleWebKit/537.36 (KHTML, like Gecko) Chrome/64.0.3282.140 Safari/537.36"
118.6.205.26 - - [16/Feb/2018:05:07:40 +0000] "GET / HTTP/1.1" 200 1784 "-" "Mozilla/5.0 (Macintosh; Intel Mac OS X 10_13_3) AppleWebKit/537.36 (KHTML, like Gecko) Chrome/64.0.3282.140 Safari/537.36"
118.6.205.26 - - [16/Feb/2018:05:08:56 +0000] "GET / HTTP/1.1" 200 1800 "-" "Mozilla/5.0 (Macintosh; Intel Mac OS X 10_13_3) AppleWebKit/537.36 (KHTML, like Gecko) Chrome/64.0.3282.140 Safari/537.36"
118.6.205.26 - - [16/Feb/2018:05:10:28 +0000] "GET / HTTP/1.1" 200 1800 "-" "Mozilla/5.0 (Macintosh; Intel Mac OS X 10_13_3) AppleWebKit/537.36 (KHTML, like Gecko) Chrome/64.0.3282.140 Safari/537.36"
118.6.205.26 - - [16/Feb/2018:05:10:32 +0000] "GET / HTTP/1.1" 200 1803 "-" "Mozilla/5.0 (Macintosh; Intel Mac OS X 10_13_3) AppleWebKit/537.36 (KHTML, like Gecko) Chrome/64.0.3282.140 Safari/537.36"
118.6.205.26 - - [16/Feb/2018:05:13:05 +0000] "GET / HTTP/1.1" 200 1795 "-" "Mozilla/5.0 (Macintosh; Intel Mac OS X 10_13_3) AppleWebKit/537.36 (KHTML, like Gecko) Chrome/64.0.3282.140 Safari/537.36"
118.6.205.26 - - [16/Feb/2018:05:15:17 +0000] "GET / HTTP/1.1" 200 1806 "-" "Mozilla/5.0 (Macintosh; Intel Mac OS X 10_13_3) AppleWebKit/537.36 (KHTML, like Gecko) Chrome/64.0.3282.140 Safari/537.36"
118.6.205.26 - - [16/Feb/2018:05:15:42 +0000] "GET / HTTP/1.1" 200 1806 "-" "Mozilla/5.0 (Macintosh; Intel Mac OS X 10_13_3) AppleWebKit/537.36 (KHTML, like Gecko) Chrome/64.0.3282.140 Safari/537.36"
118.6.205.26 - - [16/Feb/2018:05:19:46 +0000] "GET / HTTP/1.1" 200 1796 "-" "Mozilla/5.0 (Macintosh; Intel Mac OS X 10_13_3) AppleWebKit/537.36 (KHTML, like Gecko) Chrome/64.0.3282.140 Safari/537.36"
118.6.205.26 - - [16/Feb/2018:05:22:34 +0000] "GET / HTTP/1.1" 200 1790 "-" "Mozilla/5.0 (Macintosh; Intel Mac OS X 10_13_3) AppleWebKit/537.36 (KHTML, like Gecko) Chrome/64.0.3282.140 Safari/537.36"
118.6.205.26 - - [16/Feb/2018:05:23:08 +0000] "GET / HTTP/1.1" 200 1797 "-" "Mozilla/5.0 (Macintosh; Intel Mac OS X 10_13_3) AppleWebKit/537.36 (KHTML, like Gecko) Chrome/64.0.3282.140 Safari/537.36"
118.6.205.26 - - [16/Feb/2018:05:24:55 +0000] "GET / HTTP/1.1" 200 1796 "-" "Mozilla/5.0 (Macintosh; Intel Mac OS X 10_13_3) AppleWebKit/537.36 (KHTML, like Gecko) Chrome/64.0.3282.140 Safari/537.36"
118.6.205.26 - - [16/Feb/2018:05:37:48 +0000] "GET / HTTP/1.1" 200 1795 "-" "Mozilla/5.0 (Macintosh; Intel Mac OS X 10_13_3) AppleWebKit/537.36 (KHTML, like Gecko) Chrome/64.0.3282.140 Safari/537.36"
118.6.205.26 - - [16/Feb/2018:05:48:24 +0000] "GET / HTTP/1.1" 200 1818 "-" "Mozilla/5.0 (Macintosh; Intel Mac OS X 10_13_3) AppleWebKit/537.36 (KHTML, like Gecko) Chrome/64.0.3282.140 Safari/537.36"
118.6.205.26 - - [16/Feb/2018:06:32:34 +0000] "GET / HTTP/1.1" 200 1787 "-" "Mozilla/5.0 (Macintosh; Intel Mac OS X 10_13_3) AppleWebKit/537.36 (KHTML, like Gecko) Chrome/64.0.3282.140 Safari/537.36"
118.6.205.26 - - [16/Feb/2018:06:33:53 +0000] "GET / HTTP/1.1" 200 1810 "-" "Mozilla/5.0 (Macintosh; Intel Mac OS X 10_13_3) AppleWebKit/537.36 (KHTML, like Gecko) Chrome/64.0.3282.140 Safari/537.36"
118.6.205.26 - - [16/Feb/2018:06:34:27 +0000] "GET / HTTP/1.1" 200 1810 "-" "Mozilla/5.0 (Macintosh; Intel Mac OS X 10_13_3) AppleWebKit/537.36 (KHTML, like Gecko) Chrome/64.0.3282.140 Safari/537.36"
118.6.205.26 - - [16/Feb/2018:06:39:17 +0000] "GET / HTTP/1.1" 200 1806 "-" "Mozilla/5.0 (Macintosh; Intel Mac OS X 10_13_3) AppleWebKit/537.36 (KHTML, like Gecko) Chrome/64.0.3282.140 Safari/537.36"
118.6.205.26 - - [16/Feb/2018:06:45:29 +0000] "GET / HTTP/1.1" 200 1787 "-" "Mozilla/5.0 (Macintosh; Intel Mac OS X 10_13_3) AppleWebKit/537.36 (KHTML, like Gecko) Chrome/64.0.3282.140 Safari/537.36"
